Archive member included to satisfy reference by file (symbol)

.pio/build/trellis_synth/lib21b/libAdafruit Zero DMA Library.a(Adafruit_ZeroDMA.cpp.o)
                              .pio/build/trellis_synth/src/trellis_synth.cpp.o (DMAC_0_Handler)
.pio/build/trellis_synth/lib8f4/libAdafruit DMA neopixel library.a(Adafruit_NeoPixel_ZeroDMA.cpp.o)
                              .pio/build/trellis_synth/src/trellis_synth.cpp.o (Adafruit_NeoPixel_ZeroDMA::~Adafruit_NeoPixel_ZeroDMA())
.pio/build/trellis_synth/lib8b3/libAdafruit Keypad.a(Adafruit_Keypad.cpp.o)
                              .pio/build/trellis_synth/src/trellis_synth.cpp.o (Adafruit_Keypad::~Adafruit_Keypad())
.pio/build/trellis_synth/lib8f5/libAdafruit NeoTrellis M4 Library.a(Adafruit_NeoTrellisM4.cpp.o)
                              .pio/build/trellis_synth/src/trellis_synth.cpp.o (Adafruit_NeoTrellisM4::Adafruit_NeoTrellisM4())
.pio/build/trellis_synth/liba3a/libWire.a(Wire.cpp.o)
                              .pio/build/trellis_synth/src/trellis_synth.cpp.o (Wire)
.pio/build/trellis_synth/lib972/libAudio - Adafruit Fork.a(AudioStream.cpp.o)
                              .pio/build/trellis_synth/src/trellis_synth.cpp.o (AudioStream::initialize_memory(audio_block_struct*, unsigned int))
.pio/build/trellis_synth/lib972/libAudio - Adafruit Fork.a(effect_bitcrusher.cpp.o)
                              .pio/build/trellis_synth/src/polysynth32.cpp.o (vtable for AudioEffectBitcrusher)
.pio/build/trellis_synth/lib972/libAudio - Adafruit Fork.a(effect_delay.cpp.o)
                              .pio/build/trellis_synth/src/polysynth32.cpp.o (vtable for AudioEffectDelay)
.pio/build/trellis_synth/lib972/libAudio - Adafruit Fork.a(effect_envelope.cpp.o)
                              .pio/build/trellis_synth/src/cheapguitarnote.cpp.o (AudioEffectEnvelope::noteOn())
.pio/build/trellis_synth/lib972/libAudio - Adafruit Fork.a(filter_variable.cpp.o)
                              .pio/build/trellis_synth/src/cheapguitarnote.cpp.o (vtable for AudioFilterStateVariable)
.pio/build/trellis_synth/lib972/libAudio - Adafruit Fork.a(mixer.cpp.o)
                              .pio/build/trellis_synth/src/polysynth32.cpp.o (vtable for AudioMixer4)
.pio/build/trellis_synth/lib972/libAudio - Adafruit Fork.a(output_dacs.cpp.o)
                              .pio/build/trellis_synth/src/trellis_synth.cpp.o (AudioOutputAnalogStereo::begin())
.pio/build/trellis_synth/lib972/libAudio - Adafruit Fork.a(synth_karplusstrong.cpp.o)
                              .pio/build/trellis_synth/src/guitarnote.cpp.o (vtable for AudioSynthKarplusStrong)
.pio/build/trellis_synth/lib972/libAudio - Adafruit Fork.a(synth_waveform.cpp.o)
                              .pio/build/trellis_synth/src/cheapguitarnote.cpp.o (vtable for AudioSynthWaveform)
.pio/build/trellis_synth/lib972/libAudio - Adafruit Fork.a(data_waveforms.c.o)
                              .pio/build/trellis_synth/lib972/libAudio - Adafruit Fork.a(synth_waveform.cpp.o) (AudioWaveformSine)
.pio/build/trellis_synth/libc22/libAdafruit seesaw Library.a(Adafruit_seesaw.cpp.o)
                              .pio/build/trellis_synth/src/trellis_synth.cpp.o (Adafruit_seesaw::Adafruit_seesaw(TwoWire*))
.pio/build/trellis_synth/libad1/libAdafruit GFX Library.a(Adafruit_GFX.cpp.o)
                              .pio/build/trellis_synth/src/trellis_synth.cpp.o (Adafruit_GFX::setRotation(unsigned char))
.pio/build/trellis_synth/libe0f/libAdafruit SSD1306.a(Adafruit_SSD1306.cpp.o)
                              .pio/build/trellis_synth/src/trellis_synth.cpp.o (Adafruit_SSD1306::Adafruit_SSD1306(unsigned char, unsigned char, TwoWire*, signed char, unsigned long, unsigned long))
.pio/build/trellis_synth/libFrameworkArduinoVariant.a(variant.cpp.o)
                              .pio/build/trellis_synth/lib8f5/libAdafruit NeoTrellis M4 Library.a(Adafruit_NeoTrellisM4.cpp.o) (Serial1)
.pio/build/trellis_synth/libFrameworkArduino.a(Print.cpp.o)
                              .pio/build/trellis_synth/libc22/libAdafruit seesaw Library.a(Adafruit_seesaw.cpp.o) (Print::write(unsigned char const*, unsigned int))
.pio/build/trellis_synth/libFrameworkArduino.a(SERCOM.cpp.o)
                              .pio/build/trellis_synth/libFrameworkArduinoVariant.a(variant.cpp.o) (SERCOM::SERCOM(Sercom*))
.pio/build/trellis_synth/libFrameworkArduino.a(CDC.cpp.o)
                              .pio/build/trellis_synth/src/trellis_synth.cpp.o (Serial_::begin(unsigned long))
.pio/build/trellis_synth/libFrameworkArduino.a(USBCore.cpp.o)
                              .pio/build/trellis_synth/libFrameworkArduino.a(CDC.cpp.o) (USBDeviceClass::available(unsigned long))
.pio/build/trellis_synth/libFrameworkArduino.a(Uart.cpp.o)
                              .pio/build/trellis_synth/lib8f5/libAdafruit NeoTrellis M4 Library.a(Adafruit_NeoTrellisM4.cpp.o) (Uart::begin(unsigned long))
.pio/build/trellis_synth/libFrameworkArduino.a(WMath.cpp.o)
[...]
Memory Configuration

Name             Origin             Length             Attributes
FLASH            0x0000000000004000 0x000000000007c000 xr
RAM              0x0000000020000000 0x0000000000030000 xrw
*default*        0x0000000000000000 0xffffffffffffffff

Linker script and memory map

LOAD /Users/xton/.platformio/packages/toolchain-gccarmnoneeabi/bin/../lib/gcc/arm-none-eabi/9.3.1/thumb/v7e-m+fp/hard/crti.o
LOAD /Users/xton/.platformio/packages/toolchain-gccarmnoneeabi/bin/../lib/gcc/arm-none-eabi/9.3.1/thumb/v7e-m+fp/hard/crtbegin.o
LOAD /Users/xton/.platformio/packages/toolchain-gccarmnoneeabi/bin/../lib/gcc/arm-none-eabi/9.3.1/../../../../arm-none-eabi/lib/thumb/v7e-m+fp/hard/crt0.o
LOAD .pio/build/trellis_synth/src/cheapguitarnote.cpp.o
LOAD .pio/build/trellis_synth/src/effect_dynamics.cpp.o
LOAD .pio/build/trellis_synth/src/guitarnote.cpp.o
LOAD .pio/build/trellis_synth/src/polysynth.cpp.o
LOAD .pio/build/trellis_synth/src/polysynth32.cpp.o
LOAD .pio/build/trellis_synth/src/simplesynthnote.cpp.o
LOAD .pio/build/trellis_synth/src/synthnote.cpp.o
LOAD .pio/build/trellis_synth/src/trellis_synth.cpp.o
START GROUP
LOAD .pio/build/trellis_synth/lib09e/libAdafruit NeoPixel.a
LOAD .pio/build/trellis_synth/lib21b/libAdafruit Zero DMA Library.a
LOAD .pio/build/trellis_synth/libad2/libSPI.a
LOAD .pio/build/trellis_synth/lib8f4/libAdafruit DMA neopixel library.a
LOAD .pio/build/trellis_synth/libdbb/libMIDIUSB.a
LOAD .pio/build/trellis_synth/lib8b3/libAdafruit Keypad.a
LOAD .pio/build/trellis_synth/lib8f5/libAdafruit NeoTrellis M4 Library.a
LOAD .pio/build/trellis_synth/lib67f/libAdafruit Unified Sensor.a
LOAD .pio/build/trellis_synth/liba3a/libWire.a
LOAD .pio/build/trellis_synth/lib2bf/libAdafruit BusIO.a
LOAD .pio/build/trellis_synth/lib65a/libAdafruit ADXL343.a
LOAD .pio/build/trellis_synth/lib251/libSdFat - Adafruit Fork.a
LOAD .pio/build/trellis_synth/lib0a0/libAdafruit SPIFlash.a
LOAD .pio/build/trellis_synth/lib972/libAudio - Adafruit Fork.a
LOAD .pio/build/trellis_synth/libc22/libAdafruit seesaw Library.a
LOAD .pio/build/trellis_synth/libad1/libAdafruit GFX Library.a
LOAD .pio/build/trellis_synth/libe0f/libAdafruit SSD1306.a
LOAD .pio/build/trellis_synth/libFrameworkArduinoVariant.a
LOAD .pio/build/trellis_synth/libFrameworkArduino.a
LOAD /Users/xton/.platformio/packages/framework-cmsis/CMSIS/Lib/GCC/libarm_cortexM4lf_math.a
END GROUP
LOAD /Users/xton/.platformio/packages/toolchain-gccarmnoneeabi/bin/../lib/gcc/arm-none-eabi/9.3.1/../../../../arm-none-eabi/lib/thumb/v7e-m+fp/hard/libstdc++_nano.a
LOAD /Users/xton/.platformio/packages/toolchain-gccarmnoneeabi/bin/../lib/gcc/arm-none-eabi/9.3.1/../../../../arm-none-eabi/lib/thumb/v7e-m+fp/hard/libm.a
START GROUP
LOAD /Users/xton/.platformio/packages/toolchain-gccarmnoneeabi/bin/../lib/gcc/arm-none-eabi/9.3.1/thumb/v7e-m+fp/hard/libgcc.a
LOAD /Users/xton/.platformio/packages/toolchain-gccarmnoneeabi/bin/../lib/gcc/arm-none-eabi/9.3.1/../../../../arm-none-eabi/lib/thumb/v7e-m+fp/hard/libc_nano.a
END GROUP
START GROUP
LOAD /Users/xton/.platformio/packages/toolchain-gccarmnoneeabi/bin/../lib/gcc/arm-none-eabi/9.3.1/thumb/v7e-m+fp/hard/libgcc.a
LOAD /Users/xton/.platformio/packages/toolchain-gccarmnoneeabi/bin/../lib/gcc/arm-none-eabi/9.3.1/../../../../arm-none-eabi/lib/thumb/v7e-m+fp/hard/libc_nano.a
LOAD /Users/xton/.platformio/packages/toolchain-gccarmnoneeabi/bin/../lib/gcc/arm-none-eabi/9.3.1/../../../../arm-none-eabi/lib/thumb/v7e-m+fp/hard/libnosys.a
END GROUP
START GROUP
LOAD /Users/xton/.platformio/packages/toolchain-gccarmnoneeabi/bin/../lib/gcc/arm-none-eabi/9.3.1/thumb/v7e-m+fp/hard/libgcc.a
LOAD /Users/xton/.platformio/packages/toolchain-gccarmnoneeabi/bin/../lib/gcc/arm-none-eabi/9.3.1/../../../../arm-none-eabi/lib/thumb/v7e-m+fp/hard/libc_nano.a
LOAD /Users/xton/.platformio/packages/toolchain-gccarmnoneeabi/bin/../lib/gcc/arm-none-eabi/9.3.1/../../../../arm-none-eabi/lib/thumb/v7e-m+fp/hard/libnosys.a
END GROUP
LOAD /Users/xton/.platformio/packages/toolchain-gccarmnoneeabi/bin/../lib/gcc/arm-none-eabi/9.3.1/thumb/v7e-m+fp/hard/crtend.o
LOAD /Users/xton/.platformio/packages/toolchain-gccarmnoneeabi/bin/../lib/gcc/arm-none-eabi/9.3.1/thumb/v7e-m+fp/hard/crtn.o

.text           0x0000000000004000     0xf1d8
                0x0000000000004000                __text_start__ = .
 *(.sketch_boot)
                0x0000000000004000                . = ALIGN (0x4000)
 *(.isr_vector)
 .isr_vector    0x0000000000004000      0x264 .pio/build/trellis_synth/libFrameworkArduino.a(cortex_handlers.c.o)
                0x0000000000004000                exception_table
 *(.text*)
 .text.__do_global_dtors_aux
                0x0000000000004264       0x24 /Users/xton/.platformio/packages/toolchain-gccarmnoneeabi/bin/../lib/gcc/arm-none-eabi/9.3.1/thumb/v7e-m+fp/hard/crtbegin.o
 .text.frame_dummy
                0x0000000000004288       0x1c /Users/xton/.platformio/packages/toolchain-gccarmnoneeabi/bin/../lib/gcc/arm-none-eabi/9.3.1/thumb/v7e-m+fp/hard/crtbegin.o
 .text._ZN15CheapGuitarNote13getOutputLeftEv
                0x00000000000042a4        0x4 .pio/build/trellis_synth/src/cheapguitarnote.cpp.o
                0x00000000000042a4                CheapGuitarNote::getOutputLeft()
 .text._ZN15CheapGuitarNote14getOutputRightEv
                0x00000000000042a8        0x4 .pio/build/trellis_synth/src/cheapguitarnote.cpp.o
                0x00000000000042a8                CheapGuitarNote::getOutputRight()
 .text._ZN15CheapGuitarNoteD2Ev
                0x00000000000042ac        0x2 .pio/build/trellis_synth/src/cheapguitarnote.cpp.o
                0x00000000000042ac                CheapGuitarNote::~CheapGuitarNote()
                0x00000000000042ac                CheapGuitarNote::~CheapGuitarNote()
 .text._ZN15CheapGuitarNoteD0Ev
                0x00000000000042ae        0xc .pio/build/trellis_synth/src/cheapguitarnote.cpp.o
                0x00000000000042ae                CheapGuitarNote::~CheapGuitarNote()
 *fill*         0x00000000000042ba        0x6 
 .text._ZN19AudioEffectEnvelope18milliseconds2countEf.isra.0
                0x00000000000042c0       0x44 .pio/build/trellis_synth/src/cheapguitarnote.cpp.o
 .text._ZN15CheapGuitarNote7noteOffEv
                0x0000000000004304       0x24 .pio/build/trellis_synth/src/cheapguitarnote.cpp.o
                0x0000000000004304                CheapGuitarNote::noteOff()
 .text._ZN11AudioStreamC2EhPP18audio_block_struct
                0x0000000000004328       0x44 .pio/build/trellis_synth/src/cheapguitarnote.cpp.o
                0x0000000000004328                AudioStream::AudioStream(unsigned char, audio_block_struct**)
                0x0000000000004328                AudioStream::AudioStream(unsigned char, audio_block_struct**)
 *fill*         0x000000000000436c        0x4 
 .text._ZN24AudioFilterStateVariable9frequencyEf
                0x0000000000004370       0xa4 .pio/build/trellis_synth/src/cheapguitarnote.cpp.o
                0x0000000000004370                AudioFilterStateVariable::frequency(float)
 .text._ZN18AudioSynthWaveformC2Ev
                0x0000000000004414       0x28 .pio/build/trellis_synth/src/cheapguitarnote.cpp.o
                0x0000000000004414                AudioSynthWaveform::AudioSynthWaveform()
                0x0000000000004414                AudioSynthWaveform::AudioSynthWaveform()
 *fill*         0x000000000000443c        0x4 
 .text._ZN18AudioSynthWaveform9frequencyEf
                0x0000000000004440       0x70 .pio/build/trellis_synth/src/cheapguitarnote.cpp.o
                0x0000000000004440                AudioSynthWaveform::frequency(float)
 .text._ZN15CheapGuitarNote12setFrequencyEf
                0x00000000000044b0       0x3c .pio/build/trellis_synth/src/cheapguitarnote.cpp.o
                0x00000000000044b0                CheapGuitarNote::setFrequency(float)
 .text._ZN15CheapGuitarNote6noteOnEv
                0x00000000000044ec       0x78 .pio/build/trellis_synth/src/cheapguitarnote.cpp.o
                0x00000000000044ec                CheapGuitarNote::noteOn()
 .text._ZN15CheapGuitarNote5beginEv
                0x0000000000004564       0xac .pio/build/trellis_synth/src/cheapguitarnote.cpp.o
                0x0000000000004564                CheapGuitarNote::begin()
 .text._ZN15CheapGuitarNoteC2Ev
                0x0000000000004610      0x144 .pio/build/trellis_synth/src/cheapguitarnote.cpp.o
                0x0000000000004610                CheapGuitarNote::CheapGuitarNote()
                0x0000000000004610                CheapGuitarNote::CheapGuitarNote()
 .text._Z12log2f_approxf
                0x0000000000004754       0x44 .pio/build/trellis_synth/src/effect_dynamics.cpp.o
                0x0000000000004754                log2f_approx(float)
 .text._ZN19AudioEffectDynamics6updateEv
                0x0000000000004798      0x2c0 .pio/build/trellis_synth/src/effect_dynamics.cpp.o
                0x0000000000004798                AudioEffectDynamics::update()
 .text._ZN10GuitarNote13getOutputLeftEv
                0x0000000000004a58        0x4 .pio/build/trellis_synth/src/guitarnote.cpp.o
                0x0000000000004a58                GuitarNote::getOutputLeft()
 .text._ZN10GuitarNote14getOutputRightEv
                0x0000000000004a5c        0x4 .pio/build/trellis_synth/src/guitarnote.cpp.o
                0x0000000000004a5c                GuitarNote::getOutputRight()
 .text._ZN10GuitarNote5beginEv
                0x0000000000004a60        0x2 .pio/build/trellis_synth/src/guitarnote.cpp.o
                0x0000000000004a60                GuitarNote::begin()
 .text._ZN10GuitarNote12setFrequencyEf
                0x0000000000004a62        0xa .pio/build/trellis_synth/src/guitarnote.cpp.o
                0x0000000000004a62                GuitarNote::setFrequency(float)
 .text._ZN10GuitarNoteD2Ev
                0x0000000000004a6c        0x2 .pio/build/trellis_synth/src/guitarnote.cpp.o
                0x0000000000004a6c                GuitarNote::~GuitarNote()
                0x0000000000004a6c                GuitarNote::~GuitarNote()
 .text._ZN10GuitarNoteD0Ev
                0x0000000000004a6e        0xc .pio/build/trellis_synth/src/guitarnote.cpp.o
                0x0000000000004a6e                GuitarNote::~GuitarNote()
 *fill*         0x0000000000004a7a        0x6 
 .text._ZN10GuitarNote6noteOnEv
                0x0000000000004a80       0x68 .pio/build/trellis_synth/src/guitarnote.cpp.o
                0x0000000000004a80                GuitarNote::noteOn()
 .text._ZN10GuitarNote7noteOffEv
                0x0000000000004ae8       0x20 .pio/build/trellis_synth/src/guitarnote.cpp.o
                0x0000000000004ae8                GuitarNote::noteOff()
 .text._ZN10GuitarNoteC2Ev
                0x0000000000004b08       0x50 .pio/build/trellis_synth/src/guitarnote.cpp.o
                0x0000000000004b08                GuitarNote::GuitarNote()
                0x0000000000004b08                GuitarNote::GuitarNote()
 .text._ZN8SynthRowI10GuitarNoteE13getOutputLeftEv
                0x0000000000004b58        0x8 .pio/build/trellis_synth/src/polysynth32.cpp.o
                0x0000000000004b58                SynthRow<GuitarNote>::getOutputLeft()
 .text._ZN8SynthRowI10GuitarNoteE14getOutputRightEv
                0x0000000000004b60        0x8 .pio/build/trellis_synth/src/polysynth32.cpp.o
                0x0000000000004b60                SynthRow<GuitarNote>::getOutputRight()
 .text._ZN8SynthRowI15SimpleSynthNoteE13getOutputLeftEv
                0x0000000000004b68        0x6 .pio/build/trellis_synth/src/polysynth32.cpp.o
                0x0000000000004b68                SynthRow<SimpleSynthNote>::getOutputLeft()
 .text._ZN8SynthRowI15SimpleSynthNoteE14getOutputRightEv
                0x0000000000004b6e        0x6 .pio/build/trellis_synth/src/polysynth32.cpp.o
                0x0000000000004b6e                SynthRow<SimpleSynthNote>::getOutputRight()
 .text._ZN8SynthRowI15CheapGuitarNoteE13getOutputLeftEv
                0x0000000000004b74        0x6 .pio/build/trellis_synth/src/polysynth32.cpp.o
                0x0000000000004b74                SynthRow<CheapGuitarNote>::getOutputLeft()
 .text._ZN8SynthRowI15CheapGuitarNoteE14getOutputRightEv
                0x0000000000004b7a        0x6 .pio/build/trellis_synth/src/polysynth32.cpp.o
                0x0000000000004b7a                SynthRow<CheapGuitarNote>::getOutputRight()
 .text._ZN8DelayRowI15SimpleSynthNoteE13getOutputLeftEv
                0x0000000000004b80        0x6 .pio/build/trellis_synth/src/polysynth32.cpp.o
                0x0000000000004b80                DelayRow<SimpleSynthNote>::getOutputLeft()
 .text._ZN8DelayRowI15SimpleSynthNoteE14getOutputRightEv
                0x0000000000004b86        0x6 .pio/build/trellis_synth/src/polysynth32.cpp.o
                0x0000000000004b86                DelayRow<SimpleSynthNote>::getOutputRight()
 .text._ZN8SynthRowI15SimpleSynthNoteED2Ev
                0x0000000000004b8c       0x24 .pio/build/trellis_synth/src/polysynth32.cpp.o
                0x0000000000004b8c                SynthRow<SimpleSynthNote>::~SynthRow()
                0x0000000000004b8c                SynthRow<SimpleSynthNote>::~SynthRow()
 .text._ZN8DelayRowI15SimpleSynthNoteED2Ev
                0x0000000000004bb0       0x14 .pio/build/trellis_synth/src/polysynth32.cpp.o
                0x0000000000004bb0                DelayRow<SimpleSynthNote>::~DelayRow()
                0x0000000000004bb0                DelayRow<SimpleSynthNote>::~DelayRow()
 .text._ZN8SynthRowI15CheapGuitarNoteED2Ev
                0x0000000000004bc4       0x28 .pio/build/trellis_synth/src/polysynth32.cpp.o
                0x0000000000004bc4                SynthRow<CheapGuitarNote>::~SynthRow()
                0x0000000000004bc4                SynthRow<CheapGuitarNote>::~SynthRow()
 .text._ZN8SynthRowI10GuitarNoteED2Ev
                0x0000000000004bec       0x28 .pio/build/trellis_synth/src/polysynth32.cpp.o
                0x0000000000004bec                SynthRow<GuitarNote>::~SynthRow()
                0x0000000000004bec                SynthRow<GuitarNote>::~SynthRow()
 .text._ZN8SynthRowI15SimpleSynthNoteE5beginEv
                0x0000000000004c14       0x1a .pio/build/trellis_synth/src/polysynth32.cpp.o
                0x0000000000004c14                SynthRow<SimpleSynthNote>::begin()
 .text._ZN8SynthRowI15SimpleSynthNoteE6noteOnEi
                0x0000000000004c2e       0x16 .pio/build/trellis_synth/src/polysynth32.cpp.o
                0x0000000000004c2e                SynthRow<SimpleSynthNote>::noteOn(int)
 .text._ZN8SynthRowI15SimpleSynthNoteE7noteOffEi
                0x0000000000004c44       0x16 .pio/build/trellis_synth/src/polysynth32.cpp.o
                0x0000000000004c44                SynthRow<SimpleSynthNote>::noteOff(int)
 .text._ZN8SynthRowI15SimpleSynthNoteE8setScaleEPKf
                0x0000000000004c5a       0x20 .pio/build/trellis_synth/src/polysynth32.cpp.o
                0x0000000000004c5a                SynthRow<SimpleSynthNote>::setScale(float const*)
 .text._ZN8SynthRowI15CheapGuitarNoteE5beginEv
                0x0000000000004c7a       0x1c .pio/build/trellis_synth/src/polysynth32.cpp.o
                0x0000000000004c7a                SynthRow<CheapGuitarNote>::begin()
 .text._ZN8SynthRowI15CheapGuitarNoteE6noteOnEi
                0x0000000000004c96       0x18 .pio/build/trellis_synth/src/polysynth32.cpp.o
                0x0000000000004c96                SynthRow<CheapGuitarNote>::noteOn(int)
 .text._ZN8SynthRowI15CheapGuitarNoteE7noteOffEi
                0x0000000000004cae       0x18 .pio/build/trellis_synth/src/polysynth32.cpp.o
                0x0000000000004cae                SynthRow<CheapGuitarNote>::noteOff(int)
 .text._ZN8SynthRowI15CheapGuitarNoteE8setScaleEPKf
                0x0000000000004cc6       0x22 .pio/build/trellis_synth/src/polysynth32.cpp.o
                0x0000000000004cc6                SynthRow<CheapGuitarNote>::setScale(float const*)
 .text._ZN8SynthRowI10GuitarNoteE5beginEv
                0x0000000000004ce8       0x1c .pio/build/trellis_synth/src/polysynth32.cpp.o
                0x0000000000004ce8                SynthRow<GuitarNote>::begin()
 .text._ZN8SynthRowI10GuitarNoteE6noteOnEi
                0x0000000000004d04       0x18 .pio/build/trellis_synth/src/polysynth32.cpp.o
                0x0000000000004d04                SynthRow<GuitarNote>::noteOn(int)
 .text._ZN8SynthRowI10GuitarNoteE7noteOffEi
                0x0000000000004d1c       0x18 .pio/build/trellis_synth/src/polysynth32.cpp.o
                0x0000000000004d1c                SynthRow<GuitarNote>::noteOff(int)
 .text._ZN8SynthRowI10GuitarNoteE8setScaleEPKf
                0x0000000000004d34       0x22 .pio/build/trellis_synth/src/polysynth32.cpp.o
                0x0000000000004d34                SynthRow<GuitarNote>::setScale(float const*)
 .text._ZN8SynthRowI10GuitarNoteED0Ev
                0x0000000000004d56       0x12 .pio/build/trellis_synth/src/polysynth32.cpp.o
                0x0000000000004d56                SynthRow<GuitarNote>::~SynthRow()
 .text._ZN8SynthRowI15SimpleSynthNoteED0Ev
                0x0000000000004d68       0x12 .pio/build/trellis_synth/src/polysynth32.cpp.o
                0x0000000000004d68                SynthRow<SimpleSynthNote>::~SynthRow()
 .text._ZN8DelayRowI15SimpleSynthNoteED0Ev
                0x0000000000004d7a       0x12 .pio/build/trellis_synth/src/polysynth32.cpp.o
                0x0000000000004d7a                DelayRow<SimpleSynthNote>::~DelayRow()
 .text._ZN8SynthRowI15CheapGuitarNoteED0Ev
                0x0000000000004d8c       0x12 .pio/build/trellis_synth/src/polysynth32.cpp.o
                0x0000000000004d8c                SynthRow<CheapGuitarNote>::~SynthRow()
 .text._ZN19AudioEffectDynamics17computeMakeupGainEv.part.0
                0x0000000000004d9e       0x22 .pio/build/trellis_synth/src/polysynth32.cpp.o
 .text._ZN19AudioEffectDynamics11timeToAlphaEf.isra.0
                0x0000000000004dc0       0x1c .pio/build/trellis_synth/src/polysynth32.cpp.o
 *fill*         0x0000000000004ddc        0x4 
 .text._ZN16AudioEffectDelay5delayEhf.part.0.constprop.0
                0x0000000000004de0       0xb0 .pio/build/trellis_synth/src/polysynth32.cpp.o
 .text._ZN16AudioEffectDelayC2Ev
                0x0000000000004e90       0x2c .pio/build/trellis_synth/src/polysynth32.cpp.o
                0x0000000000004e90                AudioEffectDelay::AudioEffectDelay()
                0x0000000000004e90                AudioEffectDelay::AudioEffectDelay()
 .text._ZN11AudioMixer4C2Ev
                0x0000000000004ebc       0x28 .pio/build/trellis_synth/src/polysynth32.cpp.o
                0x0000000000004ebc                AudioMixer4::AudioMixer4()
                0x0000000000004ebc                AudioMixer4::AudioMixer4()
 .text._ZN11AudioMixer44gainEjf
                0x0000000000004ee4       0x44 .pio/build/trellis_synth/src/polysynth32.cpp.o
                0x0000000000004ee4                AudioMixer4::gain(unsigned int, float)
 .text._ZN19AudioEffectDynamics11compressionEfffff
                0x0000000000004f28      0x18c .pio/build/trellis_synth/src/polysynth32.cpp.o
                0x0000000000004f28                AudioEffectDynamics::compression(float, float, float, float, float)
 .text._ZN19AudioEffectDynamicsC2Ev
                0x00000000000050b4      0x108 .pio/build/trellis_synth/src/polysynth32.cpp.o
                0x00000000000050b4                AudioEffectDynamics::AudioEffectDynamics()
                0x00000000000050b4                AudioEffectDynamics::AudioEffectDynamics()
 .text._ZN8MultiRow5beginEv
                0x00000000000051bc       0x98 .pio/build/trellis_synth/src/polysynth32.cpp.o
                0x00000000000051bc                MultiRow::begin()
 .text._ZN8MultiRow6noteOnEi
                0x0000000000005254       0x16 .pio/build/trellis_synth/src/polysynth32.cpp.o
                0x0000000000005254                MultiRow::noteOn(int)
 .text._ZN8MultiRow7noteOffEi
                0x000000000000526a       0x16 .pio/build/trellis_synth/src/polysynth32.cpp.o
                0x000000000000526a                MultiRow::noteOff(int)
 .text._ZN8MultiRow8setScaleEPKf
                0x0000000000005280       0x22 .pio/build/trellis_synth/src/polysynth32.cpp.o
                0x0000000000005280                MultiRow::setScale(float const*)
 *fill*         0x00000000000052a2        0x2 
 .text._ZN11Polysynth3211setupScalesEv
                0x00000000000052a4       0xd0 .pio/build/trellis_synth/src/polysynth32.cpp.o
                0x00000000000052a4                Polysynth32::setupScales()
 .text._ZN11Polysynth325beginEv
                0x0000000000005374       0x94 .pio/build/trellis_synth/src/polysynth32.cpp.o
                0x0000000000005374                Polysynth32::begin()
 .text._ZN11Polysynth326noteOnEi
                0x0000000000005408       0x34 .pio/build/trellis_synth/src/polysynth32.cpp.o
                0x0000000000005408                Polysynth32::noteOn(int)
 .text._ZN11Polysynth327noteOffEi
                0x000000000000543c       0x34 .pio/build/trellis_synth/src/polysynth32.cpp.o
                0x000000000000543c                Polysynth32::noteOff(int)
 .text._ZN8SynthRowI15SimpleSynthNoteEC2Ev
                0x0000000000005470      0x394 .pio/build/trellis_synth/src/polysynth32.cpp.o
                0x0000000000005470                SynthRow<SimpleSynthNote>::SynthRow()
                0x0000000000005470                SynthRow<SimpleSynthNote>::SynthRow()
 .text._ZN8MultiRowC2Ev
                0x0000000000005804      0xbac .pio/build/trellis_synth/src/polysynth32.cpp.o
                0x0000000000005804                MultiRow::MultiRow()
                0x0000000000005804                MultiRow::MultiRow()
 .text._ZN11Polysynth32C2Ev
                0x00000000000063b0      0x258 .pio/build/trellis_synth/src/polysynth32.cpp.o
                0x00000000000063b0                Polysynth32::Polysynth32()
                0x00000000000063b0                Polysynth32::Polysynth32()
 .text._ZN15SimpleSynthNote13getOutputLeftEv
                0x0000000000006608        0x4 .pio/build/trellis_synth/src/simplesynthnote.cpp.o
                0x0000000000006608                SimpleSynthNote::getOutputLeft()
 .text._ZN15SimpleSynthNote14getOutputRightEv
                0x000000000000660c        0x4 .pio/build/trellis_synth/src/simplesynthnote.cpp.o
                0x000000000000660c                SimpleSynthNote::getOutputRight()
 .text._ZN15SimpleSynthNoteD2Ev
                0x0000000000006610        0x2 .pio/build/trellis_synth/src/simplesynthnote.cpp.o
                0x0000000000006610                SimpleSynthNote::~SimpleSynthNote()
                0x0000000000006610                SimpleSynthNote::~SimpleSynthNote()
 .text._ZN15SimpleSynthNoteD0Ev
                0x0000000000006612        0xc .pio/build/trellis_synth/src/simplesynthnote.cpp.o
                0x0000000000006612                SimpleSynthNote::~SimpleSynthNote()
 *fill*         0x000000000000661e        0x2 
 .text._ZN19AudioEffectEnvelope18milliseconds2countEf.isra.0
                0x0000000000006620       0x44 .pio/build/trellis_synth/src/simplesynthnote.cpp.o
 .text._ZN15SimpleSynthNote6noteOnEv
                0x0000000000006664       0x34 .pio/build/trellis_synth/src/simplesynthnote.cpp.o
                0x0000000000006664                SimpleSynthNote::noteOn()
 .text._ZN15SimpleSynthNote7noteOffEv
                0x0000000000006698       0x24 .pio/build/trellis_synth/src/simplesynthnote.cpp.o
                0x0000000000006698                SimpleSynthNote::noteOff()
 .text._ZN15SimpleSynthNote12setFrequencyEf
                0x00000000000066bc        0xe .pio/build/trellis_synth/src/simplesynthnote.cpp.o
                0x00000000000066bc                SimpleSynthNote::setFrequency(float)
 *fill*         0x00000000000066ca        0x2 
 .text._ZN15SimpleSynthNote5beginEv
                0x00000000000066cc       0x74 .pio/build/trellis_synth/src/simplesynthnote.cpp.o
                0x00000000000066cc                SimpleSynthNote::begin()
 .text._ZN15SimpleSynthNoteC2Ev
                0x0000000000006740       0xe0 .pio/build/trellis_synth/src/simplesynthnote.cpp.o
                0x0000000000006740                SimpleSynthNote::SimpleSynthNote()
                0x0000000000006740                SimpleSynthNote::SimpleSynthNote()
 .text._ZN11EncoderLeftD2Ev
                0x0000000000006820        0x2 .pio/build/trellis_synth/src/trellis_synth.cpp.o
                0x0000000000006820                EncoderLeft::~EncoderLeft()
                0x0000000000006820                EncoderLeft::~EncoderLeft()
 .text._ZN12EncoderRightD2Ev
                0x0000000000006822        0x2 .pio/build/trellis_synth/src/trellis_synth.cpp.o
                0x0000000000006822                EncoderRight::~EncoderRight()
                0x0000000000006822                EncoderRight::~EncoderRight()
 .text._ZN14EncoderControl3incEv
                0x0000000000006824       0x10 .pio/build/trellis_synth/src/trellis_synth.cpp.o
                0x0000000000006824                EncoderControl::inc()
 .text._ZN14EncoderControl4decrEv
                0x0000000000006834       0x10 .pio/build/trellis_synth/src/trellis_synth.cpp.o
                0x0000000000006834                EncoderControl::decr()
 .text._ZN11EncoderLeft12buttonPushedEv
                0x0000000000006844       0x10 .pio/build/trellis_synth/src/trellis_synth.cpp.o
                0x0000000000006844                EncoderLeft::buttonPushed()
 .text._ZN14EncoderControl12buttonPushedEv
                0x0000000000006854       0x10 .pio/build/trellis_synth/src/trellis_synth.cpp.o
                0x0000000000006854                EncoderControl::buttonPushed()
 .text._ZN21Adafruit_NeoTrellisM4D2Ev
                0x0000000000006864       0x16 .pio/build/trellis_synth/src/trellis_synth.cpp.o
                0x0000000000006864                Adafruit_NeoTrellisM4::~Adafruit_NeoTrellisM4()
                0x0000000000006864                Adafruit_NeoTrellisM4::~Adafruit_NeoTrellisM4()
 *fill*         0x000000000000687a        0x6 
 .text._ZN11Polysynth3220setCrusherSampleRateEf
                0x0000000000006880       0x54 .pio/build/trellis_synth/src/trellis_synth.cpp.o
                0x0000000000006880                Polysynth32::setCrusherSampleRate(float)
 .text._ZN11Polysynth327setGainEf
                0x00000000000068d4       0x2c .pio/build/trellis_synth/src/trellis_synth.cpp.o
                0x00000000000068d4                Polysynth32::setGain(float)
 .text._ZN11Polysynth3211selectVoiceEh
                0x0000000000006900       0xac .pio/build/trellis_synth/src/trellis_synth.cpp.o
                0x0000000000006900                Polysynth32::selectVoice(unsigned char)
 .text._ZN14EncoderControl5beginEh
                0x00000000000069ac       0x44 .pio/build/trellis_synth/src/trellis_synth.cpp.o
                0x00000000000069ac                EncoderControl::begin(unsigned char)
 .text._ZN14EncoderControl4loopEv
                0x00000000000069f0       0x54 .pio/build/trellis_synth/src/trellis_synth.cpp.o
                0x00000000000069f0                EncoderControl::loop()
 .text.DMAC_1_Handler
                0x0000000000006a44        0x4 .pio/build/trellis_synth/src/trellis_synth.cpp.o
                0x0000000000006a44                DMAC_1_Handler
 .text.DMAC_2_Handler
                0x0000000000006a48        0x4 .pio/build/trellis_synth/src/trellis_synth.cpp.o
                0x0000000000006a48                DMAC_2_Handler
 .text.DMAC_3_Handler
                0x0000000000006a4c        0x4 .pio/build/trellis_synth/src/trellis_synth.cpp.o
                0x0000000000006a4c                DMAC_3_Handler
 .text.DMAC_4_Handler
                0x0000000000006a50        0x4 .pio/build/trellis_synth/src/trellis_synth.cpp.o
                0x0000000000006a50                DMAC_4_Handler
 .text._ZN11EncoderLeft10displayLedEv
                0x0000000000006a54       0x70 .pio/build/trellis_synth/src/trellis_synth.cpp.o
                0x0000000000006a54                EncoderLeft::displayLed()
 *fill*         0x0000000000006ac4        0x4 
 .text._ZN11EncoderLeft3incEv
                0x0000000000006ac8       0x78 .pio/build/trellis_synth/src/trellis_synth.cpp.o
                0x0000000000006ac8                EncoderLeft::inc()
 .text._ZN11EncoderLeft4decrEv
                0x0000000000006b40       0x7c .pio/build/trellis_synth/src/trellis_synth.cpp.o
                0x0000000000006b40                EncoderLeft::decr()
 .text._ZN12EncoderRight10displayLedEv
                0x0000000000006bbc       0x54 .pio/build/trellis_synth/src/trellis_synth.cpp.o
                0x0000000000006bbc                EncoderRight::displayLed()
 .text._ZN12EncoderRight3incEv
                0x0000000000006c10       0x6c .pio/build/trellis_synth/src/trellis_synth.cpp.o
                0x0000000000006c10                EncoderRight::inc()
 .text._ZN12EncoderRight4decrEv
                0x0000000000006c7c       0x70 .pio/build/trellis_synth/src/trellis_synth.cpp.o
                0x0000000000006c7c                EncoderRight::decr()
 .text._ZN12EncoderRight12buttonPushedEv
                0x0000000000006cec       0x24 .pio/build/trellis_synth/src/trellis_synth.cpp.o
                0x0000000000006cec                EncoderRight::buttonPushed()
 .text._Z6noteOni
                0x0000000000006d10        0xc .pio/build/trellis_synth/src/trellis_synth.cpp.o
                0x0000000000006d10                noteOn(int)
 .text._Z7noteOffi
                0x0000000000006d1c        0xc .pio/build/trellis_synth/src/trellis_synth.cpp.o
                0x0000000000006d1c                noteOff(int)
 .text.monitorUsage
                0x0000000000006d28       0xf8 .pio/build/trellis_synth/src/trellis_synth.cpp.o
                0x0000000000006d28                monitorUsage
 .text._Z5Wheelh
                0x0000000000006e20       0x4e .pio/build/trellis_synth/src/trellis_synth.cpp.o
                0x0000000000006e20                Wheel(unsigned char)
 *fill*         0x0000000000006e6e        0x2 
 .text.loop     0x0000000000006e70       0x7c .pio/build/trellis_synth/src/trellis_synth.cpp.o
                0x0000000000006e70                loop
 .text._ZN8MultiRowD2Ev
                0x0000000000006eec       0x2c .pio/build/trellis_synth/src/trellis_synth.cpp.o
                0x0000000000006eec                MultiRow::~MultiRow()
                0x0000000000006eec                MultiRow::~MultiRow()
 .text._ZN11Polysynth32D2Ev
                0x0000000000006f18       0x2c .pio/build/trellis_synth/src/trellis_synth.cpp.o
                0x0000000000006f18                Polysynth32::~Polysynth32()
                0x0000000000006f18                Polysynth32::~Polysynth32()
 .text.startup._GLOBAL__sub_I_display
                0x0000000000006f44      0x160 .pio/build/trellis_synth/src/trellis_synth.cpp.o
 .text.setup    0x00000000000070a4       0xbc .pio/build/trellis_synth/src/trellis_synth.cpp.o
                0x00000000000070a4                setup
 .text._ZL22cpu_irq_enter_criticalv
                0x0000000000007160       0x28 .pio/build/trellis_synth/lib21b/libAdafruit Zero DMA Library.a(Adafruit_ZeroDMA.cpp.o)
 .text._ZL22cpu_irq_leave_criticalv
                0x0000000000007188       0x28 .pio/build/trellis_synth/lib21b/libAdafruit Zero DMA Library.a(Adafruit_ZeroDMA.cpp.o)
 .text._ZN16Adafruit_ZeroDMAC2Ev
                0x00000000000071b0       0x18 .pio/build/trellis_synth/lib21b/libAdafruit Zero DMA Library.a(Adafruit_ZeroDMA.cpp.o)
                0x00000000000071b0                Adafruit_ZeroDMA::Adafruit_ZeroDMA()
                0x00000000000071b0                Adafruit_ZeroDMA::Adafruit_ZeroDMA()
 .text._ZN16Adafruit_ZeroDMA11_IRQhandlerEh
                0x00000000000071c8       0x68 .pio/build/trellis_synth/lib21b/libAdafruit Zero DMA Library.a(Adafruit_ZeroDMA.cpp.o)
                0x00000000000071c8                Adafruit_ZeroDMA::_IRQhandler(unsigned char)
 .text.DMAC_0_Handler
                0x0000000000007230       0x2c .pio/build/trellis_synth/lib21b/libAdafruit Zero DMA Library.a(Adafruit_ZeroDMA.cpp.o)
                0x0000000000007230                DMAC_0_Handler
 .text._ZN16Adafruit_ZeroDMA8allocateEv
                0x000000000000725c      0x174 .pio/build/trellis_synth/lib21b/libAdafruit Zero DMA Library.a(Adafruit_ZeroDMA.cpp.o)
                0x000000000000725c                Adafruit_ZeroDMA::allocate()
 .text._ZN16Adafruit_ZeroDMA11setPriorityE12dma_priority
                0x00000000000073d0       0x18 .pio/build/trellis_synth/lib21b/libAdafruit Zero DMA Library.a(Adafruit_ZeroDMA.cpp.o)
                0x00000000000073d0                Adafruit_ZeroDMA::setPriority(dma_priority)
 .text._ZN16Adafruit_ZeroDMA4freeEv
                0x00000000000073e8       0x80 .pio/build/trellis_synth/lib21b/libAdafruit Zero DMA Library.a(Adafruit_ZeroDMA.cpp.o)
                0x00000000000073e8                Adafruit_ZeroDMA::free()
 .text._ZN16Adafruit_ZeroDMA8startJobEv
                0x0000000000007468       0x80 .pio/build/trellis_synth/lib21b/libAdafruit Zero DMA Library.a(Adafruit_ZeroDMA.cpp.o)
                0x0000000000007468                Adafruit_ZeroDMA::startJob()
 .text._ZN16Adafruit_ZeroDMA11setCallbackEPFvPS_E17dma_callback_type
                0x00000000000074e8        0x8 .pio/build/trellis_synth/lib21b/libAdafruit Zero DMA Library.a(Adafruit_ZeroDMA.cpp.o)
                0x00000000000074e8                Adafruit_ZeroDMA::setCallback(void (*)(Adafruit_ZeroDMA*), dma_callback_type)
 .text._ZN16Adafruit_ZeroDMA5abortEv
                0x00000000000074f0       0x30 .pio/build/trellis_synth/lib21b/libAdafruit Zero DMA Library.a(Adafruit_ZeroDMA.cpp.o)
                0x00000000000074f0                Adafruit_ZeroDMA::abort()
 .text._ZN16Adafruit_ZeroDMA10setTriggerEh
                0x0000000000007520       0x30 .pio/build/trellis_synth/lib21b/libAdafruit Zero DMA Library.a(Adafruit_ZeroDMA.cpp.o)
                0x0000000000007520                Adafruit_ZeroDMA::setTrigger(unsigned char)
 .text._ZN16Adafruit_ZeroDMA9setActionE27dma_transfer_trigger_action
                0x0000000000007550       0x30 .pio/build/trellis_synth/lib21b/libAdafruit Zero DMA Library.a(Adafruit_ZeroDMA.cpp.o)
                0x0000000000007550                Adafruit_ZeroDMA::setAction(dma_transfer_trigger_action)
 .text._ZN16Adafruit_ZeroDMA7triggerEv
                0x0000000000007580       0x1c .pio/build/trellis_synth/lib21b/libAdafruit Zero DMA Library.a(Adafruit_ZeroDMA.cpp.o)
                0x0000000000007580                Adafruit_ZeroDMA::trigger()
 .text._ZN16Adafruit_ZeroDMA10getChannelEv
                0x000000000000759c        0x4 .pio/build/trellis_synth/lib21b/libAdafruit Zero DMA Library.a(Adafruit_ZeroDMA.cpp.o)
                0x000000000000759c                Adafruit_ZeroDMA::getChannel()
 .text._ZN16Adafruit_ZeroDMA13addDescriptorEPvS0_m13dma_beat_sizebbmb
                0x00000000000075a0      0x108 .pio/build/trellis_synth/lib21b/libAdafruit Zero DMA Library.a(Adafruit_ZeroDMA.cpp.o)
                0x00000000000075a0                Adafruit_ZeroDMA::addDescriptor(void*, void*, unsigned long, dma_beat_size, bool, bool, unsigned long, bool)
 .text._ZN16Adafruit_ZeroDMA4loopEb
                0x00000000000076a8       0x2c .pio/build/trellis_synth/lib21b/libAdafruit Zero DMA Library.a(Adafruit_ZeroDMA.cpp.o)
                0x00000000000076a8                Adafruit_ZeroDMA::loop(bool)
 .text._ZN16Adafruit_ZeroDMA8isActiveEv
                0x00000000000076d4       0x18 .pio/build/trellis_synth/lib21b/libAdafruit Zero DMA Library.a(Adafruit_ZeroDMA.cpp.o)
                0x00000000000076d4                Adafruit_ZeroDMA::isActive()
 .text._ZL11dmaCallbackP16Adafruit_ZeroDMA
                0x00000000000076ec       0x10 .pio/build/trellis_synth/lib8f4/libAdafruit DMA neopixel library.a(Adafruit_NeoPixel_ZeroDMA.cpp.o)
 .text._ZN25Adafruit_NeoPixel_ZeroDMAC2Etht
                0x00000000000076fc       0x20 .pio/build/trellis_synth/lib8f4/libAdafruit DMA neopixel library.a(Adafruit_NeoPixel_ZeroDMA.cpp.o)
                0x00000000000076fc                Adafruit_NeoPixel_ZeroDMA::Adafruit_NeoPixel_ZeroDMA(unsigned short, unsigned char, unsigned short)
                0x00000000000076fc                Adafruit_NeoPixel_ZeroDMA::Adafruit_NeoPixel_ZeroDMA(unsigned short, unsigned char, unsigned short)
 .text._ZN25Adafruit_NeoPixel_ZeroDMAD2Ev
                0x000000000000771c       0x24 .pio/build/trellis_synth/lib8f4/libAdafruit DMA neopixel library.a(Adafruit_NeoPixel_ZeroDMA.cpp.o)
                0x000000000000771c                Adafruit_NeoPixel_ZeroDMA::~Adafruit_NeoPixel_ZeroDMA()
                0x000000000000771c                Adafruit_NeoPixel_ZeroDMA::~Adafruit_NeoPixel_ZeroDMA()
 .text._ZN25Adafruit_NeoPixel_ZeroDMA5beginEP6SERCOMP6Sercomhh14SercomSpiTXPad9_EPioType
                0x0000000000007740      0x12c .pio/build/trellis_synth/lib8f4/libAdafruit DMA neopixel library.a(Adafruit_NeoPixel_ZeroDMA.cpp.o)
                0x0000000000007740                Adafruit_NeoPixel_ZeroDMA::begin(SERCOM*, Sercom*, unsigned char, unsigned char, SercomSpiTXPad, _EPioType)
 .text._ZN25Adafruit_NeoPixel_ZeroDMA5beginEv
                0x000000000000786c      0x190 .pio/build/trellis_synth/lib8f4/libAdafruit DMA neopixel library.a(Adafruit_NeoPixel_ZeroDMA.cpp.o)
                0x000000000000786c                Adafruit_NeoPixel_ZeroDMA::begin()
 .text._ZN25Adafruit_NeoPixel_ZeroDMA4showEv
                0x00000000000079fc       0xdc .pio/build/trellis_synth/lib8f4/libAdafruit DMA neopixel library.a(Adafruit_NeoPixel_ZeroDMA.cpp.o)
                0x00000000000079fc                Adafruit_NeoPixel_ZeroDMA::show()
 .text._ZN25Adafruit_NeoPixel_ZeroDMA13setBrightnessEh
                0x0000000000007ad8        0x6 .pio/build/trellis_synth/lib8f4/libAdafruit DMA neopixel library.a(Adafruit_NeoPixel_ZeroDMA.cpp.o)
                0x0000000000007ad8                Adafruit_NeoPixel_ZeroDMA::setBrightness(unsigned char)
 .text._ZN15Adafruit_KeypadC2EPhS0_S0_ii
                0x0000000000007ade       0x38 .pio/build/trellis_synth/lib8b3/libAdafruit Keypad.a(Adafruit_Keypad.cpp.o)
                0x0000000000007ade                Adafruit_Keypad::Adafruit_Keypad(unsigned char*, unsigned char*, unsigned char*, int, int)
                0x0000000000007ade                Adafruit_Keypad::Adafruit_Keypad(unsigned char*, unsigned char*, unsigned char*, int, int)
 .text._ZN15Adafruit_KeypadD2Ev
                0x0000000000007b16       0x10 .pio/build/trellis_synth/lib8b3/libAdafruit Keypad.a(Adafruit_Keypad.cpp.o)
                0x0000000000007b16                Adafruit_Keypad::~Adafruit_Keypad()
                0x0000000000007b16                Adafruit_Keypad::~Adafruit_Keypad()
 .text._ZN15Adafruit_Keypad5beginEv
                0x0000000000007b26       0x5a .pio/build/trellis_synth/lib8b3/libAdafruit Keypad.a(Adafruit_Keypad.cpp.o)
                0x0000000000007b26                Adafruit_Keypad::begin()
 .text._ZN15Adafruit_Keypad9availableEv
                0x0000000000007b80       0x14 .pio/build/trellis_synth/lib8b3/libAdafruit Keypad.a(Adafruit_Keypad.cpp.o)
                0x0000000000007b80                Adafruit_Keypad::available()
 .text._ZN27Adafruit_Keypad_RingbufferNILi256EE10store_charEh
                0x0000000000007b94       0x1c .pio/build/trellis_synth/lib8b3/libAdafruit Keypad.a(Adafruit_Keypad.cpp.o)
                0x0000000000007b94                Adafruit_Keypad_RingbufferN<256>::store_char(unsigned char)
 .text._ZN15Adafruit_Keypad4tickEv
                0x0000000000007bb0       0xc0 .pio/build/trellis_synth/lib8b3/libAdafruit Keypad.a(Adafruit_Keypad.cpp.o)
                0x0000000000007bb0                Adafruit_Keypad::tick()
 .text._ZN27Adafruit_Keypad_RingbufferNILi256EE9read_charEv
                0x0000000000007c70       0x28 .pio/build/trellis_synth/lib8b3/libAdafruit Keypad.a(Adafruit_Keypad.cpp.o)
                0x0000000000007c70                Adafruit_Keypad_RingbufferN<256>::read_char()
 .text._ZN15Adafruit_Keypad4readEv
                0x0000000000007c98       0x3a .pio/build/trellis_synth/lib8b3/libAdafruit Keypad.a(Adafruit_Keypad.cpp.o)
                0x0000000000007c98                Adafruit_Keypad::read()
 *fill*         0x0000000000007cd2        0x2 
 .text._ZN21Adafruit_NeoTrellisM4C2Ev
                0x0000000000007cd4       0x50 .pio/build/trellis_synth/lib8f5/libAdafruit NeoTrellis M4 Library.a(Adafruit_NeoTrellisM4.cpp.o)
                0x0000000000007cd4                Adafruit_NeoTrellisM4::Adafruit_NeoTrellisM4()
                0x0000000000007cd4                Adafruit_NeoTrellisM4::Adafruit_NeoTrellisM4()
 .text._ZN21Adafruit_NeoTrellisM413setPixelColorEmm
                0x0000000000007d24       0x26 .pio/build/trellis_synth/lib8f5/libAdafruit NeoTrellis M4 Library.a(Adafruit_NeoTrellisM4.cpp.o)
                0x0000000000007d24                Adafruit_NeoTrellisM4::setPixelColor(unsigned long, unsigned long)
 .text._ZN21Adafruit_NeoTrellisM44fillEm
                0x0000000000007d4a       0x32 .pio/build/trellis_synth/lib8f5/libAdafruit NeoTrellis M4 Library.a(Adafruit_NeoTrellisM4.cpp.o)
                0x0000000000007d4a                Adafruit_NeoTrellisM4::fill(unsigned long)
 .text._ZN21Adafruit_NeoTrellisM45beginEv
                0x0000000000007d7c       0x2c .pio/build/trellis_synth/lib8f5/libAdafruit NeoTrellis M4 Library.a(Adafruit_NeoTrellisM4.cpp.o)
                0x0000000000007d7c                Adafruit_NeoTrellisM4::begin()
 .text._ZN5Print17availableForWriteEv
                0x0000000000007da8        0x4 .pio/build/trellis_synth/liba3a/libWire.a(Wire.cpp.o)
                0x0000000000007da8                Print::availableForWrite()
 .text._ZN7TwoWire5writeEPKhj
                0x0000000000007dac       0x22 .pio/build/trellis_synth/liba3a/libWire.a(Wire.cpp.o)
                0x0000000000007dac                TwoWire::write(unsigned char const*, unsigned int)
 .text._ZN7TwoWire5flushEv
                0x0000000000007dce        0x2 .pio/build/trellis_synth/liba3a/libWire.a(Wire.cpp.o)
                0x0000000000007dce                TwoWire::flush()
 .text._ZN7TwoWire4peekEv
                0x0000000000007dd0       0x1a .pio/build/trellis_synth/liba3a/libWire.a(Wire.cpp.o)
                0x0000000000007dd0                TwoWire::peek()
 .text._ZN7TwoWire9availableEv
                0x0000000000007dea       0x12 .pio/build/trellis_synth/liba3a/libWire.a(Wire.cpp.o)
                0x0000000000007dea                TwoWire::available()
 .text._ZN7TwoWireC2EP6SERCOMhh
                0x0000000000007dfc       0x58 .pio/build/trellis_synth/liba3a/libWire.a(Wire.cpp.o)
                0x0000000000007dfc                TwoWire::TwoWire(SERCOM*, unsigned char, unsigned char)
                0x0000000000007dfc                TwoWire::TwoWire(SERCOM*, unsigned char, unsigned char)
 .text._ZN7TwoWire5beginEv
                0x0000000000007e54       0x40 .pio/build/trellis_synth/liba3a/libWire.a(Wire.cpp.o)
                0x0000000000007e54                TwoWire::begin()
 .text._ZN7TwoWire8setClockEm
                0x0000000000007e94       0x20 .pio/build/trellis_synth/liba3a/libWire.a(Wire.cpp.o)
                0x0000000000007e94                TwoWire::setClock(unsigned long)
 .text._ZN7TwoWire17beginTransmissionEh
                0x0000000000007eb4       0x14 .pio/build/trellis_synth/liba3a/libWire.a(Wire.cpp.o)
                0x0000000000007eb4                TwoWire::beginTransmission(unsigned char)
 .text._ZN11RingBufferNILi256EE10store_charEh
                0x0000000000007ec8       0x1c .pio/build/trellis_synth/liba3a/libWire.a(Wire.cpp.o)
                0x0000000000007ec8                RingBufferN<256>::store_char(unsigned char)
 .text._ZN7TwoWire11requestFromEhjb
                0x0000000000007ee4       0x74 .pio/build/trellis_synth/liba3a/libWire.a(Wire.cpp.o)
                0x0000000000007ee4                TwoWire::requestFrom(unsigned char, unsigned int, bool)
 .text._ZN7TwoWire5writeEh
                0x0000000000007f58       0x26 .pio/build/trellis_synth/liba3a/libWire.a(Wire.cpp.o)
                0x0000000000007f58                TwoWire::write(unsigned char)
 .text._ZN11RingBufferNILi256EE9read_charEv
                0x0000000000007f7e       0x28 .pio/build/trellis_synth/liba3a/libWire.a(Wire.cpp.o)
                0x0000000000007f7e                RingBufferN<256>::read_char()
 .text._ZN7TwoWire15endTransmissionEb
                0x0000000000007fa6       0x6a .pio/build/trellis_synth/liba3a/libWire.a(Wire.cpp.o)
                0x0000000000007fa6                TwoWire::endTransmission(bool)
 .text._ZN7TwoWire15endTransmissionEv
                0x0000000000008010        0x6 .pio/build/trellis_synth/liba3a/libWire.a(Wire.cpp.o)
                0x0000000000008010                TwoWire::endTransmission()
 .text._ZN7TwoWire4readEv
                0x0000000000008016        0xa .pio/build/trellis_synth/liba3a/libWire.a(Wire.cpp.o)
                0x0000000000008016                TwoWire::read()
 .text._ZN7TwoWire9onServiceEv
                0x0000000000008020      0x10e .pio/build/trellis_synth/liba3a/libWire.a(Wire.cpp.o)
                0x0000000000008020                TwoWire::onService()
 *fill*         0x000000000000812e        0x2 
 .text.SERCOM2_0_Handler
                0x0000000000008130        0xc .pio/build/trellis_synth/liba3a/libWire.a(Wire.cpp.o)
                0x0000000000008130                SERCOM2_0_Handler
 .text.SERCOM2_1_Handler
                0x000000000000813c        0x4 .pio/build/trellis_synth/liba3a/libWire.a(Wire.cpp.o)
                0x000000000000813c                SERCOM2_1_Handler
 .text.SERCOM2_2_Handler
                0x0000000000008140        0x4 .pio/build/trellis_synth/liba3a/libWire.a(Wire.cpp.o)
                0x0000000000008140                SERCOM2_2_Handler
 .text.SERCOM2_3_Handler
                0x0000000000008144        0x4 .pio/build/trellis_synth/liba3a/libWire.a(Wire.cpp.o)
                0x0000000000008144                SERCOM2_3_Handler
 .text.startup._GLOBAL__sub_I__ZN7TwoWireC2EP6SERCOMhh
                0x0000000000008148       0x30 .pio/build/trellis_synth/liba3a/libWire.a(Wire.cpp.o)
 .text._ZN11AudioStream17initialize_memoryEP18audio_block_structj
                0x0000000000008178       0x70 .pio/build/trellis_synth/lib972/libAudio - Adafruit Fork.a(AudioStream.cpp.o)
                0x0000000000008178                AudioStream::initialize_memory(audio_block_struct*, unsigned int)
 .text._ZN11AudioStream8allocateEv
                0x00000000000081e8       0x90 .pio/build/trellis_synth/lib972/libAudio - Adafruit Fork.a(AudioStream.cpp.o)
                0x00000000000081e8                AudioStream::allocate()
 .text._ZN11AudioStream7releaseEP18audio_block_struct
                0x0000000000008278       0x50 .pio/build/trellis_synth/lib972/libAudio - Adafruit Fork.a(AudioStream.cpp.o)
                0x0000000000008278                AudioStream::release(audio_block_struct*)
 .text._ZN11AudioStream8transmitEP18audio_block_structh
                0x00000000000082c8       0x28 .pio/build/trellis_synth/lib972/libAudio - Adafruit Fork.a(AudioStream.cpp.o)
                0x00000000000082c8                AudioStream::transmit(audio_block_struct*, unsigned char)
 .text._ZN11AudioStream15receiveReadOnlyEj
                0x00000000000082f0       0x1a .pio/build/trellis_synth/lib972/libAudio - Adafruit Fork.a(AudioStream.cpp.o)
                0x00000000000082f0                AudioStream::receiveReadOnly(unsigned int)
 .text._ZN11AudioStream15receiveWritableEj
                0x000000000000830a       0x42 .pio/build/trellis_synth/lib972/libAudio - Adafruit Fork.a(AudioStream.cpp.o)
                0x000000000000830a                AudioStream::receiveWritable(unsigned int)
 .text._ZN15AudioConnection7connectEv
                0x000000000000834c       0x2c .pio/build/trellis_synth/lib972/libAudio - Adafruit Fork.a(AudioStream.cpp.o)
                0x000000000000834c                AudioConnection::connect()
 .text._ZN11AudioStream12update_setupEv
                0x0000000000008378       0x24 .pio/build/trellis_synth/lib972/libAudio - Adafruit Fork.a(AudioStream.cpp.o)
                0x0000000000008378                AudioStream::update_setup()
 .text._Z12software_isrv
                0x000000000000839c       0x2c .pio/build/trellis_synth/lib972/libAudio - Adafruit Fork.a(AudioStream.cpp.o)
                0x000000000000839c                software_isr()
 .text.EVSYS_4_Handler
                0x00000000000083c8        0x4 .pio/build/trellis_synth/lib972/libAudio - Adafruit Fork.a(AudioStream.cpp.o)
                0x00000000000083c8                EVSYS_4_Handler
 .text._ZN21AudioEffectBitcrusher6updateEv
                0x00000000000083cc       0xc2 .pio/build/trellis_synth/lib972/libAudio - Adafruit Fork.a(effect_bitcrusher.cpp.o)
                0x00000000000083cc                AudioEffectBitcrusher::update()
 .text._ZN16AudioEffectDelay6updateEv
                0x000000000000848e      0x174 .pio/build/trellis_synth/lib972/libAudio - Adafruit Fork.a(effect_delay.cpp.o)
                0x000000000000848e                AudioEffectDelay::update()
 .text._ZN19AudioEffectEnvelope6updateEv
                0x0000000000008602      0x156 .pio/build/trellis_synth/lib972/libAudio - Adafruit Fork.a(effect_envelope.cpp.o)
                0x0000000000008602                AudioEffectEnvelope::update()
 .text._ZN19AudioEffectEnvelope6noteOnEv
                0x0000000000008758       0x46 .pio/build/trellis_synth/lib972/libAudio - Adafruit Fork.a(effect_envelope.cpp.o)
                0x0000000000008758                AudioEffectEnvelope::noteOn()
 .text._ZN19AudioEffectEnvelope7noteOffEv
                0x000000000000879e       0x20 .pio/build/trellis_synth/lib972/libAudio - Adafruit Fork.a(effect_envelope.cpp.o)
                0x000000000000879e                AudioEffectEnvelope::noteOff()
 .text._ZN24AudioFilterStateVariable12update_fixedEPKsPsS2_S2_
                0x00000000000087be       0x8e .pio/build/trellis_synth/lib972/libAudio - Adafruit Fork.a(filter_variable.cpp.o)
                0x00000000000087be                AudioFilterStateVariable::update_fixed(short const*, short*, short*, short*)
 .text._ZN24AudioFilterStateVariable15update_variableEPKsS1_PsS2_S2_
                0x000000000000884c       0xe0 .pio/build/trellis_synth/lib972/libAudio - Adafruit Fork.a(filter_variable.cpp.o)
                0x000000000000884c                AudioFilterStateVariable::update_variable(short const*, short const*, short*, short*, short*)
 .text._ZN24AudioFilterStateVariable6updateEv
                0x000000000000892c       0xcc .pio/build/trellis_synth/lib972/libAudio - Adafruit Fork.a(filter_variable.cpp.o)
                0x000000000000892c                AudioFilterStateVariable::update()
 .text._ZN11AudioMixer46updateEv
                0x00000000000089f8      0x10e .pio/build/trellis_synth/lib972/libAudio - Adafruit Fork.a(mixer.cpp.o)
                0x00000000000089f8                AudioMixer4::update()
 *fill*         0x0000000000008b06        0x2 
 .text._ZN23AudioOutputAnalogStereo6updateEv
                0x0000000000008b08       0x80 .pio/build/trellis_synth/lib972/libAudio - Adafruit Fork.a(output_dacs.cpp.o)
                0x0000000000008b08                AudioOutputAnalogStereo::update()
 .text._ZN23AudioOutputAnalogStereo3isrEP16Adafruit_ZeroDMA
                0x0000000000008b88       0xe0 .pio/build/trellis_synth/lib972/libAudio - Adafruit Fork.a(output_dacs.cpp.o)
                0x0000000000008b88                AudioOutputAnalogStereo::isr(Adafruit_ZeroDMA*)
 .text._ZN23AudioOutputAnalogStereo5beginEv
                0x0000000000008c68      0x1f8 .pio/build/trellis_synth/lib972/libAudio - Adafruit Fork.a(output_dacs.cpp.o)
                0x0000000000008c68                AudioOutputAnalogStereo::begin()
 .text._ZN23AudioSynthKarplusStrong6updateEv
                0x0000000000008e60       0xd0 .pio/build/trellis_synth/lib972/libAudio - Adafruit Fork.a(synth_karplusstrong.cpp.o)
                0x0000000000008e60                AudioSynthKarplusStrong::update()
 .text._ZN18AudioSynthWaveform6updateEv
                0x0000000000008f30      0x200 .pio/build/trellis_synth/lib972/libAudio - Adafruit Fork.a(synth_waveform.cpp.o)
                0x0000000000008f30                AudioSynthWaveform::update()
 .text._ZN5Print5flushEv
                0x0000000000009130        0x2 .pio/build/trellis_synth/libc22/libAdafruit seesaw Library.a(Adafruit_seesaw.cpp.o)
                0x0000000000009130                Print::flush()
 *fill*         0x0000000000009132        0x2 
 .text._ZN15Adafruit_seesawC2EP7TwoWire
                0x0000000000009134       0x24 .pio/build/trellis_synth/libc22/libAdafruit seesaw Library.a(Adafruit_seesaw.cpp.o)
                0x0000000000009134                Adafruit_seesaw::Adafruit_seesaw(TwoWire*)
                0x0000000000009134                Adafruit_seesaw::Adafruit_seesaw(TwoWire*)
 .text._ZN15Adafruit_seesaw4readEhhPhht
                0x0000000000009158       0x9e .pio/build/trellis_synth/libc22/libAdafruit seesaw Library.a(Adafruit_seesaw.cpp.o)
                0x0000000000009158                Adafruit_seesaw::read(unsigned char, unsigned char, unsigned char*, unsigned char, unsigned short)
 .text._ZN15Adafruit_seesaw15digitalReadBulkEm
                0x00000000000091f6       0x1e .pio/build/trellis_synth/libc22/libAdafruit seesaw Library.a(Adafruit_seesaw.cpp.o)
                0x00000000000091f6                Adafruit_seesaw::digitalReadBulk(unsigned long)
 .text._ZN15Adafruit_seesaw16digitalReadBulkBEm
                0x0000000000009214       0x20 .pio/build/trellis_synth/libc22/libAdafruit seesaw Library.a(Adafruit_seesaw.cpp.o)
                0x0000000000009214                Adafruit_seesaw::digitalReadBulkB(unsigned long)
 .text._ZN15Adafruit_seesaw11digitalReadEh
                0x0000000000009234       0x26 .pio/build/trellis_synth/libc22/libAdafruit seesaw Library.a(Adafruit_seesaw.cpp.o)
                0x0000000000009234                Adafruit_seesaw::digitalRead(unsigned char)
 .text._ZN15Adafruit_seesaw10analogReadEh
                0x000000000000925a       0x4a .pio/build/trellis_synth/libc22/libAdafruit seesaw Library.a(Adafruit_seesaw.cpp.o)
                0x000000000000925a                Adafruit_seesaw::analogRead(unsigned char)
 .text._ZN15Adafruit_seesaw15getEncoderDeltaEh
                0x00000000000092a4       0x20 .pio/build/trellis_synth/libc22/libAdafruit seesaw Library.a(Adafruit_seesaw.cpp.o)
                0x00000000000092a4                Adafruit_seesaw::getEncoderDelta(unsigned char)
 .text._ZN15Adafruit_seesaw5writeEhhPhh
                0x00000000000092c4       0x42 .pio/build/trellis_synth/libc22/libAdafruit seesaw Library.a(Adafruit_seesaw.cpp.o)
                0x00000000000092c4                Adafruit_seesaw::write(unsigned char, unsigned char, unsigned char*, unsigned char)
 .text._ZN15Adafruit_seesaw11pinModeBulkEmh
                0x0000000000009306       0x7c .pio/build/trellis_synth/libc22/libAdafruit seesaw Library.a(Adafruit_seesaw.cpp.o)
                0x0000000000009306                Adafruit_seesaw::pinModeBulk(unsigned long, unsigned char)
 .text._ZN15Adafruit_seesaw11pinModeBulkEmmh
                0x0000000000009382       0x8c .pio/build/trellis_synth/libc22/libAdafruit seesaw Library.a(Adafruit_seesaw.cpp.o)
                0x0000000000009382                Adafruit_seesaw::pinModeBulk(unsigned long, unsigned long, unsigned char)
 .text._ZN15Adafruit_seesaw7pinModeEhh
                0x000000000000940e       0x28 .pio/build/trellis_synth/libc22/libAdafruit seesaw Library.a(Adafruit_seesaw.cpp.o)
                0x000000000000940e                Adafruit_seesaw::pinMode(unsigned char, unsigned char)
 .text._ZN15Adafruit_seesaw11analogWriteEhth
                0x0000000000009436       0x5a .pio/build/trellis_synth/libc22/libAdafruit seesaw Library.a(Adafruit_seesaw.cpp.o)
                0x0000000000009436                Adafruit_seesaw::analogWrite(unsigned char, unsigned short, unsigned char)
 .text._ZN15Adafruit_seesaw10setPWMFreqEht
                0x0000000000009490       0x44 .pio/build/trellis_synth/libc22/libAdafruit seesaw Library.a(Adafruit_seesaw.cpp.o)
                0x0000000000009490                Adafruit_seesaw::setPWMFreq(unsigned char, unsigned short)
 .text._ZN15Adafruit_seesaw6write8Ehhh
                0x00000000000094d4       0x18 .pio/build/trellis_synth/libc22/libAdafruit seesaw Library.a(Adafruit_seesaw.cpp.o)
                0x00000000000094d4                Adafruit_seesaw::write8(unsigned char, unsigned char, unsigned char)
 .text._ZN15Adafruit_seesaw7SWResetEv
                0x00000000000094ec        0xa .pio/build/trellis_synth/libc22/libAdafruit seesaw Library.a(Adafruit_seesaw.cpp.o)
                0x00000000000094ec                Adafruit_seesaw::SWReset()
 .text._ZN15Adafruit_seesaw5beginEhab
                0x00000000000094f6       0xc2 .pio/build/trellis_synth/libc22/libAdafruit seesaw Library.a(Adafruit_seesaw.cpp.o)
                0x00000000000094f6                Adafruit_seesaw::begin(unsigned char, signed char, bool)
 .text._ZN15Adafruit_seesaw5writeEh
                0x00000000000095b8       0x16 .pio/build/trellis_synth/libc22/libAdafruit seesaw Library.a(Adafruit_seesaw.cpp.o)
                0x00000000000095b8                Adafruit_seesaw::write(unsigned char)
 .text._ZN15Adafruit_seesaw5writeEPKc
                0x00000000000095ce       0x2e .pio/build/trellis_synth/libc22/libAdafruit seesaw Library.a(Adafruit_seesaw.cpp.o)
                0x00000000000095ce                Adafruit_seesaw::write(char const*)
 .text._ZN12Adafruit_GFX9writeLineEsssst
                0x00000000000095fc       0xbc .pio/build/trellis_synth/libad1/libAdafruit GFX Library.a(Adafruit_GFX.cpp.o)
                0x00000000000095fc                Adafruit_GFX::writeLine(short, short, short, short, unsigned short)
 .text._ZN12Adafruit_GFX10startWriteEv
                0x00000000000096b8        0x2 .pio/build/trellis_synth/libad1/libAdafruit GFX Library.a(Adafruit_GFX.cpp.o)
                0x00000000000096b8                Adafruit_GFX::endWrite()
                0x00000000000096b8                Adafruit_GFX::startWrite()
 .text._ZN12Adafruit_GFX10writePixelEsst
                0x00000000000096ba        0xe .pio/build/trellis_synth/libad1/libAdafruit GFX Library.a(Adafruit_GFX.cpp.o)
                0x00000000000096ba                Adafruit_GFX::writePixel(short, short, unsigned short)
 .text._ZN12Adafruit_GFX14writeFastVLineEssst
                0x00000000000096c8       0x12 .pio/build/trellis_synth/libad1/libAdafruit GFX Library.a(Adafruit_GFX.cpp.o)
                0x00000000000096c8                Adafruit_GFX::writeFastVLine(short, short, short, unsigned short)
 .text._ZN12Adafruit_GFX14writeFastHLineEssst
                0x00000000000096da       0x12 .pio/build/trellis_synth/libad1/libAdafruit GFX Library.a(Adafruit_GFX.cpp.o)
                0x00000000000096da                Adafruit_GFX::writeFastHLine(short, short, short, unsigned short)
 .text._ZN12Adafruit_GFX13writeFillRectEsssst
                0x00000000000096ec       0x18 .pio/build/trellis_synth/libad1/libAdafruit GFX Library.a(Adafruit_GFX.cpp.o)
                0x00000000000096ec                Adafruit_GFX::writeFillRect(short, short, short, short, unsigned short)
 .text._ZN12Adafruit_GFX13drawFastVLineEssst
                0x0000000000009704       0x3e .pio/build/trellis_synth/libad1/libAdafruit GFX Library.a(Adafruit_GFX.cpp.o)
                0x0000000000009704                Adafruit_GFX::drawFastVLine(short, short, short, unsigned short)
 .text._ZN12Adafruit_GFX13drawFastHLineEssst
                0x0000000000009742       0x3a .pio/build/trellis_synth/libad1/libAdafruit GFX Library.a(Adafruit_GFX.cpp.o)
                0x0000000000009742                Adafruit_GFX::drawFastHLine(short, short, short, unsigned short)
 .text._ZN12Adafruit_GFX8fillRectEsssst
                0x000000000000977c       0x46 .pio/build/trellis_synth/libad1/libAdafruit GFX Library.a(Adafruit_GFX.cpp.o)
                0x000000000000977c                Adafruit_GFX::fillRect(short, short, short, short, unsigned short)
 .text._ZN12Adafruit_GFX10fillScreenEt
                0x00000000000097c2       0x1c .pio/build/trellis_synth/libad1/libAdafruit GFX Library.a(Adafruit_GFX.cpp.o)
                0x00000000000097c2                Adafruit_GFX::fillScreen(unsigned short)
 .text._ZN12Adafruit_GFX8drawRectEsssst
                0x00000000000097de       0x80 .pio/build/trellis_synth/libad1/libAdafruit GFX Library.a(Adafruit_GFX.cpp.o)
                0x00000000000097de                Adafruit_GFX::drawRect(short, short, short, short, unsigned short)
 .text._ZN12Adafruit_GFX13invertDisplayEb
                0x000000000000985e        0x2 .pio/build/trellis_synth/libad1/libAdafruit GFX Library.a(Adafruit_GFX.cpp.o)
                0x000000000000985e                Adafruit_GFX::invertDisplay(bool)
 .text._ZN12Adafruit_GFX8drawLineEsssst
                0x0000000000009860       0x84 .pio/build/trellis_synth/libad1/libAdafruit GFX Library.a(Adafruit_GFX.cpp.o)
                0x0000000000009860                Adafruit_GFX::drawLine(short, short, short, short, unsigned short)
 .text._ZN12Adafruit_GFX11setRotationEh
                0x00000000000098e4       0x1c .pio/build/trellis_synth/libad1/libAdafruit GFX Library.a(Adafruit_GFX.cpp.o)
                0x00000000000098e4                Adafruit_GFX::setRotation(unsigned char)
 .text._ZN12Adafruit_GFXC2Ess
                0x0000000000009900       0x2c .pio/build/trellis_synth/libad1/libAdafruit GFX Library.a(Adafruit_GFX.cpp.o)
                0x0000000000009900                Adafruit_GFX::Adafruit_GFX(short, short)
                0x0000000000009900                Adafruit_GFX::Adafruit_GFX(short, short)
 .text._ZN12Adafruit_GFX10drawBitmapEssPKhsst
                0x000000000000992c       0xa8 .pio/build/trellis_synth/libad1/libAdafruit GFX Library.a(Adafruit_GFX.cpp.o)
                0x000000000000992c                Adafruit_GFX::drawBitmap(short, short, unsigned char const*, short, short, unsigned short)
 .text._ZN12Adafruit_GFX8drawCharEsshtthh
                0x00000000000099d4      0x2dc .pio/build/trellis_synth/libad1/libAdafruit GFX Library.a(Adafruit_GFX.cpp.o)
                0x00000000000099d4                Adafruit_GFX::drawChar(short, short, unsigned char, unsigned short, unsigned short, unsigned char, unsigned char)
 .text._ZN12Adafruit_GFX5writeEh
                0x0000000000009cb0      0x102 .pio/build/trellis_synth/libad1/libAdafruit GFX Library.a(Adafruit_GFX.cpp.o)
                0x0000000000009cb0                Adafruit_GFX::write(unsigned char)
 .text._ZN12Adafruit_GFX11setTextSizeEh
                0x0000000000009db2        0xc .pio/build/trellis_synth/libad1/libAdafruit GFX Library.a(Adafruit_GFX.cpp.o)
                0x0000000000009db2                Adafruit_GFX::setTextSize(unsigned char)
 .text._ZN12Adafruit_GFX7setFontEPK7GFXfont
                0x0000000000009dbe       0x1a .pio/build/trellis_synth/libad1/libAdafruit GFX Library.a(Adafruit_GFX.cpp.o)
                0x0000000000009dbe                Adafruit_GFX::setFont(GFXfont const*)
 .text._ZN16Adafruit_SSD13069drawPixelEsst
                0x0000000000009dd8       0xc2 .pio/build/trellis_synth/libe0f/libAdafruit SSD1306.a(Adafruit_SSD1306.cpp.o)
                0x0000000000009dd8                Adafruit_SSD1306::drawPixel(short, short, unsigned short)
 *fill*         0x0000000000009e9a        0x2 
 .text._ZN16Adafruit_SSD1306C2EhhP7TwoWireamm
                0x0000000000009e9c       0x58 .pio/build/trellis_synth/libe0f/libAdafruit SSD1306.a(Adafruit_SSD1306.cpp.o)
                0x0000000000009e9c                Adafruit_SSD1306::Adafruit_SSD1306(unsigned char, unsigned char, TwoWire*, signed char, unsigned long, unsigned long)
                0x0000000000009e9c                Adafruit_SSD1306::Adafruit_SSD1306(unsigned char, unsigned char, TwoWire*, signed char, unsigned long, unsigned long)
 .text._ZN16Adafruit_SSD1306D2Ev
                0x0000000000009ef4       0x10 .pio/build/trellis_synth/libe0f/libAdafruit SSD1306.a(Adafruit_SSD1306.cpp.o)
                0x0000000000009ef4                Adafruit_SSD1306::~Adafruit_SSD1306()
                0x0000000000009ef4                Adafruit_SSD1306::~Adafruit_SSD1306()
 .text._ZN16Adafruit_SSD130616ssd1306_command1Eh
                0x0000000000009f04       0x7c .pio/build/trellis_synth/libe0f/libAdafruit SSD1306.a(Adafruit_SSD1306.cpp.o)
                0x0000000000009f04                Adafruit_SSD1306::ssd1306_command1(unsigned char)
 .text._ZN16Adafruit_SSD130613invertDisplayEb
                0x0000000000009f80       0x5e .pio/build/trellis_synth/libe0f/libAdafruit SSD1306.a(Adafruit_SSD1306.cpp.o)
                0x0000000000009f80                Adafruit_SSD1306::invertDisplay(bool)
 .text._ZN16Adafruit_SSD130619ssd1306_commandListEPKhh
                0x0000000000009fde       0xcc .pio/build/trellis_synth/libe0f/libAdafruit SSD1306.a(Adafruit_SSD1306.cpp.o)
                0x0000000000009fde                Adafruit_SSD1306::ssd1306_commandList(unsigned char const*, unsigned char)
 .text._ZN16Adafruit_SSD130612clearDisplayEv
                0x000000000000a0aa       0x1c .pio/build/trellis_synth/libe0f/libAdafruit SSD1306.a(Adafruit_SSD1306.cpp.o)
                0x000000000000a0aa                Adafruit_SSD1306::clearDisplay()
 *fill*         0x000000000000a0c6        0x2 
 .text._ZN16Adafruit_SSD13065beginEhhbb
                0x000000000000a0c8      0x314 .pio/build/trellis_synth/libe0f/libAdafruit SSD1306.a(Adafruit_SSD1306.cpp.o)
                0x000000000000a0c8                Adafruit_SSD1306::begin(unsigned char, unsigned char, bool, bool)
 .text._ZN16Adafruit_SSD130621drawFastHLineInternalEssst
                0x000000000000a3dc       0x88 .pio/build/trellis_synth/libe0f/libAdafruit SSD1306.a(Adafruit_SSD1306.cpp.o)
                0x000000000000a3dc                Adafruit_SSD1306::drawFastHLineInternal(short, short, short, unsigned short)
 .text._ZN16Adafruit_SSD130621drawFastVLineInternalEssst
                0x000000000000a464      0x108 .pio/build/trellis_synth/libe0f/libAdafruit SSD1306.a(Adafruit_SSD1306.cpp.o)
                0x000000000000a464                Adafruit_SSD1306::drawFastVLineInternal(short, short, short, unsigned short)
 .text._ZN16Adafruit_SSD130613drawFastHLineEssst
                0x000000000000a56c       0x4e .pio/build/trellis_synth/libe0f/libAdafruit SSD1306.a(Adafruit_SSD1306.cpp.o)
                0x000000000000a56c                Adafruit_SSD1306::drawFastHLine(short, short, short, unsigned short)
 .text._ZN16Adafruit_SSD130613drawFastVLineEssst
                0x000000000000a5ba       0x4e .pio/build/trellis_synth/libe0f/libAdafruit SSD1306.a(Adafruit_SSD1306.cpp.o)
                0x000000000000a5ba                Adafruit_SSD1306::drawFastVLine(short, short, short, unsigned short)
 .text._ZN16Adafruit_SSD13067displayEv
                0x000000000000a608      0x144 .pio/build/trellis_synth/libe0f/libAdafruit SSD1306.a(Adafruit_SSD1306.cpp.o)
                0x000000000000a608                Adafruit_SSD1306::display()
 .text.SERCOM4_0_Handler
                0x000000000000a74c        0xc .pio/build/trellis_synth/libFrameworkArduinoVariant.a(variant.cpp.o)
                0x000000000000a74c                SERCOM4_0_Handler
 .text.SERCOM4_1_Handler
                0x000000000000a758        0x4 .pio/build/trellis_synth/libFrameworkArduinoVariant.a(variant.cpp.o)
                0x000000000000a758                SERCOM4_1_Handler
 .text.SERCOM4_2_Handler
                0x000000000000a75c        0x4 .pio/build/trellis_synth/libFrameworkArduinoVariant.a(variant.cpp.o)
                0x000000000000a75c                SERCOM4_2_Handler
 .text.SERCOM4_3_Handler
                0x000000000000a760        0x4 .pio/build/trellis_synth/libFrameworkArduinoVariant.a(variant.cpp.o)
                0x000000000000a760                SERCOM4_3_Handler
 .text.startup._GLOBAL__sub_I_g_APinDescription
                0x000000000000a764       0x80 .pio/build/trellis_synth/libFrameworkArduinoVariant.a(variant.cpp.o)
 .text._ZN5Print5writeEPKhj
                0x000000000000a7e4       0x22 .pio/build/trellis_synth/libFrameworkArduino.a(Print.cpp.o)
                0x000000000000a7e4                Print::write(unsigned char const*, unsigned int)
 .text._ZN5Print5writeEPKc
                0x000000000000a806       0x24 .pio/build/trellis_synth/libFrameworkArduino.a(Print.cpp.o)
                0x000000000000a806                Print::write(char const*)
 .text._ZN5Print5printEPKc
                0x000000000000a82a        0x8 .pio/build/trellis_synth/libFrameworkArduino.a(Print.cpp.o)
                0x000000000000a82a                Print::print(char const*)
 .text._ZN5Print5printEc
                0x000000000000a832        0x6 .pio/build/trellis_synth/libFrameworkArduino.a(Print.cpp.o)
                0x000000000000a832                Print::print(char)
 .text._ZN5Print7printlnEv
                0x000000000000a838       0x10 .pio/build/trellis_synth/libFrameworkArduino.a(Print.cpp.o)
                0x000000000000a838                Print::println()
 .text._ZN5Print7printlnEPKc
                0x000000000000a848       0x14 .pio/build/trellis_synth/libFrameworkArduino.a(Print.cpp.o)
                0x000000000000a848                Print::println(char const*)
 .text._ZN5Print6printfEPKcz
                0x000000000000a85c       0x2a .pio/build/trellis_synth/libFrameworkArduino.a(Print.cpp.o)
                0x000000000000a85c                Print::printf(char const*, ...)
 .text._ZN5Print11printNumberEmh
                0x000000000000a886       0x3c .pio/build/trellis_synth/libFrameworkArduino.a(Print.cpp.o)
                0x000000000000a886                Print::printNumber(unsigned long, unsigned char)
 .text._ZN5Print5printEli
                0x000000000000a8c2       0x42 .pio/build/trellis_synth/libFrameworkArduino.a(Print.cpp.o)
                0x000000000000a8c2                Print::print(long, int)
 .text._ZN5Print5printEii
                0x000000000000a904        0x4 .pio/build/trellis_synth/libFrameworkArduino.a(Print.cpp.o)
                0x000000000000a904                Print::print(int, int)
 .text._ZN5Print10printFloatEdh
                0x000000000000a908      0x170 .pio/build/trellis_synth/libFrameworkArduino.a(Print.cpp.o)
                0x000000000000a908                Print::printFloat(double, unsigned char)
 .text._ZN5Print5printEdi
                0x000000000000aa78        0x6 .pio/build/trellis_synth/libFrameworkArduino.a(Print.cpp.o)
                0x000000000000aa78                Print::print(double, int)
 .text._ZN6SERCOMC2EP6Sercom
                0x000000000000aa7e        0x8 .pio/build/trellis_synth/libFrameworkArduino.a(SERCOM.cpp.o)
                0x000000000000aa7e                SERCOM::SERCOM(Sercom*)
                0x000000000000aa7e                SERCOM::SERCOM(Sercom*)
 .text._ZN6SERCOM9initFrameE18SercomUartCharSize15SercomDataOrder16SercomParityMode19SercomNumberStopBit
                0x000000000000aa86       0x38 .pio/build/trellis_synth/libFrameworkArduino.a(SERCOM.cpp.o)
                0x000000000000aa86                SERCOM::initFrame(SercomUartCharSize, SercomDataOrder, SercomParityMode, SercomNumberStopBit)
 .text._ZN6SERCOM8initPadsE15SercomUartTXPad11SercomRXPad
                0x000000000000aabe       0x24 .pio/build/trellis_synth/libFrameworkArduino.a(SERCOM.cpp.o)
                0x000000000000aabe                SERCOM::initPads(SercomUartTXPad, SercomRXPad)
 .text._ZN6SERCOM9resetUARTEv
                0x000000000000aae2       0x1a .pio/build/trellis_synth/libFrameworkArduino.a(SERCOM.cpp.o)
                0x000000000000aae2                SERCOM::resetUART()
 .text._ZN6SERCOM10enableUARTEv
                0x000000000000aafc       0x14 .pio/build/trellis_synth/libFrameworkArduino.a(SERCOM.cpp.o)
                0x000000000000aafc                SERCOM::enableUART()
 .text._ZN6SERCOM9flushUARTEv
                0x000000000000ab10       0x14 .pio/build/trellis_synth/libFrameworkArduino.a(SERCOM.cpp.o)
                0x000000000000ab10                SERCOM::flushUART()
 .text._ZN6SERCOM15clearStatusUARTEv
                0x000000000000ab24        0x8 .pio/build/trellis_synth/libFrameworkArduino.a(SERCOM.cpp.o)
                0x000000000000ab24                SERCOM::clearStatusUART()
 .text._ZN6SERCOM17availableDataUARTEv
                0x000000000000ab2c        0xa .pio/build/trellis_synth/libFrameworkArduino.a(SERCOM.cpp.o)
                0x000000000000ab2c                SERCOM::availableDataUART()
 .text._ZN6SERCOM11isUARTErrorEv
                0x000000000000ab36        0x8 .pio/build/trellis_synth/libFrameworkArduino.a(SERCOM.cpp.o)
                0x000000000000ab36                SERCOM::isUARTError()
 .text._ZN6SERCOM20acknowledgeUARTErrorEv
                0x000000000000ab3e        0xc .pio/build/trellis_synth/libFrameworkArduino.a(SERCOM.cpp.o)
                0x000000000000ab3e                SERCOM::acknowledgeUARTError()
 .text._ZN6SERCOM16isFrameErrorUARTEv
                0x000000000000ab4a        0xa .pio/build/trellis_synth/libFrameworkArduino.a(SERCOM.cpp.o)
                0x000000000000ab4a                SERCOM::isFrameErrorUART()
 .text._ZN6SERCOM19clearFrameErrorUARTEv
                0x000000000000ab54        0xc .pio/build/trellis_synth/libFrameworkArduino.a(SERCOM.cpp.o)
                0x000000000000ab54                SERCOM::clearFrameErrorUART()
 .text._ZN6SERCOM23isDataRegisterEmptyUARTEv
                0x000000000000ab60        0xa .pio/build/trellis_synth/libFrameworkArduino.a(SERCOM.cpp.o)
                0x000000000000ab60                SERCOM::isDataRegisterEmptyUART()
 .text._ZN6SERCOM12readDataUARTEv
                0x000000000000ab6a        0x8 .pio/build/trellis_synth/libFrameworkArduino.a(SERCOM.cpp.o)
                0x000000000000ab6a                SERCOM::readDataUART()
 .text._ZN6SERCOM13writeDataUARTEh
                0x000000000000ab72        0xe .pio/build/trellis_synth/libFrameworkArduino.a(SERCOM.cpp.o)
                0x000000000000ab72                SERCOM::writeDataUART(unsigned char)
 .text._ZN6SERCOM36enableDataRegisterEmptyInterruptUARTEv
                0x000000000000ab80        0x8 .pio/build/trellis_synth/libFrameworkArduino.a(SERCOM.cpp.o)
                0x000000000000ab80                SERCOM::enableDataRegisterEmptyInterruptUART()
 .text._ZN6SERCOM37disableDataRegisterEmptyInterruptUARTEv
                0x000000000000ab88        0x8 .pio/build/trellis_synth/libFrameworkArduino.a(SERCOM.cpp.o)
                0x000000000000ab88                SERCOM::disableDataRegisterEmptyInterruptUART()
 .text._ZN6SERCOM8resetSPIEv
                0x000000000000ab90       0x1a .pio/build/trellis_synth/libFrameworkArduino.a(SERCOM.cpp.o)
                0x000000000000ab90                SERCOM::resetSPI()
 .text._ZN6SERCOM9enableSPIEv
                0x000000000000abaa       0x14 .pio/build/trellis_synth/libFrameworkArduino.a(SERCOM.cpp.o)
                0x000000000000abaa                SERCOM::enableSPI()
 .text._ZN6SERCOM10disableSPIEv
                0x000000000000abbe       0x16 .pio/build/trellis_synth/libFrameworkArduino.a(SERCOM.cpp.o)
                0x000000000000abbe                SERCOM::disableSPI()
 .text._ZN6SERCOM15transferDataSPIEh
                0x000000000000abd4       0x12 .pio/build/trellis_synth/libFrameworkArduino.a(SERCOM.cpp.o)
                0x000000000000abd4                SERCOM::transferDataSPI(unsigned char)
 .text._ZN6SERCOM28calculateBaudrateSynchronousEm
                0x000000000000abe6       0x14 .pio/build/trellis_synth/libFrameworkArduino.a(SERCOM.cpp.o)
                0x000000000000abe6                SERCOM::calculateBaudrateSynchronous(unsigned long)
 .text._ZN6SERCOM12initSPIClockE18SercomSpiClockModem
                0x000000000000abfa       0x26 .pio/build/trellis_synth/libFrameworkArduino.a(SERCOM.cpp.o)
                0x000000000000abfa                SERCOM::initSPIClock(SercomSpiClockMode, unsigned long)
 .text._ZN6SERCOM9resetWIREEv
                0x000000000000ac20       0x1a .pio/build/trellis_synth/libFrameworkArduino.a(SERCOM.cpp.o)
                0x000000000000ac20                SERCOM::resetWIRE()
 .text._ZN6SERCOM10enableWIREEv
                0x000000000000ac3a       0x26 .pio/build/trellis_synth/libFrameworkArduino.a(SERCOM.cpp.o)
                0x000000000000ac3a                SERCOM::enableWIRE()
 .text._ZN6SERCOM11disableWIREEv
                0x000000000000ac60       0x14 .pio/build/trellis_synth/libFrameworkArduino.a(SERCOM.cpp.o)
                0x000000000000ac60                SERCOM::disableWIRE()
 .text._ZN6SERCOM18prepareNackBitWIREEv
                0x000000000000ac74        0xe .pio/build/trellis_synth/libFrameworkArduino.a(SERCOM.cpp.o)
                0x000000000000ac74                SERCOM::prepareNackBitWIRE()
 .text._ZN6SERCOM17prepareAckBitWIREEv
                0x000000000000ac82        0xe .pio/build/trellis_synth/libFrameworkArduino.a(SERCOM.cpp.o)
                0x000000000000ac82                SERCOM::prepareAckBitWIRE()
 .text._ZN6SERCOM22prepareCommandBitsWireEh
                0x000000000000ac90       0x24 .pio/build/trellis_synth/libFrameworkArduino.a(SERCOM.cpp.o)
                0x000000000000ac90                SERCOM::prepareCommandBitsWire(unsigned char)
 .text._ZN6SERCOM21startTransmissionWIREEh23SercomWireReadWriteFlag
                0x000000000000acb4       0x7a .pio/build/trellis_synth/libFrameworkArduino.a(SERCOM.cpp.o)
                0x000000000000acb4                SERCOM::startTransmissionWIRE(unsigned char, SercomWireReadWriteFlag)
 .text._ZN6SERCOM18sendDataMasterWIREEh
                0x000000000000ad2e       0x22 .pio/build/trellis_synth/libFrameworkArduino.a(SERCOM.cpp.o)
                0x000000000000ad2e                SERCOM::sendDataMasterWIRE(unsigned char)
 .text._ZN6SERCOM17sendDataSlaveWIREEh
                0x000000000000ad50       0x1c .pio/build/trellis_synth/libFrameworkArduino.a(SERCOM.cpp.o)
                0x000000000000ad50                SERCOM::sendDataSlaveWIRE(unsigned char)
 .text._ZN6SERCOM11isSlaveWIREEv
                0x000000000000ad6c       0x10 .pio/build/trellis_synth/libFrameworkArduino.a(SERCOM.cpp.o)
                0x000000000000ad6c                SERCOM::isSlaveWIRE()
 .text._ZN6SERCOM15isDataReadyWIREEv
                0x000000000000ad7c        0xa .pio/build/trellis_synth/libFrameworkArduino.a(SERCOM.cpp.o)
                0x000000000000ad7c                SERCOM::isDataReadyWIRE()
 .text._ZN6SERCOM18isStopDetectedWIREEv
                0x000000000000ad86        0xa .pio/build/trellis_synth/libFrameworkArduino.a(SERCOM.cpp.o)
                0x000000000000ad86                SERCOM::isStopDetectedWIRE()
 .text._ZN6SERCOM21isRestartDetectedWIREEv
                0x000000000000ad90        0xa .pio/build/trellis_synth/libFrameworkArduino.a(SERCOM.cpp.o)
                0x000000000000ad90                SERCOM::isRestartDetectedWIRE()
 .text._ZN6SERCOM14isAddressMatchEv
                0x000000000000ad9a        0xa .pio/build/trellis_synth/libFrameworkArduino.a(SERCOM.cpp.o)
                0x000000000000ad9a                SERCOM::isAddressMatch()
 .text._ZN6SERCOM25isMasterReadOperationWIREEv
                0x000000000000ada4        0xa .pio/build/trellis_synth/libFrameworkArduino.a(SERCOM.cpp.o)
                0x000000000000ada4                SERCOM::isMasterReadOperationWIRE()
 .text._ZN6SERCOM12readDataWIREEv
                0x000000000000adae       0x18 .pio/build/trellis_synth/libFrameworkArduino.a(SERCOM.cpp.o)
                0x000000000000adae                SERCOM::readDataWIRE()
 *fill*         0x000000000000adc6        0x2 
 .text._ZN6SERCOM14getSercomIndexEv
                0x000000000000adc8       0x58 .pio/build/trellis_synth/libFrameworkArduino.a(SERCOM.cpp.o)
                0x000000000000adc8                SERCOM::getSercomIndex()
 .text._ZN6SERCOM14setClockSourceEa17SercomClockSourceb
                0x000000000000ae20       0xb0 .pio/build/trellis_synth/libFrameworkArduino.a(SERCOM.cpp.o)
                0x000000000000ae20                SERCOM::setClockSource(signed char, SercomClockSource, bool)
 .text._ZN6SERCOM13initClockNVICEv
                0x000000000000aed0       0x9c .pio/build/trellis_synth/libFrameworkArduino.a(SERCOM.cpp.o)
                0x000000000000aed0                SERCOM::initClockNVIC()
 .text._ZN6SERCOM8initUARTE14SercomUartMode20SercomUartSampleRatem
                0x000000000000af6c       0x5c .pio/build/trellis_synth/libFrameworkArduino.a(SERCOM.cpp.o)
                0x000000000000af6c                SERCOM::initUART(SercomUartMode, SercomUartSampleRate, unsigned long)
 .text._ZN6SERCOM7initSPIE14SercomSpiTXPad11SercomRXPad17SercomSpiCharSize15SercomDataOrder
                0x000000000000afc8       0x46 .pio/build/trellis_synth/libFrameworkArduino.a(SERCOM.cpp.o)
                0x000000000000afc8                SERCOM::initSPI(SercomSpiTXPad, SercomRXPad, SercomSpiCharSize, SercomDataOrder)
 *fill*         0x000000000000b00e        0x2 
 .text._ZN6SERCOM14initMasterWIREEm
                0x000000000000b010       0x34 .pio/build/trellis_synth/libFrameworkArduino.a(SERCOM.cpp.o)
                0x000000000000b010                SERCOM::initMasterWIRE(unsigned long)
 .text._ZN7Serial_17availableForWriteEv
                0x000000000000b044        0x4 .pio/build/trellis_synth/libFrameworkArduino.a(CDC.cpp.o)
                0x000000000000b044                Serial_::availableForWrite()
 .text._ZN7Serial_5writeEh
                0x000000000000b048       0x18 .pio/build/trellis_synth/libFrameworkArduino.a(CDC.cpp.o)
                0x000000000000b048                Serial_::write(unsigned char)
 .text._ZN7Serial_9availableEv
                0x000000000000b060        0x8 .pio/build/trellis_synth/libFrameworkArduino.a(CDC.cpp.o)
                0x000000000000b060                Serial_::available()
 .text._ZN7Serial_5flushEv
                0x000000000000b068        0x8 .pio/build/trellis_synth/libFrameworkArduino.a(CDC.cpp.o)
                0x000000000000b068                Serial_::flush()
 .text._ZN7Serial_5writeEPKhj
                0x000000000000b070       0x28 .pio/build/trellis_synth/libFrameworkArduino.a(CDC.cpp.o)
                0x000000000000b070                Serial_::write(unsigned char const*, unsigned int)
 .text._ZN7Serial_4peekEv
                0x000000000000b098       0x1c .pio/build/trellis_synth/libFrameworkArduino.a(CDC.cpp.o)
                0x000000000000b098                Serial_::peek()
 .text._ZN7Serial_4readEv
                0x000000000000b0b4       0x20 .pio/build/trellis_synth/libFrameworkArduino.a(CDC.cpp.o)
                0x000000000000b0b4                Serial_::read()
 .text._Z16CDC_GetInterfacePh
                0x000000000000b0d4       0x18 .pio/build/trellis_synth/libFrameworkArduino.a(CDC.cpp.o)
                0x000000000000b0d4                CDC_GetInterface(unsigned char*)
 .text._Z9CDC_SetupR8USBSetup
                0x000000000000b0ec       0x74 .pio/build/trellis_synth/libFrameworkArduino.a(CDC.cpp.o)
                0x000000000000b0ec                CDC_Setup(USBSetup&)
 .text._ZN7Serial_5beginEm
                0x000000000000b160        0x2 .pio/build/trellis_synth/libFrameworkArduino.a(CDC.cpp.o)
                0x000000000000b160                Serial_::begin(unsigned long)
 *fill*         0x000000000000b162        0x2 
 .text.startup._GLOBAL__sub_I__Z17_CDC_GetInterfacev
                0x000000000000b164       0x24 .pio/build/trellis_synth/libFrameworkArduino.a(CDC.cpp.o)
 .text._ZN26DoubleBufferedEPOutHandler4initEv
                0x000000000000b188        0x2 .pio/build/trellis_synth/libFrameworkArduino.a(USBCore.cpp.o)
                0x000000000000b188                DoubleBufferedEPOutHandler::init()
 .text._ZL5utox8mPc
                0x000000000000b18a       0x22 .pio/build/trellis_synth/libFrameworkArduino.a(USBCore.cpp.o)
 .text._ZN26DoubleBufferedEPOutHandlerD2Ev
                0x000000000000b1ac       0x14 .pio/build/trellis_synth/libFrameworkArduino.a(USBCore.cpp.o)
                0x000000000000b1ac                DoubleBufferedEPOutHandler::~DoubleBufferedEPOutHandler()
                0x000000000000b1ac                DoubleBufferedEPOutHandler::~DoubleBufferedEPOutHandler()
 .text._ZN26DoubleBufferedEPOutHandlerD0Ev
                0x000000000000b1c0       0x12 .pio/build/trellis_synth/libFrameworkArduino.a(USBCore.cpp.o)
                0x000000000000b1c0                DoubleBufferedEPOutHandler::~DoubleBufferedEPOutHandler()
 *fill*         0x000000000000b1d2        0x2 
 .text._ZN14USBDeviceClass6initEPEmm.part.0
                0x000000000000b1d4       0xc8 .pio/build/trellis_synth/libFrameworkArduino.a(USBCore.cpp.o)
 .text._ZN7__GuardC2Ev
                0x000000000000b29c        0xe .pio/build/trellis_synth/libFrameworkArduino.a(USBCore.cpp.o)
                0x000000000000b29c                __Guard::__Guard()
                0x000000000000b29c                __Guard::__Guard()
 .text._ZN7__GuardD2Ev
                0x000000000000b2aa        0xc .pio/build/trellis_synth/libFrameworkArduino.a(USBCore.cpp.o)
                0x000000000000b2aa                __Guard::~__Guard()
                0x000000000000b2aa                __Guard::~__Guard()
 .text._ZNK26DoubleBufferedEPOutHandler9availableEv
                0x000000000000b2b6       0x5a .pio/build/trellis_synth/libFrameworkArduino.a(USBCore.cpp.o)
                0x000000000000b2b6                DoubleBufferedEPOutHandler::available() const
 .text._ZN26DoubleBufferedEPOutHandler7releaseEv
                0x000000000000b310       0x46 .pio/build/trellis_synth/libFrameworkArduino.a(USBCore.cpp.o)
                0x000000000000b310                DoubleBufferedEPOutHandler::release()
 .text._ZN26DoubleBufferedEPOutHandler4recvEPvm
                0x000000000000b356      0x110 .pio/build/trellis_synth/libFrameworkArduino.a(USBCore.cpp.o)
                0x000000000000b356                DoubleBufferedEPOutHandler::recv(void*, unsigned long)
 .text._ZN26DoubleBufferedEPOutHandler14handleEndpointEv
                0x000000000000b466       0xb4 .pio/build/trellis_synth/libFrameworkArduino.a(USBCore.cpp.o)
                0x000000000000b466                DoubleBufferedEPOutHandler::handleEndpoint()
 .text._ZN14USBDeviceClass14SendInterfacesEPm
                0x000000000000b51a       0x32 .pio/build/trellis_synth/libFrameworkArduino.a(USBCore.cpp.o)
                0x000000000000b51a                USBDeviceClass::SendInterfaces(unsigned long*)
 .text._ZN14USBDeviceClass14handleEndpointEh
                0x000000000000b54c       0x3c .pio/build/trellis_synth/libFrameworkArduino.a(USBCore.cpp.o)
                0x000000000000b54c                USBDeviceClass::handleEndpoint(unsigned char)
 .text._ZN14USBDeviceClass4initEv
                0x000000000000b588       0xf0 .pio/build/trellis_synth/libFrameworkArduino.a(USBCore.cpp.o)
                0x000000000000b588                USBDeviceClass::init()
 .text._ZN14USBDeviceClass6attachEv
                0x000000000000b678       0x30 .pio/build/trellis_synth/libFrameworkArduino.a(USBCore.cpp.o)
                0x000000000000b678                USBDeviceClass::attach()
 .text._ZN14USBDeviceClass10setAddressEm
                0x000000000000b6a8       0x40 .pio/build/trellis_synth/libFrameworkArduino.a(USBCore.cpp.o)
                0x000000000000b6a8                USBDeviceClass::setAddress(unsigned long)
 .text._ZN14USBDeviceClass25handleClassInterfaceSetupER8USBSetup
                0x000000000000b6e8       0x44 .pio/build/trellis_synth/libFrameworkArduino.a(USBCore.cpp.o)
                0x000000000000b6e8                USBDeviceClass::handleClassInterfaceSetup(USBSetup&)
 .text._ZN14USBDeviceClass6initEPEmm
                0x000000000000b72c       0xdc .pio/build/trellis_synth/libFrameworkArduino.a(USBCore.cpp.o)
                0x000000000000b72c                USBDeviceClass::initEP(unsigned long, unsigned long)
 .text._ZN14USBDeviceClass13initEndpointsEv
                0x000000000000b808       0x20 .pio/build/trellis_synth/libFrameworkArduino.a(USBCore.cpp.o)
                0x000000000000b808                USBDeviceClass::initEndpoints()
 .text._ZN14USBDeviceClass9availableEm
                0x000000000000b828       0x28 .pio/build/trellis_synth/libFrameworkArduino.a(USBCore.cpp.o)
                0x000000000000b828                USBDeviceClass::available(unsigned long)
 .text._ZN14USBDeviceClass5flushEm
                0x000000000000b850       0x28 .pio/build/trellis_synth/libFrameworkArduino.a(USBCore.cpp.o)
                0x000000000000b850                USBDeviceClass::flush(unsigned long)
 .text._ZN14USBDeviceClass14armRecvCtrlOUTEm
                0x000000000000b878       0x58 .pio/build/trellis_synth/libFrameworkArduino.a(USBCore.cpp.o)
                0x000000000000b878                USBDeviceClass::armRecvCtrlOUT(unsigned long)
 .text._ZN14USBDeviceClass11recvControlEPvm
                0x000000000000b8d0       0x40 .pio/build/trellis_synth/libFrameworkArduino.a(USBCore.cpp.o)
                0x000000000000b8d0                USBDeviceClass::recvControl(void*, unsigned long)
 .text._ZN14USBDeviceClass7armRecvEm
                0x000000000000b910       0x38 .pio/build/trellis_synth/libFrameworkArduino.a(USBCore.cpp.o)
                0x000000000000b910                USBDeviceClass::armRecv(unsigned long)
 .text._ZN14USBDeviceClass4recvEmPvm
                0x000000000000b948       0xc0 .pio/build/trellis_synth/libFrameworkArduino.a(USBCore.cpp.o)
                0x000000000000b948                USBDeviceClass::recv(unsigned long, void*, unsigned long)
 .text._ZN14USBDeviceClass4recvEm
                0x000000000000ba08       0x1e .pio/build/trellis_synth/libFrameworkArduino.a(USBCore.cpp.o)
                0x000000000000ba08                USBDeviceClass::recv(unsigned long)
 *fill*         0x000000000000ba26        0x2 
 .text._ZN14USBDeviceClass4sendEmPKvm
                0x000000000000ba28       0xf4 .pio/build/trellis_synth/libFrameworkArduino.a(USBCore.cpp.o)
                0x000000000000ba28                USBDeviceClass::send(unsigned long, void const*, unsigned long)
 .text._ZN14USBDeviceClass7armSendEmPKvm
                0x000000000000bb1c       0x40 .pio/build/trellis_synth/libFrameworkArduino.a(USBCore.cpp.o)
                0x000000000000bb1c                USBDeviceClass::armSend(unsigned long, void const*, unsigned long)
 .text._ZN14USBDeviceClass11sendControlEPKvm
                0x000000000000bb5c       0x58 .pio/build/trellis_synth/libFrameworkArduino.a(USBCore.cpp.o)
                0x000000000000bb5c                USBDeviceClass::sendControl(void const*, unsigned long)
 .text._ZN14USBDeviceClass20sendStringDescriptorEPKhm
                0x000000000000bbb4       0x68 .pio/build/trellis_synth/libFrameworkArduino.a(USBCore.cpp.o)
                0x000000000000bbb4                USBDeviceClass::sendStringDescriptor(unsigned char const*, unsigned long)
 .text._ZN14USBDeviceClass17sendConfigurationEm
                0x000000000000bc1c       0x98 .pio/build/trellis_synth/libFrameworkArduino.a(USBCore.cpp.o)
                0x000000000000bc1c                USBDeviceClass::sendConfiguration(unsigned long)
 .text._ZN14USBDeviceClass14sendDescriptorER8USBSetup
                0x000000000000bcb4       0xe8 .pio/build/trellis_synth/libFrameworkArduino.a(USBCore.cpp.o)
                0x000000000000bcb4                USBDeviceClass::sendDescriptor(USBSetup&)
 .text._ZN14USBDeviceClass19handleStandardSetupER8USBSetup
                0x000000000000bd9c      0x114 .pio/build/trellis_synth/libFrameworkArduino.a(USBCore.cpp.o)
                0x000000000000bd9c                USBDeviceClass::handleStandardSetup(USBSetup&)
 .text._ZN14USBDeviceClass10ISRHandlerEv
                0x000000000000beb0      0x118 .pio/build/trellis_synth/libFrameworkArduino.a(USBCore.cpp.o)
                0x000000000000beb0                USBDeviceClass::ISRHandler()
 .text.UDD_Handler
                0x000000000000bfc8        0xc .pio/build/trellis_synth/libFrameworkArduino.a(USBCore.cpp.o)
                0x000000000000bfc8                UDD_Handler
 .text.startup._GLOBAL__sub_I_usbd
                0x000000000000bfd4       0x10 .pio/build/trellis_synth/libFrameworkArduino.a(USBCore.cpp.o)
 .text._ZN4UartcvbEv
                0x000000000000bfe4        0x4 .pio/build/trellis_synth/libFrameworkArduino.a(Uart.cpp.o)
                0x000000000000bfe4                Uart::operator bool()
 .text._ZN4Uart5beginEm
                0x000000000000bfe8        0xa .pio/build/trellis_synth/libFrameworkArduino.a(Uart.cpp.o)
                0x000000000000bfe8                Uart::begin(unsigned long)
 .text._ZN4Uart4peekEv
                0x000000000000bff2       0x1a .pio/build/trellis_synth/libFrameworkArduino.a(Uart.cpp.o)
                0x000000000000bff2                Uart::peek()
 .text._ZN4Uart3endEv
                0x000000000000c00c       0x1e .pio/build/trellis_synth/libFrameworkArduino.a(Uart.cpp.o)
                0x000000000000c00c                Uart::end()
 .text._ZN4Uart15extractCharSizeEt
                0x000000000000c02a       0x24 .pio/build/trellis_synth/libFrameworkArduino.a(Uart.cpp.o)
                0x000000000000c02a                Uart::extractCharSize(unsigned short)
 .text._ZN4Uart13extractParityEt
                0x000000000000c04e       0x16 .pio/build/trellis_synth/libFrameworkArduino.a(Uart.cpp.o)
                0x000000000000c04e                Uart::extractParity(unsigned short)
 .text._ZN4Uart5beginEmt
                0x000000000000c064       0xe0 .pio/build/trellis_synth/libFrameworkArduino.a(Uart.cpp.o)
                0x000000000000c064                Uart::begin(unsigned long, unsigned short)
 .text._ZN11RingBufferNILi350EEC2Ev
                0x000000000000c144       0x1c .pio/build/trellis_synth/libFrameworkArduino.a(Uart.cpp.o)