Archive member included to satisfy reference by file (symbol)

.pio/build/trellis_synth/lib21b/libAdafruit Zero DMA Library.a(Adafruit_ZeroDMA.cpp.o)
                              .pio/build/trellis_synth/src/trellis_synth.cpp.o (DMAC_0_Handler)
.pio/build/trellis_synth/lib8f4/libAdafruit DMA neopixel library.a(Adafruit_NeoPixel_ZeroDMA.cpp.o)
                              .pio/build/trellis_synth/src/trellis_synth.cpp.o (Adafruit_NeoPixel_ZeroDMA::~Adafruit_NeoPixel_ZeroDMA())
.pio/build/trellis_synth/lib8b3/libAdafruit Keypad.a(Adafruit_Keypad.cpp.o)
                              .pio/build/trellis_synth/src/trellis_synth.cpp.o (Adafruit_Keypad::~Adafruit_Keypad())
.pio/build/trellis_synth/lib8f5/libAdafruit NeoTrellis M4 Library.a(Adafruit_NeoTrellisM4.cpp.o)
                              .pio/build/trellis_synth/src/trellis_synth.cpp.o (Adafruit_NeoTrellisM4::Adafruit_NeoTrellisM4())
.pio/build/trellis_synth/liba3a/libWire.a(Wire.cpp.o)
                              .pio/build/trellis_synth/src/trellis_synth.cpp.o (Wire)
.pio/build/trellis_synth/lib972/libAudio - Adafruit Fork.a(AudioStream.cpp.o)
                              .pio/build/trellis_synth/src/trellis_synth.cpp.o (AudioStream::initialize_memory(audio_block_struct*, unsigned int))
.pio/build/trellis_synth/lib972/libAudio - Adafruit Fork.a(effect_bitcrusher.cpp.o)
                              .pio/build/trellis_synth/src/polysynth32.cpp.o (vtable for AudioEffectBitcrusher)
.pio/build/trellis_synth/lib972/libAudio - Adafruit Fork.a(effect_envelope.cpp.o)
                              .pio/build/trellis_synth/src/polysynth.cpp.o (AudioEffectEnvelope::noteOn())
.pio/build/trellis_synth/lib972/libAudio - Adafruit Fork.a(filter_variable.cpp.o)
                              .pio/build/trellis_synth/src/synthnote.cpp.o (vtable for AudioFilterStateVariable)
.pio/build/trellis_synth/lib972/libAudio - Adafruit Fork.a(mixer.cpp.o)
                              .pio/build/trellis_synth/src/polysynth32.cpp.o (vtable for AudioMixer4)
.pio/build/trellis_synth/lib972/libAudio - Adafruit Fork.a(output_dacs.cpp.o)
                              .pio/build/trellis_synth/src/trellis_synth.cpp.o (AudioOutputAnalogStereo::begin())
.pio/build/trellis_synth/lib972/libAudio - Adafruit Fork.a(synth_karplusstrong.cpp.o)
                              .pio/build/trellis_synth/src/guitarnote.cpp.o (vtable for AudioSynthKarplusStrong)
.pio/build/trellis_synth/lib972/libAudio - Adafruit Fork.a(synth_waveform.cpp.o)
                              .pio/build/trellis_synth/src/simplesynthnote.cpp.o (vtable for AudioSynthWaveform)
.pio/build/trellis_synth/lib972/libAudio - Adafruit Fork.a(data_waveforms.c.o)
                              .pio/build/trellis_synth/lib972/libAudio - Adafruit Fork.a(synth_waveform.cpp.o) (AudioWaveformSine)
.pio/build/trellis_synth/libc22/libAdafruit seesaw Library.a(Adafruit_seesaw.cpp.o)
                              .pio/build/trellis_synth/src/trellis_synth.cpp.o (Adafruit_seesaw::Adafruit_seesaw(TwoWire*))
.pio/build/trellis_synth/libad1/libAdafruit GFX Library.a(Adafruit_GFX.cpp.o)
                              .pio/build/trellis_synth/src/trellis_synth.cpp.o (Adafruit_GFX::setRotation(unsigned char))
.pio/build/trellis_synth/libe0f/libAdafruit SSD1306.a(Adafruit_SSD1306.cpp.o)
                              .pio/build/trellis_synth/src/trellis_synth.cpp.o (Adafruit_SSD1306::Adafruit_SSD1306(unsigned char, unsigned char, TwoWire*, signed char, unsigned long, unsigned long))
.pio/build/trellis_synth/libFrameworkArduinoVariant.a(variant.cpp.o)
                              .pio/build/trellis_synth/lib8f5/libAdafruit NeoTrellis M4 Library.a(Adafruit_NeoTrellisM4.cpp.o) (Serial1)
.pio/build/trellis_synth/libFrameworkArduino.a(Print.cpp.o)
                              .pio/build/trellis_synth/libc22/libAdafruit seesaw Library.a(Adafruit_seesaw.cpp.o) (Print::write(unsigned char const*, unsigned int))
.pio/build/trellis_synth/libFrameworkArduino.a(SERCOM.cpp.o)
                              .pio/build/trellis_synth/libFrameworkArduinoVariant.a(variant.cpp.o) (SERCOM::SERCOM(Sercom*))
.pio/build/trellis_synth/libFrameworkArduino.a(CDC.cpp.o)
                              .pio/build/trellis_synth/src/trellis_synth.cpp.o (Serial_::begin(unsigned long))
.pio/build/trellis_synth/libFrameworkArduino.a(USBCore.cpp.o)
                              .pio/build/trellis_synth/libFrameworkArduino.a(CDC.cpp.o) (USBDeviceClass::available(unsigned long))
.pio/build/trellis_synth/libFrameworkArduino.a(Uart.cpp.o)
                              .pio/build/trellis_synth/lib8f5/libAdafruit NeoTrellis M4 Library.a(Adafruit_NeoTrellisM4.cpp.o) (Uart::begin(unsigned long))
.pio/build/trellis_synth/libFrameworkArduino.a(WMath.cpp.o)
                              .pio/build/trellis_synth/lib972/libAudio - Adafruit Fork.a(synth_waveform.cpp.o) (random(long, long))
.pio/build/trellis_synth/libFrameworkArduino.a(abi.cpp.o)
[...]
Memory Configuration

Name             Origin             Length             Attributes
FLASH            0x0000000000004000 0x000000000007c000 xr
RAM              0x0000000020000000 0x0000000000030000 xrw
*default*        0x0000000000000000 0xffffffffffffffff

Linker script and memory map

LOAD /Users/xton/.platformio/packages/toolchain-gccarmnoneeabi/bin/../lib/gcc/arm-none-eabi/9.3.1/thumb/v7e-m+fp/hard/crti.o
LOAD /Users/xton/.platformio/packages/toolchain-gccarmnoneeabi/bin/../lib/gcc/arm-none-eabi/9.3.1/thumb/v7e-m+fp/hard/crtbegin.o
LOAD /Users/xton/.platformio/packages/toolchain-gccarmnoneeabi/bin/../lib/gcc/arm-none-eabi/9.3.1/../../../../arm-none-eabi/lib/thumb/v7e-m+fp/hard/crt0.o
LOAD .pio/build/trellis_synth/src/effect_dynamics.cpp.o
LOAD .pio/build/trellis_synth/src/guitarnote.cpp.o
LOAD .pio/build/trellis_synth/src/polysynth.cpp.o
LOAD .pio/build/trellis_synth/src/polysynth32.cpp.o
LOAD .pio/build/trellis_synth/src/simplesynthnote.cpp.o
LOAD .pio/build/trellis_synth/src/synthnote.cpp.o
LOAD .pio/build/trellis_synth/src/trellis_synth.cpp.o
START GROUP
LOAD .pio/build/trellis_synth/lib09e/libAdafruit NeoPixel.a
LOAD .pio/build/trellis_synth/lib21b/libAdafruit Zero DMA Library.a
LOAD .pio/build/trellis_synth/libad2/libSPI.a
LOAD .pio/build/trellis_synth/lib8f4/libAdafruit DMA neopixel library.a
LOAD .pio/build/trellis_synth/libdbb/libMIDIUSB.a
LOAD .pio/build/trellis_synth/lib8b3/libAdafruit Keypad.a
LOAD .pio/build/trellis_synth/lib8f5/libAdafruit NeoTrellis M4 Library.a
LOAD .pio/build/trellis_synth/lib67f/libAdafruit Unified Sensor.a
LOAD .pio/build/trellis_synth/liba3a/libWire.a
LOAD .pio/build/trellis_synth/lib2bf/libAdafruit BusIO.a
LOAD .pio/build/trellis_synth/lib65a/libAdafruit ADXL343.a
LOAD .pio/build/trellis_synth/lib251/libSdFat - Adafruit Fork.a
LOAD .pio/build/trellis_synth/lib0a0/libAdafruit SPIFlash.a
LOAD .pio/build/trellis_synth/lib972/libAudio - Adafruit Fork.a
LOAD .pio/build/trellis_synth/libc22/libAdafruit seesaw Library.a
LOAD .pio/build/trellis_synth/libad1/libAdafruit GFX Library.a
LOAD .pio/build/trellis_synth/libe0f/libAdafruit SSD1306.a
LOAD .pio/build/trellis_synth/libFrameworkArduinoVariant.a
LOAD .pio/build/trellis_synth/libFrameworkArduino.a
LOAD /Users/xton/.platformio/packages/framework-cmsis/CMSIS/Lib/GCC/libarm_cortexM4lf_math.a
END GROUP
LOAD /Users/xton/.platformio/packages/toolchain-gccarmnoneeabi/bin/../lib/gcc/arm-none-eabi/9.3.1/../../../../arm-none-eabi/lib/thumb/v7e-m+fp/hard/libstdc++_nano.a
LOAD /Users/xton/.platformio/packages/toolchain-gccarmnoneeabi/bin/../lib/gcc/arm-none-eabi/9.3.1/../../../../arm-none-eabi/lib/thumb/v7e-m+fp/hard/libm.a
START GROUP
LOAD /Users/xton/.platformio/packages/toolchain-gccarmnoneeabi/bin/../lib/gcc/arm-none-eabi/9.3.1/thumb/v7e-m+fp/hard/libgcc.a
LOAD /Users/xton/.platformio/packages/toolchain-gccarmnoneeabi/bin/../lib/gcc/arm-none-eabi/9.3.1/../../../../arm-none-eabi/lib/thumb/v7e-m+fp/hard/libc_nano.a
END GROUP
START GROUP
LOAD /Users/xton/.platformio/packages/toolchain-gccarmnoneeabi/bin/../lib/gcc/arm-none-eabi/9.3.1/thumb/v7e-m+fp/hard/libgcc.a
LOAD /Users/xton/.platformio/packages/toolchain-gccarmnoneeabi/bin/../lib/gcc/arm-none-eabi/9.3.1/../../../../arm-none-eabi/lib/thumb/v7e-m+fp/hard/libc_nano.a
LOAD /Users/xton/.platformio/packages/toolchain-gccarmnoneeabi/bin/../lib/gcc/arm-none-eabi/9.3.1/../../../../arm-none-eabi/lib/thumb/v7e-m+fp/hard/libnosys.a
END GROUP
START GROUP
LOAD /Users/xton/.platformio/packages/toolchain-gccarmnoneeabi/bin/../lib/gcc/arm-none-eabi/9.3.1/thumb/v7e-m+fp/hard/libgcc.a
LOAD /Users/xton/.platformio/packages/toolchain-gccarmnoneeabi/bin/../lib/gcc/arm-none-eabi/9.3.1/../../../../arm-none-eabi/lib/thumb/v7e-m+fp/hard/libc_nano.a
LOAD /Users/xton/.platformio/packages/toolchain-gccarmnoneeabi/bin/../lib/gcc/arm-none-eabi/9.3.1/../../../../arm-none-eabi/lib/thumb/v7e-m+fp/hard/libnosys.a
END GROUP
LOAD /Users/xton/.platformio/packages/toolchain-gccarmnoneeabi/bin/../lib/gcc/arm-none-eabi/9.3.1/thumb/v7e-m+fp/hard/crtend.o
LOAD /Users/xton/.platformio/packages/toolchain-gccarmnoneeabi/bin/../lib/gcc/arm-none-eabi/9.3.1/thumb/v7e-m+fp/hard/crtn.o

.text           0x0000000000004000     0xd118
                0x0000000000004000                __text_start__ = .
 *(.sketch_boot)
                0x0000000000004000                . = ALIGN (0x4000)
 *(.isr_vector)
 .isr_vector    0x0000000000004000      0x264 .pio/build/trellis_synth/libFrameworkArduino.a(cortex_handlers.c.o)
                0x0000000000004000                exception_table
 *(.text*)
 .text.__do_global_dtors_aux
                0x0000000000004264       0x24 /Users/xton/.platformio/packages/toolchain-gccarmnoneeabi/bin/../lib/gcc/arm-none-eabi/9.3.1/thumb/v7e-m+fp/hard/crtbegin.o
 .text.frame_dummy
                0x0000000000004288       0x1c /Users/xton/.platformio/packages/toolchain-gccarmnoneeabi/bin/../lib/gcc/arm-none-eabi/9.3.1/thumb/v7e-m+fp/hard/crtbegin.o
 .text._Z12log2f_approxf
                0x00000000000042a4       0x44 .pio/build/trellis_synth/src/effect_dynamics.cpp.o
                0x00000000000042a4                log2f_approx(float)
 .text._ZN19AudioEffectDynamics6updateEv
                0x00000000000042e8      0x2c0 .pio/build/trellis_synth/src/effect_dynamics.cpp.o
                0x00000000000042e8                AudioEffectDynamics::update()
 .text._ZN10GuitarNote13getOutputLeftEv
                0x00000000000045a8        0x4 .pio/build/trellis_synth/src/guitarnote.cpp.o
                0x00000000000045a8                GuitarNote::getOutputLeft()
 .text._ZN10GuitarNote14getOutputRightEv
                0x00000000000045ac        0x4 .pio/build/trellis_synth/src/guitarnote.cpp.o
                0x00000000000045ac                GuitarNote::getOutputRight()
 .text._ZN10GuitarNote5beginEv
                0x00000000000045b0        0x2 .pio/build/trellis_synth/src/guitarnote.cpp.o
                0x00000000000045b0                GuitarNote::begin()
 .text._ZN10GuitarNote12setFrequencyEf
                0x00000000000045b2        0xa .pio/build/trellis_synth/src/guitarnote.cpp.o
                0x00000000000045b2                GuitarNote::setFrequency(float)
 .text._ZN10GuitarNoteD2Ev
                0x00000000000045bc        0x2 .pio/build/trellis_synth/src/guitarnote.cpp.o
                0x00000000000045bc                GuitarNote::~GuitarNote()
                0x00000000000045bc                GuitarNote::~GuitarNote()
 .text._ZN10GuitarNoteD0Ev
                0x00000000000045be        0xc .pio/build/trellis_synth/src/guitarnote.cpp.o
                0x00000000000045be                GuitarNote::~GuitarNote()
 *fill*         0x00000000000045ca        0x6 
 .text._ZN10GuitarNote6noteOnEv
                0x00000000000045d0       0x68 .pio/build/trellis_synth/src/guitarnote.cpp.o
                0x00000000000045d0                GuitarNote::noteOn()
 .text._ZN10GuitarNote7noteOffEv
                0x0000000000004638       0x20 .pio/build/trellis_synth/src/guitarnote.cpp.o
                0x0000000000004638                GuitarNote::noteOff()
 .text._ZN10GuitarNoteC2Ev
                0x0000000000004658       0x50 .pio/build/trellis_synth/src/guitarnote.cpp.o
                0x0000000000004658                GuitarNote::GuitarNote()
                0x0000000000004658                GuitarNote::GuitarNote()
 .text._ZN8SynthRowI10GuitarNoteE13getOutputLeftEv
                0x00000000000046a8        0x8 .pio/build/trellis_synth/src/polysynth32.cpp.o
                0x00000000000046a8                SynthRow<GuitarNote>::getOutputLeft()
 .text._ZN8SynthRowI10GuitarNoteE14getOutputRightEv
                0x00000000000046b0        0x8 .pio/build/trellis_synth/src/polysynth32.cpp.o
                0x00000000000046b0                SynthRow<GuitarNote>::getOutputRight()
 .text._ZN8SynthRowI15SimpleSynthNoteE13getOutputLeftEv
                0x00000000000046b8        0x6 .pio/build/trellis_synth/src/polysynth32.cpp.o
                0x00000000000046b8                SynthRow<SimpleSynthNote>::getOutputLeft()
 .text._ZN8SynthRowI15SimpleSynthNoteE14getOutputRightEv
                0x00000000000046be        0x6 .pio/build/trellis_synth/src/polysynth32.cpp.o
                0x00000000000046be                SynthRow<SimpleSynthNote>::getOutputRight()
 .text._ZN8SynthRowI15SimpleSynthNoteED2Ev
                0x00000000000046c4       0x24 .pio/build/trellis_synth/src/polysynth32.cpp.o
                0x00000000000046c4                SynthRow<SimpleSynthNote>::~SynthRow()
                0x00000000000046c4                SynthRow<SimpleSynthNote>::~SynthRow()
 .text._ZN8SynthRowI10GuitarNoteED2Ev
                0x00000000000046e8       0x28 .pio/build/trellis_synth/src/polysynth32.cpp.o
                0x00000000000046e8                SynthRow<GuitarNote>::~SynthRow()
                0x00000000000046e8                SynthRow<GuitarNote>::~SynthRow()
 .text._ZN8SynthRowI15SimpleSynthNoteE5beginEv
                0x0000000000004710       0x1a .pio/build/trellis_synth/src/polysynth32.cpp.o
                0x0000000000004710                SynthRow<SimpleSynthNote>::begin()
 .text._ZN8SynthRowI15SimpleSynthNoteE6noteOnEi
                0x000000000000472a       0x16 .pio/build/trellis_synth/src/polysynth32.cpp.o
                0x000000000000472a                SynthRow<SimpleSynthNote>::noteOn(int)
 .text._ZN8SynthRowI15SimpleSynthNoteE7noteOffEi
                0x0000000000004740       0x16 .pio/build/trellis_synth/src/polysynth32.cpp.o
                0x0000000000004740                SynthRow<SimpleSynthNote>::noteOff(int)
 .text._ZN8SynthRowI15SimpleSynthNoteE8setScaleEPKf
                0x0000000000004756       0x20 .pio/build/trellis_synth/src/polysynth32.cpp.o
                0x0000000000004756                SynthRow<SimpleSynthNote>::setScale(float const*)
 .text._ZN8SynthRowI10GuitarNoteE5beginEv
                0x0000000000004776       0x1c .pio/build/trellis_synth/src/polysynth32.cpp.o
                0x0000000000004776                SynthRow<GuitarNote>::begin()
 .text._ZN8SynthRowI10GuitarNoteE6noteOnEi
                0x0000000000004792       0x18 .pio/build/trellis_synth/src/polysynth32.cpp.o
                0x0000000000004792                SynthRow<GuitarNote>::noteOn(int)
 .text._ZN8SynthRowI10GuitarNoteE7noteOffEi
                0x00000000000047aa       0x18 .pio/build/trellis_synth/src/polysynth32.cpp.o
                0x00000000000047aa                SynthRow<GuitarNote>::noteOff(int)
 .text._ZN8SynthRowI10GuitarNoteE8setScaleEPKf
                0x00000000000047c2       0x22 .pio/build/trellis_synth/src/polysynth32.cpp.o
                0x00000000000047c2                SynthRow<GuitarNote>::setScale(float const*)
 .text._ZN8SynthRowI10GuitarNoteED0Ev
                0x00000000000047e4       0x12 .pio/build/trellis_synth/src/polysynth32.cpp.o
                0x00000000000047e4                SynthRow<GuitarNote>::~SynthRow()
 .text._ZN8SynthRowI15SimpleSynthNoteED0Ev
                0x00000000000047f6       0x12 .pio/build/trellis_synth/src/polysynth32.cpp.o
                0x00000000000047f6                SynthRow<SimpleSynthNote>::~SynthRow()
 .text._ZN19AudioEffectDynamics17computeMakeupGainEv.part.0
                0x0000000000004808       0x22 .pio/build/trellis_synth/src/polysynth32.cpp.o
 *fill*         0x000000000000482a        0x2 
 .text._ZN19AudioEffectDynamics11timeToAlphaEf.isra.0
                0x000000000000482c       0x1c .pio/build/trellis_synth/src/polysynth32.cpp.o
 .text._ZN11AudioStreamC2EhPP18audio_block_struct
                0x0000000000004848       0x44 .pio/build/trellis_synth/src/polysynth32.cpp.o
                0x0000000000004848                AudioStream::AudioStream(unsigned char, audio_block_struct**)
                0x0000000000004848                AudioStream::AudioStream(unsigned char, audio_block_struct**)
 .text._ZN11AudioMixer4C2Ev
                0x000000000000488c       0x28 .pio/build/trellis_synth/src/polysynth32.cpp.o
                0x000000000000488c                AudioMixer4::AudioMixer4()
                0x000000000000488c                AudioMixer4::AudioMixer4()
 .text._ZN11AudioMixer44gainEjf
                0x00000000000048b4       0x44 .pio/build/trellis_synth/src/polysynth32.cpp.o
                0x00000000000048b4                AudioMixer4::gain(unsigned int, float)
 .text._ZN19AudioEffectDynamics11compressionEfffff
                0x00000000000048f8      0x18c .pio/build/trellis_synth/src/polysynth32.cpp.o
                0x00000000000048f8                AudioEffectDynamics::compression(float, float, float, float, float)
 .text._ZN19AudioEffectDynamicsC2Ev
                0x0000000000004a84      0x108 .pio/build/trellis_synth/src/polysynth32.cpp.o
                0x0000000000004a84                AudioEffectDynamics::AudioEffectDynamics()
                0x0000000000004a84                AudioEffectDynamics::AudioEffectDynamics()
 .text._ZN8MultiRow5beginEv
                0x0000000000004b8c       0x98 .pio/build/trellis_synth/src/polysynth32.cpp.o
                0x0000000000004b8c                MultiRow::begin()
 .text._ZN8MultiRow6noteOnEi
                0x0000000000004c24       0x16 .pio/build/trellis_synth/src/polysynth32.cpp.o
                0x0000000000004c24                MultiRow::noteOn(int)
 .text._ZN8MultiRow7noteOffEi
                0x0000000000004c3a       0x16 .pio/build/trellis_synth/src/polysynth32.cpp.o
                0x0000000000004c3a                MultiRow::noteOff(int)
 .text._ZN8MultiRow8setScaleEPKf
                0x0000000000004c50       0x22 .pio/build/trellis_synth/src/polysynth32.cpp.o
                0x0000000000004c50                MultiRow::setScale(float const*)
 *fill*         0x0000000000004c72        0x2 
 .text._ZN11Polysynth3211setupScalesEv
                0x0000000000004c74       0xc0 .pio/build/trellis_synth/src/polysynth32.cpp.o
                0x0000000000004c74                Polysynth32::setupScales()
 .text._ZN11Polysynth325beginEv
                0x0000000000004d34       0x94 .pio/build/trellis_synth/src/polysynth32.cpp.o
                0x0000000000004d34                Polysynth32::begin()
 .text._ZN11Polysynth326noteOnEi
                0x0000000000004dc8       0x36 .pio/build/trellis_synth/src/polysynth32.cpp.o
                0x0000000000004dc8                Polysynth32::noteOn(int)
 .text._ZN11Polysynth327noteOffEi
                0x0000000000004dfe       0x36 .pio/build/trellis_synth/src/polysynth32.cpp.o
                0x0000000000004dfe                Polysynth32::noteOff(int)
 .text._ZN8SynthRowI10GuitarNoteEC2Ev
                0x0000000000004e34      0x404 .pio/build/trellis_synth/src/polysynth32.cpp.o
                0x0000000000004e34                SynthRow<GuitarNote>::SynthRow()
                0x0000000000004e34                SynthRow<GuitarNote>::SynthRow()
 .text._ZN8SynthRowI15SimpleSynthNoteEC2Ev
                0x0000000000005238      0x394 .pio/build/trellis_synth/src/polysynth32.cpp.o
                0x0000000000005238                SynthRow<SimpleSynthNote>::SynthRow()
                0x0000000000005238                SynthRow<SimpleSynthNote>::SynthRow()
 .text._ZN8MultiRowC2Ev
                0x00000000000055cc      0x174 .pio/build/trellis_synth/src/polysynth32.cpp.o
                0x00000000000055cc                MultiRow::MultiRow()
                0x00000000000055cc                MultiRow::MultiRow()
 .text._ZN11Polysynth32C2Ev
                0x0000000000005740      0x248 .pio/build/trellis_synth/src/polysynth32.cpp.o
                0x0000000000005740                Polysynth32::Polysynth32()
                0x0000000000005740                Polysynth32::Polysynth32()
 .text._ZN15SimpleSynthNote13getOutputLeftEv
                0x0000000000005988        0x4 .pio/build/trellis_synth/src/simplesynthnote.cpp.o
                0x0000000000005988                SimpleSynthNote::getOutputLeft()
 .text._ZN15SimpleSynthNote14getOutputRightEv
                0x000000000000598c        0x4 .pio/build/trellis_synth/src/simplesynthnote.cpp.o
                0x000000000000598c                SimpleSynthNote::getOutputRight()
 .text._ZN15SimpleSynthNoteD2Ev
                0x0000000000005990        0x2 .pio/build/trellis_synth/src/simplesynthnote.cpp.o
                0x0000000000005990                SimpleSynthNote::~SimpleSynthNote()
                0x0000000000005990                SimpleSynthNote::~SimpleSynthNote()
 .text._ZN15SimpleSynthNoteD0Ev
                0x0000000000005992        0xc .pio/build/trellis_synth/src/simplesynthnote.cpp.o
                0x0000000000005992                SimpleSynthNote::~SimpleSynthNote()
 *fill*         0x000000000000599e        0x2 
 .text._ZN19AudioEffectEnvelope18milliseconds2countEf.isra.0
                0x00000000000059a0       0x44 .pio/build/trellis_synth/src/simplesynthnote.cpp.o
 .text._ZN15SimpleSynthNote6noteOnEv
                0x00000000000059e4       0x34 .pio/build/trellis_synth/src/simplesynthnote.cpp.o
                0x00000000000059e4                SimpleSynthNote::noteOn()
 .text._ZN15SimpleSynthNote7noteOffEv
                0x0000000000005a18       0x24 .pio/build/trellis_synth/src/simplesynthnote.cpp.o
                0x0000000000005a18                SimpleSynthNote::noteOff()
 *fill*         0x0000000000005a3c        0x4 
 .text._ZN18AudioSynthWaveform9frequencyEf
                0x0000000000005a40       0x70 .pio/build/trellis_synth/src/simplesynthnote.cpp.o
                0x0000000000005a40                AudioSynthWaveform::frequency(float)
 .text._ZN15SimpleSynthNote12setFrequencyEf
                0x0000000000005ab0        0xe .pio/build/trellis_synth/src/simplesynthnote.cpp.o
                0x0000000000005ab0                SimpleSynthNote::setFrequency(float)
 *fill*         0x0000000000005abe        0x2 
 .text._ZN15SimpleSynthNote5beginEv
                0x0000000000005ac0       0x74 .pio/build/trellis_synth/src/simplesynthnote.cpp.o
                0x0000000000005ac0                SimpleSynthNote::begin()
 .text._ZN15SimpleSynthNoteC2Ev
                0x0000000000005b34       0xe0 .pio/build/trellis_synth/src/simplesynthnote.cpp.o
                0x0000000000005b34                SimpleSynthNote::SimpleSynthNote()
                0x0000000000005b34                SimpleSynthNote::SimpleSynthNote()
 .text._ZN11EncoderLeftD2Ev
                0x0000000000005c14        0x2 .pio/build/trellis_synth/src/trellis_synth.cpp.o
                0x0000000000005c14                EncoderLeft::~EncoderLeft()
                0x0000000000005c14                EncoderLeft::~EncoderLeft()
 .text._ZN12EncoderRightD2Ev
                0x0000000000005c16        0x2 .pio/build/trellis_synth/src/trellis_synth.cpp.o
                0x0000000000005c16                EncoderRight::~EncoderRight()
                0x0000000000005c16                EncoderRight::~EncoderRight()
 .text._ZN14EncoderControl3incEv
                0x0000000000005c18       0x10 .pio/build/trellis_synth/src/trellis_synth.cpp.o
                0x0000000000005c18                EncoderControl::inc()
 .text._ZN14EncoderControl4decrEv
                0x0000000000005c28       0x10 .pio/build/trellis_synth/src/trellis_synth.cpp.o
                0x0000000000005c28                EncoderControl::decr()
 .text._ZN11EncoderLeft12buttonPushedEv
                0x0000000000005c38       0x10 .pio/build/trellis_synth/src/trellis_synth.cpp.o
                0x0000000000005c38                EncoderLeft::buttonPushed()
 .text._ZN14EncoderControl12buttonPushedEv
                0x0000000000005c48       0x10 .pio/build/trellis_synth/src/trellis_synth.cpp.o
                0x0000000000005c48                EncoderControl::buttonPushed()
 .text._ZN21Adafruit_NeoTrellisM4D2Ev
                0x0000000000005c58       0x16 .pio/build/trellis_synth/src/trellis_synth.cpp.o
                0x0000000000005c58                Adafruit_NeoTrellisM4::~Adafruit_NeoTrellisM4()
                0x0000000000005c58                Adafruit_NeoTrellisM4::~Adafruit_NeoTrellisM4()
 *fill*         0x0000000000005c6e        0x2 
 .text._ZN11Polysynth3220setCrusherSampleRateEf
                0x0000000000005c70       0x54 .pio/build/trellis_synth/src/trellis_synth.cpp.o
                0x0000000000005c70                Polysynth32::setCrusherSampleRate(float)
 .text._ZN11Polysynth327setGainEf
                0x0000000000005cc4       0x2c .pio/build/trellis_synth/src/trellis_synth.cpp.o
                0x0000000000005cc4                Polysynth32::setGain(float)
 .text._ZN11Polysynth3211selectVoiceEh
                0x0000000000005cf0       0xac .pio/build/trellis_synth/src/trellis_synth.cpp.o
                0x0000000000005cf0                Polysynth32::selectVoice(unsigned char)
 .text._ZN14EncoderControl5beginEh
                0x0000000000005d9c       0x44 .pio/build/trellis_synth/src/trellis_synth.cpp.o
                0x0000000000005d9c                EncoderControl::begin(unsigned char)
 .text._ZN14EncoderControl4loopEv
                0x0000000000005de0       0x54 .pio/build/trellis_synth/src/trellis_synth.cpp.o
                0x0000000000005de0                EncoderControl::loop()
 .text.DMAC_1_Handler
                0x0000000000005e34        0x4 .pio/build/trellis_synth/src/trellis_synth.cpp.o
                0x0000000000005e34                DMAC_1_Handler
 .text.DMAC_2_Handler
                0x0000000000005e38        0x4 .pio/build/trellis_synth/src/trellis_synth.cpp.o
                0x0000000000005e38                DMAC_2_Handler
 .text.DMAC_3_Handler
                0x0000000000005e3c        0x4 .pio/build/trellis_synth/src/trellis_synth.cpp.o
                0x0000000000005e3c                DMAC_3_Handler
 .text.DMAC_4_Handler
                0x0000000000005e40        0x4 .pio/build/trellis_synth/src/trellis_synth.cpp.o
                0x0000000000005e40                DMAC_4_Handler
 .text._ZN11EncoderLeft10displayLedEv
                0x0000000000005e44       0x70 .pio/build/trellis_synth/src/trellis_synth.cpp.o
                0x0000000000005e44                EncoderLeft::displayLed()
 *fill*         0x0000000000005eb4        0x4 
 .text._ZN11EncoderLeft3incEv
                0x0000000000005eb8       0x78 .pio/build/trellis_synth/src/trellis_synth.cpp.o
                0x0000000000005eb8                EncoderLeft::inc()
 .text._ZN11EncoderLeft4decrEv
                0x0000000000005f30       0x7c .pio/build/trellis_synth/src/trellis_synth.cpp.o
                0x0000000000005f30                EncoderLeft::decr()
 .text._ZN12EncoderRight10displayLedEv
                0x0000000000005fac       0x54 .pio/build/trellis_synth/src/trellis_synth.cpp.o
                0x0000000000005fac                EncoderRight::displayLed()
 .text._ZN12EncoderRight3incEv
                0x0000000000006000       0x6c .pio/build/trellis_synth/src/trellis_synth.cpp.o
                0x0000000000006000                EncoderRight::inc()
 .text._ZN12EncoderRight4decrEv
                0x000000000000606c       0x6c .pio/build/trellis_synth/src/trellis_synth.cpp.o
                0x000000000000606c                EncoderRight::decr()
 .text._ZN12EncoderRight12buttonPushedEv
                0x00000000000060d8       0x24 .pio/build/trellis_synth/src/trellis_synth.cpp.o
                0x00000000000060d8                EncoderRight::buttonPushed()
 .text._Z6noteOni
                0x00000000000060fc        0xc .pio/build/trellis_synth/src/trellis_synth.cpp.o
                0x00000000000060fc                noteOn(int)
 .text._Z7noteOffi
                0x0000000000006108        0xc .pio/build/trellis_synth/src/trellis_synth.cpp.o
                0x0000000000006108                noteOff(int)
 *fill*         0x0000000000006114        0x4 
 .text.monitorUsage
                0x0000000000006118       0xf8 .pio/build/trellis_synth/src/trellis_synth.cpp.o
                0x0000000000006118                monitorUsage
 .text._Z5Wheelh
                0x0000000000006210       0x4e .pio/build/trellis_synth/src/trellis_synth.cpp.o
                0x0000000000006210                Wheel(unsigned char)
 *fill*         0x000000000000625e        0x2 
 .text.loop     0x0000000000006260       0x7c .pio/build/trellis_synth/src/trellis_synth.cpp.o
                0x0000000000006260                loop
 .text._ZN8MultiRowD2Ev
                0x00000000000062dc       0x2c .pio/build/trellis_synth/src/trellis_synth.cpp.o
                0x00000000000062dc                MultiRow::~MultiRow()
                0x00000000000062dc                MultiRow::~MultiRow()
 .text._ZN11Polysynth32D2Ev
                0x0000000000006308       0x2e .pio/build/trellis_synth/src/trellis_synth.cpp.o
                0x0000000000006308                Polysynth32::~Polysynth32()
                0x0000000000006308                Polysynth32::~Polysynth32()
 *fill*         0x0000000000006336        0x2 
 .text.startup._GLOBAL__sub_I_display
                0x0000000000006338      0x160 .pio/build/trellis_synth/src/trellis_synth.cpp.o
 .text.setup    0x0000000000006498       0xbc .pio/build/trellis_synth/src/trellis_synth.cpp.o
                0x0000000000006498                setup
 .text._ZL22cpu_irq_enter_criticalv
                0x0000000000006554       0x28 .pio/build/trellis_synth/lib21b/libAdafruit Zero DMA Library.a(Adafruit_ZeroDMA.cpp.o)
 .text._ZL22cpu_irq_leave_criticalv
                0x000000000000657c       0x28 .pio/build/trellis_synth/lib21b/libAdafruit Zero DMA Library.a(Adafruit_ZeroDMA.cpp.o)
 .text._ZN16Adafruit_ZeroDMAC2Ev
                0x00000000000065a4       0x18 .pio/build/trellis_synth/lib21b/libAdafruit Zero DMA Library.a(Adafruit_ZeroDMA.cpp.o)
                0x00000000000065a4                Adafruit_ZeroDMA::Adafruit_ZeroDMA()
                0x00000000000065a4                Adafruit_ZeroDMA::Adafruit_ZeroDMA()
 .text._ZN16Adafruit_ZeroDMA11_IRQhandlerEh
                0x00000000000065bc       0x68 .pio/build/trellis_synth/lib21b/libAdafruit Zero DMA Library.a(Adafruit_ZeroDMA.cpp.o)
                0x00000000000065bc                Adafruit_ZeroDMA::_IRQhandler(unsigned char)
 .text.DMAC_0_Handler
                0x0000000000006624       0x2c .pio/build/trellis_synth/lib21b/libAdafruit Zero DMA Library.a(Adafruit_ZeroDMA.cpp.o)
                0x0000000000006624                DMAC_0_Handler
 .text._ZN16Adafruit_ZeroDMA8allocateEv
                0x0000000000006650      0x174 .pio/build/trellis_synth/lib21b/libAdafruit Zero DMA Library.a(Adafruit_ZeroDMA.cpp.o)
                0x0000000000006650                Adafruit_ZeroDMA::allocate()
 .text._ZN16Adafruit_ZeroDMA11setPriorityE12dma_priority
                0x00000000000067c4       0x18 .pio/build/trellis_synth/lib21b/libAdafruit Zero DMA Library.a(Adafruit_ZeroDMA.cpp.o)
                0x00000000000067c4                Adafruit_ZeroDMA::setPriority(dma_priority)
 .text._ZN16Adafruit_ZeroDMA4freeEv
                0x00000000000067dc       0x80 .pio/build/trellis_synth/lib21b/libAdafruit Zero DMA Library.a(Adafruit_ZeroDMA.cpp.o)
                0x00000000000067dc                Adafruit_ZeroDMA::free()
 .text._ZN16Adafruit_ZeroDMA8startJobEv
                0x000000000000685c       0x80 .pio/build/trellis_synth/lib21b/libAdafruit Zero DMA Library.a(Adafruit_ZeroDMA.cpp.o)
                0x000000000000685c                Adafruit_ZeroDMA::startJob()
 .text._ZN16Adafruit_ZeroDMA11setCallbackEPFvPS_E17dma_callback_type
                0x00000000000068dc        0x8 .pio/build/trellis_synth/lib21b/libAdafruit Zero DMA Library.a(Adafruit_ZeroDMA.cpp.o)
                0x00000000000068dc                Adafruit_ZeroDMA::setCallback(void (*)(Adafruit_ZeroDMA*), dma_callback_type)
 .text._ZN16Adafruit_ZeroDMA5abortEv
                0x00000000000068e4       0x30 .pio/build/trellis_synth/lib21b/libAdafruit Zero DMA Library.a(Adafruit_ZeroDMA.cpp.o)
                0x00000000000068e4                Adafruit_ZeroDMA::abort()
 .text._ZN16Adafruit_ZeroDMA10setTriggerEh
                0x0000000000006914       0x30 .pio/build/trellis_synth/lib21b/libAdafruit Zero DMA Library.a(Adafruit_ZeroDMA.cpp.o)
                0x0000000000006914                Adafruit_ZeroDMA::setTrigger(unsigned char)
 .text._ZN16Adafruit_ZeroDMA9setActionE27dma_transfer_trigger_action
                0x0000000000006944       0x30 .pio/build/trellis_synth/lib21b/libAdafruit Zero DMA Library.a(Adafruit_ZeroDMA.cpp.o)
                0x0000000000006944                Adafruit_ZeroDMA::setAction(dma_transfer_trigger_action)
 .text._ZN16Adafruit_ZeroDMA7triggerEv
                0x0000000000006974       0x1c .pio/build/trellis_synth/lib21b/libAdafruit Zero DMA Library.a(Adafruit_ZeroDMA.cpp.o)
                0x0000000000006974                Adafruit_ZeroDMA::trigger()
 .text._ZN16Adafruit_ZeroDMA10getChannelEv
                0x0000000000006990        0x4 .pio/build/trellis_synth/lib21b/libAdafruit Zero DMA Library.a(Adafruit_ZeroDMA.cpp.o)
                0x0000000000006990                Adafruit_ZeroDMA::getChannel()
 .text._ZN16Adafruit_ZeroDMA13addDescriptorEPvS0_m13dma_beat_sizebbmb
                0x0000000000006994      0x108 .pio/build/trellis_synth/lib21b/libAdafruit Zero DMA Library.a(Adafruit_ZeroDMA.cpp.o)
                0x0000000000006994                Adafruit_ZeroDMA::addDescriptor(void*, void*, unsigned long, dma_beat_size, bool, bool, unsigned long, bool)
 .text._ZN16Adafruit_ZeroDMA4loopEb
                0x0000000000006a9c       0x2c .pio/build/trellis_synth/lib21b/libAdafruit Zero DMA Library.a(Adafruit_ZeroDMA.cpp.o)
                0x0000000000006a9c                Adafruit_ZeroDMA::loop(bool)
 .text._ZN16Adafruit_ZeroDMA8isActiveEv
                0x0000000000006ac8       0x18 .pio/build/trellis_synth/lib21b/libAdafruit Zero DMA Library.a(Adafruit_ZeroDMA.cpp.o)
                0x0000000000006ac8                Adafruit_ZeroDMA::isActive()
 .text._ZL11dmaCallbackP16Adafruit_ZeroDMA
                0x0000000000006ae0       0x10 .pio/build/trellis_synth/lib8f4/libAdafruit DMA neopixel library.a(Adafruit_NeoPixel_ZeroDMA.cpp.o)
 .text._ZN25Adafruit_NeoPixel_ZeroDMAC2Etht
                0x0000000000006af0       0x20 .pio/build/trellis_synth/lib8f4/libAdafruit DMA neopixel library.a(Adafruit_NeoPixel_ZeroDMA.cpp.o)
                0x0000000000006af0                Adafruit_NeoPixel_ZeroDMA::Adafruit_NeoPixel_ZeroDMA(unsigned short, unsigned char, unsigned short)
                0x0000000000006af0                Adafruit_NeoPixel_ZeroDMA::Adafruit_NeoPixel_ZeroDMA(unsigned short, unsigned char, unsigned short)
 .text._ZN25Adafruit_NeoPixel_ZeroDMAD2Ev
                0x0000000000006b10       0x24 .pio/build/trellis_synth/lib8f4/libAdafruit DMA neopixel library.a(Adafruit_NeoPixel_ZeroDMA.cpp.o)
                0x0000000000006b10                Adafruit_NeoPixel_ZeroDMA::~Adafruit_NeoPixel_ZeroDMA()
                0x0000000000006b10                Adafruit_NeoPixel_ZeroDMA::~Adafruit_NeoPixel_ZeroDMA()
 .text._ZN25Adafruit_NeoPixel_ZeroDMA5beginEP6SERCOMP6Sercomhh14SercomSpiTXPad9_EPioType
                0x0000000000006b34      0x12c .pio/build/trellis_synth/lib8f4/libAdafruit DMA neopixel library.a(Adafruit_NeoPixel_ZeroDMA.cpp.o)
                0x0000000000006b34                Adafruit_NeoPixel_ZeroDMA::begin(SERCOM*, Sercom*, unsigned char, unsigned char, SercomSpiTXPad, _EPioType)
 .text._ZN25Adafruit_NeoPixel_ZeroDMA5beginEv
                0x0000000000006c60      0x190 .pio/build/trellis_synth/lib8f4/libAdafruit DMA neopixel library.a(Adafruit_NeoPixel_ZeroDMA.cpp.o)
                0x0000000000006c60                Adafruit_NeoPixel_ZeroDMA::begin()
 .text._ZN25Adafruit_NeoPixel_ZeroDMA4showEv
                0x0000000000006df0       0xdc .pio/build/trellis_synth/lib8f4/libAdafruit DMA neopixel library.a(Adafruit_NeoPixel_ZeroDMA.cpp.o)
                0x0000000000006df0                Adafruit_NeoPixel_ZeroDMA::show()
 .text._ZN25Adafruit_NeoPixel_ZeroDMA13setBrightnessEh
                0x0000000000006ecc        0x6 .pio/build/trellis_synth/lib8f4/libAdafruit DMA neopixel library.a(Adafruit_NeoPixel_ZeroDMA.cpp.o)
                0x0000000000006ecc                Adafruit_NeoPixel_ZeroDMA::setBrightness(unsigned char)
 .text._ZN15Adafruit_KeypadC2EPhS0_S0_ii
                0x0000000000006ed2       0x38 .pio/build/trellis_synth/lib8b3/libAdafruit Keypad.a(Adafruit_Keypad.cpp.o)
                0x0000000000006ed2                Adafruit_Keypad::Adafruit_Keypad(unsigned char*, unsigned char*, unsigned char*, int, int)
                0x0000000000006ed2                Adafruit_Keypad::Adafruit_Keypad(unsigned char*, unsigned char*, unsigned char*, int, int)
 .text._ZN15Adafruit_KeypadD2Ev
                0x0000000000006f0a       0x10 .pio/build/trellis_synth/lib8b3/libAdafruit Keypad.a(Adafruit_Keypad.cpp.o)
                0x0000000000006f0a                Adafruit_Keypad::~Adafruit_Keypad()
                0x0000000000006f0a                Adafruit_Keypad::~Adafruit_Keypad()
 .text._ZN15Adafruit_Keypad5beginEv
                0x0000000000006f1a       0x5a .pio/build/trellis_synth/lib8b3/libAdafruit Keypad.a(Adafruit_Keypad.cpp.o)
                0x0000000000006f1a                Adafruit_Keypad::begin()
 .text._ZN15Adafruit_Keypad9availableEv
                0x0000000000006f74       0x14 .pio/build/trellis_synth/lib8b3/libAdafruit Keypad.a(Adafruit_Keypad.cpp.o)
                0x0000000000006f74                Adafruit_Keypad::available()
 .text._ZN27Adafruit_Keypad_RingbufferNILi256EE10store_charEh
                0x0000000000006f88       0x1c .pio/build/trellis_synth/lib8b3/libAdafruit Keypad.a(Adafruit_Keypad.cpp.o)
                0x0000000000006f88                Adafruit_Keypad_RingbufferN<256>::store_char(unsigned char)
 .text._ZN15Adafruit_Keypad4tickEv
                0x0000000000006fa4       0xc0 .pio/build/trellis_synth/lib8b3/libAdafruit Keypad.a(Adafruit_Keypad.cpp.o)
                0x0000000000006fa4                Adafruit_Keypad::tick()
 .text._ZN27Adafruit_Keypad_RingbufferNILi256EE9read_charEv
                0x0000000000007064       0x28 .pio/build/trellis_synth/lib8b3/libAdafruit Keypad.a(Adafruit_Keypad.cpp.o)
                0x0000000000007064                Adafruit_Keypad_RingbufferN<256>::read_char()
 .text._ZN15Adafruit_Keypad4readEv
                0x000000000000708c       0x3a .pio/build/trellis_synth/lib8b3/libAdafruit Keypad.a(Adafruit_Keypad.cpp.o)
                0x000000000000708c                Adafruit_Keypad::read()
 *fill*         0x00000000000070c6        0x2 
 .text._ZN21Adafruit_NeoTrellisM4C2Ev
                0x00000000000070c8       0x50 .pio/build/trellis_synth/lib8f5/libAdafruit NeoTrellis M4 Library.a(Adafruit_NeoTrellisM4.cpp.o)
                0x00000000000070c8                Adafruit_NeoTrellisM4::Adafruit_NeoTrellisM4()
                0x00000000000070c8                Adafruit_NeoTrellisM4::Adafruit_NeoTrellisM4()
 .text._ZN21Adafruit_NeoTrellisM413setPixelColorEmm
                0x0000000000007118       0x26 .pio/build/trellis_synth/lib8f5/libAdafruit NeoTrellis M4 Library.a(Adafruit_NeoTrellisM4.cpp.o)
                0x0000000000007118                Adafruit_NeoTrellisM4::setPixelColor(unsigned long, unsigned long)
 .text._ZN21Adafruit_NeoTrellisM44fillEm
                0x000000000000713e       0x32 .pio/build/trellis_synth/lib8f5/libAdafruit NeoTrellis M4 Library.a(Adafruit_NeoTrellisM4.cpp.o)
                0x000000000000713e                Adafruit_NeoTrellisM4::fill(unsigned long)
 .text._ZN21Adafruit_NeoTrellisM45beginEv
                0x0000000000007170       0x2c .pio/build/trellis_synth/lib8f5/libAdafruit NeoTrellis M4 Library.a(Adafruit_NeoTrellisM4.cpp.o)
                0x0000000000007170                Adafruit_NeoTrellisM4::begin()
 .text._ZN5Print17availableForWriteEv
                0x000000000000719c        0x4 .pio/build/trellis_synth/liba3a/libWire.a(Wire.cpp.o)
                0x000000000000719c                Print::availableForWrite()
 .text._ZN7TwoWire5writeEPKhj
                0x00000000000071a0       0x22 .pio/build/trellis_synth/liba3a/libWire.a(Wire.cpp.o)
                0x00000000000071a0                TwoWire::write(unsigned char const*, unsigned int)
 .text._ZN7TwoWire5flushEv
                0x00000000000071c2        0x2 .pio/build/trellis_synth/liba3a/libWire.a(Wire.cpp.o)
                0x00000000000071c2                TwoWire::flush()
 .text._ZN7TwoWire4peekEv
                0x00000000000071c4       0x1a .pio/build/trellis_synth/liba3a/libWire.a(Wire.cpp.o)
                0x00000000000071c4                TwoWire::peek()
 .text._ZN7TwoWire9availableEv
                0x00000000000071de       0x12 .pio/build/trellis_synth/liba3a/libWire.a(Wire.cpp.o)
                0x00000000000071de                TwoWire::available()
 .text._ZN7TwoWireC2EP6SERCOMhh
                0x00000000000071f0       0x58 .pio/build/trellis_synth/liba3a/libWire.a(Wire.cpp.o)
                0x00000000000071f0                TwoWire::TwoWire(SERCOM*, unsigned char, unsigned char)
                0x00000000000071f0                TwoWire::TwoWire(SERCOM*, unsigned char, unsigned char)
 .text._ZN7TwoWire5beginEv
                0x0000000000007248       0x40 .pio/build/trellis_synth/liba3a/libWire.a(Wire.cpp.o)
                0x0000000000007248                TwoWire::begin()
 .text._ZN7TwoWire8setClockEm
                0x0000000000007288       0x20 .pio/build/trellis_synth/liba3a/libWire.a(Wire.cpp.o)
                0x0000000000007288                TwoWire::setClock(unsigned long)
 .text._ZN7TwoWire17beginTransmissionEh
                0x00000000000072a8       0x14 .pio/build/trellis_synth/liba3a/libWire.a(Wire.cpp.o)
                0x00000000000072a8                TwoWire::beginTransmission(unsigned char)
 .text._ZN11RingBufferNILi256EE10store_charEh
                0x00000000000072bc       0x1c .pio/build/trellis_synth/liba3a/libWire.a(Wire.cpp.o)
                0x00000000000072bc                RingBufferN<256>::store_char(unsigned char)
 .text._ZN7TwoWire11requestFromEhjb
                0x00000000000072d8       0x74 .pio/build/trellis_synth/liba3a/libWire.a(Wire.cpp.o)
                0x00000000000072d8                TwoWire::requestFrom(unsigned char, unsigned int, bool)
 .text._ZN7TwoWire5writeEh
                0x000000000000734c       0x26 .pio/build/trellis_synth/liba3a/libWire.a(Wire.cpp.o)
                0x000000000000734c                TwoWire::write(unsigned char)
 .text._ZN11RingBufferNILi256EE9read_charEv
                0x0000000000007372       0x28 .pio/build/trellis_synth/liba3a/libWire.a(Wire.cpp.o)
                0x0000000000007372                RingBufferN<256>::read_char()
 .text._ZN7TwoWire15endTransmissionEb
                0x000000000000739a       0x6a .pio/build/trellis_synth/liba3a/libWire.a(Wire.cpp.o)
                0x000000000000739a                TwoWire::endTransmission(bool)
 .text._ZN7TwoWire15endTransmissionEv
                0x0000000000007404        0x6 .pio/build/trellis_synth/liba3a/libWire.a(Wire.cpp.o)
                0x0000000000007404                TwoWire::endTransmission()
 .text._ZN7TwoWire4readEv
                0x000000000000740a        0xa .pio/build/trellis_synth/liba3a/libWire.a(Wire.cpp.o)
                0x000000000000740a                TwoWire::read()
 .text._ZN7TwoWire9onServiceEv
                0x0000000000007414      0x10e .pio/build/trellis_synth/liba3a/libWire.a(Wire.cpp.o)
                0x0000000000007414                TwoWire::onService()
 *fill*         0x0000000000007522        0x2 
 .text.SERCOM2_0_Handler
                0x0000000000007524        0xc .pio/build/trellis_synth/liba3a/libWire.a(Wire.cpp.o)
                0x0000000000007524                SERCOM2_0_Handler
 .text.SERCOM2_1_Handler
                0x0000000000007530        0x4 .pio/build/trellis_synth/liba3a/libWire.a(Wire.cpp.o)
                0x0000000000007530                SERCOM2_1_Handler
 .text.SERCOM2_2_Handler
                0x0000000000007534        0x4 .pio/build/trellis_synth/liba3a/libWire.a(Wire.cpp.o)
                0x0000000000007534                SERCOM2_2_Handler
 .text.SERCOM2_3_Handler
                0x0000000000007538        0x4 .pio/build/trellis_synth/liba3a/libWire.a(Wire.cpp.o)
                0x0000000000007538                SERCOM2_3_Handler
 .text.startup._GLOBAL__sub_I__ZN7TwoWireC2EP6SERCOMhh
                0x000000000000753c       0x30 .pio/build/trellis_synth/liba3a/libWire.a(Wire.cpp.o)
 .text._ZN11AudioStream17initialize_memoryEP18audio_block_structj
                0x000000000000756c       0x70 .pio/build/trellis_synth/lib972/libAudio - Adafruit Fork.a(AudioStream.cpp.o)
                0x000000000000756c                AudioStream::initialize_memory(audio_block_struct*, unsigned int)
 .text._ZN11AudioStream8allocateEv
                0x00000000000075dc       0x90 .pio/build/trellis_synth/lib972/libAudio - Adafruit Fork.a(AudioStream.cpp.o)
                0x00000000000075dc                AudioStream::allocate()
 .text._ZN11AudioStream7releaseEP18audio_block_struct
                0x000000000000766c       0x50 .pio/build/trellis_synth/lib972/libAudio - Adafruit Fork.a(AudioStream.cpp.o)
                0x000000000000766c                AudioStream::release(audio_block_struct*)
 .text._ZN11AudioStream8transmitEP18audio_block_structh
                0x00000000000076bc       0x28 .pio/build/trellis_synth/lib972/libAudio - Adafruit Fork.a(AudioStream.cpp.o)
                0x00000000000076bc                AudioStream::transmit(audio_block_struct*, unsigned char)
 .text._ZN11AudioStream15receiveReadOnlyEj
                0x00000000000076e4       0x1a .pio/build/trellis_synth/lib972/libAudio - Adafruit Fork.a(AudioStream.cpp.o)
                0x00000000000076e4                AudioStream::receiveReadOnly(unsigned int)
 .text._ZN11AudioStream15receiveWritableEj
                0x00000000000076fe       0x42 .pio/build/trellis_synth/lib972/libAudio - Adafruit Fork.a(AudioStream.cpp.o)
                0x00000000000076fe                AudioStream::receiveWritable(unsigned int)
 .text._ZN15AudioConnection7connectEv
                0x0000000000007740       0x2c .pio/build/trellis_synth/lib972/libAudio - Adafruit Fork.a(AudioStream.cpp.o)
                0x0000000000007740                AudioConnection::connect()
 .text._ZN11AudioStream12update_setupEv
                0x000000000000776c       0x24 .pio/build/trellis_synth/lib972/libAudio - Adafruit Fork.a(AudioStream.cpp.o)
                0x000000000000776c                AudioStream::update_setup()
 .text._Z12software_isrv
                0x0000000000007790       0x2c .pio/build/trellis_synth/lib972/libAudio - Adafruit Fork.a(AudioStream.cpp.o)
                0x0000000000007790                software_isr()
 .text.EVSYS_4_Handler
                0x00000000000077bc        0x4 .pio/build/trellis_synth/lib972/libAudio - Adafruit Fork.a(AudioStream.cpp.o)
                0x00000000000077bc                EVSYS_4_Handler
 .text._ZN21AudioEffectBitcrusher6updateEv
                0x00000000000077c0       0xc2 .pio/build/trellis_synth/lib972/libAudio - Adafruit Fork.a(effect_bitcrusher.cpp.o)
                0x00000000000077c0                AudioEffectBitcrusher::update()
 .text._ZN19AudioEffectEnvelope6updateEv
                0x0000000000007882      0x156 .pio/build/trellis_synth/lib972/libAudio - Adafruit Fork.a(effect_envelope.cpp.o)
                0x0000000000007882                AudioEffectEnvelope::update()
 .text._ZN19AudioEffectEnvelope6noteOnEv
                0x00000000000079d8       0x46 .pio/build/trellis_synth/lib972/libAudio - Adafruit Fork.a(effect_envelope.cpp.o)
                0x00000000000079d8                AudioEffectEnvelope::noteOn()
 .text._ZN19AudioEffectEnvelope7noteOffEv
                0x0000000000007a1e       0x20 .pio/build/trellis_synth/lib972/libAudio - Adafruit Fork.a(effect_envelope.cpp.o)
                0x0000000000007a1e                AudioEffectEnvelope::noteOff()
 .text._ZN11AudioMixer46updateEv
                0x0000000000007a3e      0x10e .pio/build/trellis_synth/lib972/libAudio - Adafruit Fork.a(mixer.cpp.o)
                0x0000000000007a3e                AudioMixer4::update()
 .text._ZN23AudioOutputAnalogStereo6updateEv
                0x0000000000007b4c       0x80 .pio/build/trellis_synth/lib972/libAudio - Adafruit Fork.a(output_dacs.cpp.o)
                0x0000000000007b4c                AudioOutputAnalogStereo::update()
 .text._ZN23AudioOutputAnalogStereo3isrEP16Adafruit_ZeroDMA
                0x0000000000007bcc       0xe0 .pio/build/trellis_synth/lib972/libAudio - Adafruit Fork.a(output_dacs.cpp.o)
                0x0000000000007bcc                AudioOutputAnalogStereo::isr(Adafruit_ZeroDMA*)
 .text._ZN23AudioOutputAnalogStereo5beginEv
                0x0000000000007cac      0x1f8 .pio/build/trellis_synth/lib972/libAudio - Adafruit Fork.a(output_dacs.cpp.o)
                0x0000000000007cac                AudioOutputAnalogStereo::begin()
 .text._ZN23AudioSynthKarplusStrong6updateEv
                0x0000000000007ea4       0xd0 .pio/build/trellis_synth/lib972/libAudio - Adafruit Fork.a(synth_karplusstrong.cpp.o)
                0x0000000000007ea4                AudioSynthKarplusStrong::update()
 .text._ZN18AudioSynthWaveform6updateEv
                0x0000000000007f74      0x200 .pio/build/trellis_synth/lib972/libAudio - Adafruit Fork.a(synth_waveform.cpp.o)
                0x0000000000007f74                AudioSynthWaveform::update()
 .text._ZN5Print5flushEv
                0x0000000000008174        0x2 .pio/build/trellis_synth/libc22/libAdafruit seesaw Library.a(Adafruit_seesaw.cpp.o)
                0x0000000000008174                Print::flush()
 *fill*         0x0000000000008176        0x2 
 .text._ZN15Adafruit_seesawC2EP7TwoWire
                0x0000000000008178       0x24 .pio/build/trellis_synth/libc22/libAdafruit seesaw Library.a(Adafruit_seesaw.cpp.o)
                0x0000000000008178                Adafruit_seesaw::Adafruit_seesaw(TwoWire*)
                0x0000000000008178                Adafruit_seesaw::Adafruit_seesaw(TwoWire*)
 .text._ZN15Adafruit_seesaw4readEhhPhht
                0x000000000000819c       0x9e .pio/build/trellis_synth/libc22/libAdafruit seesaw Library.a(Adafruit_seesaw.cpp.o)
                0x000000000000819c                Adafruit_seesaw::read(unsigned char, unsigned char, unsigned char*, unsigned char, unsigned short)
 .text._ZN15Adafruit_seesaw15digitalReadBulkEm
                0x000000000000823a       0x1e .pio/build/trellis_synth/libc22/libAdafruit seesaw Library.a(Adafruit_seesaw.cpp.o)
                0x000000000000823a                Adafruit_seesaw::digitalReadBulk(unsigned long)
 .text._ZN15Adafruit_seesaw16digitalReadBulkBEm
                0x0000000000008258       0x20 .pio/build/trellis_synth/libc22/libAdafruit seesaw Library.a(Adafruit_seesaw.cpp.o)
                0x0000000000008258                Adafruit_seesaw::digitalReadBulkB(unsigned long)
 .text._ZN15Adafruit_seesaw11digitalReadEh
                0x0000000000008278       0x26 .pio/build/trellis_synth/libc22/libAdafruit seesaw Library.a(Adafruit_seesaw.cpp.o)
                0x0000000000008278                Adafruit_seesaw::digitalRead(unsigned char)
 .text._ZN15Adafruit_seesaw10analogReadEh
                0x000000000000829e       0x4a .pio/build/trellis_synth/libc22/libAdafruit seesaw Library.a(Adafruit_seesaw.cpp.o)
                0x000000000000829e                Adafruit_seesaw::analogRead(unsigned char)
 .text._ZN15Adafruit_seesaw15getEncoderDeltaEh
                0x00000000000082e8       0x20 .pio/build/trellis_synth/libc22/libAdafruit seesaw Library.a(Adafruit_seesaw.cpp.o)
                0x00000000000082e8                Adafruit_seesaw::getEncoderDelta(unsigned char)
 .text._ZN15Adafruit_seesaw5writeEhhPhh
                0x0000000000008308       0x42 .pio/build/trellis_synth/libc22/libAdafruit seesaw Library.a(Adafruit_seesaw.cpp.o)
                0x0000000000008308                Adafruit_seesaw::write(unsigned char, unsigned char, unsigned char*, unsigned char)
 .text._ZN15Adafruit_seesaw11pinModeBulkEmh
                0x000000000000834a       0x7c .pio/build/trellis_synth/libc22/libAdafruit seesaw Library.a(Adafruit_seesaw.cpp.o)
                0x000000000000834a                Adafruit_seesaw::pinModeBulk(unsigned long, unsigned char)
 .text._ZN15Adafruit_seesaw11pinModeBulkEmmh
                0x00000000000083c6       0x8c .pio/build/trellis_synth/libc22/libAdafruit seesaw Library.a(Adafruit_seesaw.cpp.o)
                0x00000000000083c6                Adafruit_seesaw::pinModeBulk(unsigned long, unsigned long, unsigned char)
 .text._ZN15Adafruit_seesaw7pinModeEhh
                0x0000000000008452       0x28 .pio/build/trellis_synth/libc22/libAdafruit seesaw Library.a(Adafruit_seesaw.cpp.o)
                0x0000000000008452                Adafruit_seesaw::pinMode(unsigned char, unsigned char)
 .text._ZN15Adafruit_seesaw11analogWriteEhth
                0x000000000000847a       0x5a .pio/build/trellis_synth/libc22/libAdafruit seesaw Library.a(Adafruit_seesaw.cpp.o)
                0x000000000000847a                Adafruit_seesaw::analogWrite(unsigned char, unsigned short, unsigned char)
 .text._ZN15Adafruit_seesaw10setPWMFreqEht
                0x00000000000084d4       0x44 .pio/build/trellis_synth/libc22/libAdafruit seesaw Library.a(Adafruit_seesaw.cpp.o)
                0x00000000000084d4                Adafruit_seesaw::setPWMFreq(unsigned char, unsigned short)
 .text._ZN15Adafruit_seesaw6write8Ehhh
                0x0000000000008518       0x18 .pio/build/trellis_synth/libc22/libAdafruit seesaw Library.a(Adafruit_seesaw.cpp.o)
                0x0000000000008518                Adafruit_seesaw::write8(unsigned char, unsigned char, unsigned char)
 .text._ZN15Adafruit_seesaw7SWResetEv
                0x0000000000008530        0xa .pio/build/trellis_synth/libc22/libAdafruit seesaw Library.a(Adafruit_seesaw.cpp.o)
                0x0000000000008530                Adafruit_seesaw::SWReset()
 .text._ZN15Adafruit_seesaw5beginEhab
                0x000000000000853a       0xc2 .pio/build/trellis_synth/libc22/libAdafruit seesaw Library.a(Adafruit_seesaw.cpp.o)
                0x000000000000853a                Adafruit_seesaw::begin(unsigned char, signed char, bool)
 .text._ZN15Adafruit_seesaw5writeEh
                0x00000000000085fc       0x16 .pio/build/trellis_synth/libc22/libAdafruit seesaw Library.a(Adafruit_seesaw.cpp.o)
                0x00000000000085fc                Adafruit_seesaw::write(unsigned char)
 .text._ZN15Adafruit_seesaw5writeEPKc
                0x0000000000008612       0x2e .pio/build/trellis_synth/libc22/libAdafruit seesaw Library.a(Adafruit_seesaw.cpp.o)
                0x0000000000008612                Adafruit_seesaw::write(char const*)
 .text._ZN12Adafruit_GFX9writeLineEsssst
                0x0000000000008640       0xbc .pio/build/trellis_synth/libad1/libAdafruit GFX Library.a(Adafruit_GFX.cpp.o)
                0x0000000000008640                Adafruit_GFX::writeLine(short, short, short, short, unsigned short)
 .text._ZN12Adafruit_GFX10startWriteEv
                0x00000000000086fc        0x2 .pio/build/trellis_synth/libad1/libAdafruit GFX Library.a(Adafruit_GFX.cpp.o)
                0x00000000000086fc                Adafruit_GFX::endWrite()
                0x00000000000086fc                Adafruit_GFX::startWrite()
 .text._ZN12Adafruit_GFX10writePixelEsst
                0x00000000000086fe        0xe .pio/build/trellis_synth/libad1/libAdafruit GFX Library.a(Adafruit_GFX.cpp.o)
                0x00000000000086fe                Adafruit_GFX::writePixel(short, short, unsigned short)
 .text._ZN12Adafruit_GFX14writeFastVLineEssst
                0x000000000000870c       0x12 .pio/build/trellis_synth/libad1/libAdafruit GFX Library.a(Adafruit_GFX.cpp.o)
                0x000000000000870c                Adafruit_GFX::writeFastVLine(short, short, short, unsigned short)
 .text._ZN12Adafruit_GFX14writeFastHLineEssst
                0x000000000000871e       0x12 .pio/build/trellis_synth/libad1/libAdafruit GFX Library.a(Adafruit_GFX.cpp.o)
                0x000000000000871e                Adafruit_GFX::writeFastHLine(short, short, short, unsigned short)
 .text._ZN12Adafruit_GFX13writeFillRectEsssst
                0x0000000000008730       0x18 .pio/build/trellis_synth/libad1/libAdafruit GFX Library.a(Adafruit_GFX.cpp.o)
                0x0000000000008730                Adafruit_GFX::writeFillRect(short, short, short, short, unsigned short)
 .text._ZN12Adafruit_GFX13drawFastVLineEssst
                0x0000000000008748       0x3e .pio/build/trellis_synth/libad1/libAdafruit GFX Library.a(Adafruit_GFX.cpp.o)
                0x0000000000008748                Adafruit_GFX::drawFastVLine(short, short, short, unsigned short)
 .text._ZN12Adafruit_GFX13drawFastHLineEssst
                0x0000000000008786       0x3a .pio/build/trellis_synth/libad1/libAdafruit GFX Library.a(Adafruit_GFX.cpp.o)
                0x0000000000008786                Adafruit_GFX::drawFastHLine(short, short, short, unsigned short)
 .text._ZN12Adafruit_GFX8fillRectEsssst
                0x00000000000087c0       0x46 .pio/build/trellis_synth/libad1/libAdafruit GFX Library.a(Adafruit_GFX.cpp.o)
                0x00000000000087c0                Adafruit_GFX::fillRect(short, short, short, short, unsigned short)
 .text._ZN12Adafruit_GFX10fillScreenEt
                0x0000000000008806       0x1c .pio/build/trellis_synth/libad1/libAdafruit GFX Library.a(Adafruit_GFX.cpp.o)
                0x0000000000008806                Adafruit_GFX::fillScreen(unsigned short)
 .text._ZN12Adafruit_GFX8drawRectEsssst
                0x0000000000008822       0x80 .pio/build/trellis_synth/libad1/libAdafruit GFX Library.a(Adafruit_GFX.cpp.o)
                0x0000000000008822                Adafruit_GFX::drawRect(short, short, short, short, unsigned short)
 .text._ZN12Adafruit_GFX13invertDisplayEb
                0x00000000000088a2        0x2 .pio/build/trellis_synth/libad1/libAdafruit GFX Library.a(Adafruit_GFX.cpp.o)
                0x00000000000088a2                Adafruit_GFX::invertDisplay(bool)
 .text._ZN12Adafruit_GFX8drawLineEsssst
                0x00000000000088a4       0x84 .pio/build/trellis_synth/libad1/libAdafruit GFX Library.a(Adafruit_GFX.cpp.o)
                0x00000000000088a4                Adafruit_GFX::drawLine(short, short, short, short, unsigned short)
 .text._ZN12Adafruit_GFX11setRotationEh
                0x0000000000008928       0x1c .pio/build/trellis_synth/libad1/libAdafruit GFX Library.a(Adafruit_GFX.cpp.o)
                0x0000000000008928                Adafruit_GFX::setRotation(unsigned char)
 .text._ZN12Adafruit_GFXC2Ess
                0x0000000000008944       0x2c .pio/build/trellis_synth/libad1/libAdafruit GFX Library.a(Adafruit_GFX.cpp.o)
                0x0000000000008944                Adafruit_GFX::Adafruit_GFX(short, short)
                0x0000000000008944                Adafruit_GFX::Adafruit_GFX(short, short)
 .text._ZN12Adafruit_GFX10drawBitmapEssPKhsst
                0x0000000000008970       0xa8 .pio/build/trellis_synth/libad1/libAdafruit GFX Library.a(Adafruit_GFX.cpp.o)
                0x0000000000008970                Adafruit_GFX::drawBitmap(short, short, unsigned char const*, short, short, unsigned short)
 .text._ZN12Adafruit_GFX8drawCharEsshtthh
                0x0000000000008a18      0x2dc .pio/build/trellis_synth/libad1/libAdafruit GFX Library.a(Adafruit_GFX.cpp.o)
                0x0000000000008a18                Adafruit_GFX::drawChar(short, short, unsigned char, unsigned short, unsigned short, unsigned char, unsigned char)
 .text._ZN12Adafruit_GFX5writeEh
                0x0000000000008cf4      0x102 .pio/build/trellis_synth/libad1/libAdafruit GFX Library.a(Adafruit_GFX.cpp.o)
                0x0000000000008cf4                Adafruit_GFX::write(unsigned char)
 .text._ZN12Adafruit_GFX11setTextSizeEh
                0x0000000000008df6        0xc .pio/build/trellis_synth/libad1/libAdafruit GFX Library.a(Adafruit_GFX.cpp.o)
                0x0000000000008df6                Adafruit_GFX::setTextSize(unsigned char)
 .text._ZN12Adafruit_GFX7setFontEPK7GFXfont
                0x0000000000008e02       0x1a .pio/build/trellis_synth/libad1/libAdafruit GFX Library.a(Adafruit_GFX.cpp.o)
                0x0000000000008e02                Adafruit_GFX::setFont(GFXfont const*)
 .text._ZN16Adafruit_SSD13069drawPixelEsst
                0x0000000000008e1c       0xc2 .pio/build/trellis_synth/libe0f/libAdafruit SSD1306.a(Adafruit_SSD1306.cpp.o)
                0x0000000000008e1c                Adafruit_SSD1306::drawPixel(short, short, unsigned short)
 *fill*         0x0000000000008ede        0x2 
 .text._ZN16Adafruit_SSD1306C2EhhP7TwoWireamm
                0x0000000000008ee0       0x58 .pio/build/trellis_synth/libe0f/libAdafruit SSD1306.a(Adafruit_SSD1306.cpp.o)
                0x0000000000008ee0                Adafruit_SSD1306::Adafruit_SSD1306(unsigned char, unsigned char, TwoWire*, signed char, unsigned long, unsigned long)
                0x0000000000008ee0                Adafruit_SSD1306::Adafruit_SSD1306(unsigned char, unsigned char, TwoWire*, signed char, unsigned long, unsigned long)
 .text._ZN16Adafruit_SSD1306D2Ev
                0x0000000000008f38       0x10 .pio/build/trellis_synth/libe0f/libAdafruit SSD1306.a(Adafruit_SSD1306.cpp.o)
                0x0000000000008f38                Adafruit_SSD1306::~Adafruit_SSD1306()
                0x0000000000008f38                Adafruit_SSD1306::~Adafruit_SSD1306()
 .text._ZN16Adafruit_SSD130616ssd1306_command1Eh
                0x0000000000008f48       0x7c .pio/build/trellis_synth/libe0f/libAdafruit SSD1306.a(Adafruit_SSD1306.cpp.o)
                0x0000000000008f48                Adafruit_SSD1306::ssd1306_command1(unsigned char)
 .text._ZN16Adafruit_SSD130613invertDisplayEb
                0x0000000000008fc4       0x5e .pio/build/trellis_synth/libe0f/libAdafruit SSD1306.a(Adafruit_SSD1306.cpp.o)
                0x0000000000008fc4                Adafruit_SSD1306::invertDisplay(bool)
 .text._ZN16Adafruit_SSD130619ssd1306_commandListEPKhh
                0x0000000000009022       0xcc .pio/build/trellis_synth/libe0f/libAdafruit SSD1306.a(Adafruit_SSD1306.cpp.o)
                0x0000000000009022                Adafruit_SSD1306::ssd1306_commandList(unsigned char const*, unsigned char)
 .text._ZN16Adafruit_SSD130612clearDisplayEv
                0x00000000000090ee       0x1c .pio/build/trellis_synth/libe0f/libAdafruit SSD1306.a(Adafruit_SSD1306.cpp.o)
                0x00000000000090ee                Adafruit_SSD1306::clearDisplay()
 *fill*         0x000000000000910a        0x2 
 .text._ZN16Adafruit_SSD13065beginEhhbb
                0x000000000000910c      0x314 .pio/build/trellis_synth/libe0f/libAdafruit SSD1306.a(Adafruit_SSD1306.cpp.o)
                0x000000000000910c                Adafruit_SSD1306::begin(unsigned char, unsigned char, bool, bool)
 .text._ZN16Adafruit_SSD130621drawFastHLineInternalEssst
                0x0000000000009420       0x88 .pio/build/trellis_synth/libe0f/libAdafruit SSD1306.a(Adafruit_SSD1306.cpp.o)
                0x0000000000009420                Adafruit_SSD1306::drawFastHLineInternal(short, short, short, unsigned short)
 .text._ZN16Adafruit_SSD130621drawFastVLineInternalEssst
                0x00000000000094a8      0x108 .pio/build/trellis_synth/libe0f/libAdafruit SSD1306.a(Adafruit_SSD1306.cpp.o)
                0x00000000000094a8                Adafruit_SSD1306::drawFastVLineInternal(short, short, short, unsigned short)
 .text._ZN16Adafruit_SSD130613drawFastHLineEssst
                0x00000000000095b0       0x4e .pio/build/trellis_synth/libe0f/libAdafruit SSD1306.a(Adafruit_SSD1306.cpp.o)
                0x00000000000095b0                Adafruit_SSD1306::drawFastHLine(short, short, short, unsigned short)
 .text._ZN16Adafruit_SSD130613drawFastVLineEssst
                0x00000000000095fe       0x4e .pio/build/trellis_synth/libe0f/libAdafruit SSD1306.a(Adafruit_SSD1306.cpp.o)
                0x00000000000095fe                Adafruit_SSD1306::drawFastVLine(short, short, short, unsigned short)
 .text._ZN16Adafruit_SSD13067displayEv
                0x000000000000964c      0x144 .pio/build/trellis_synth/libe0f/libAdafruit SSD1306.a(Adafruit_SSD1306.cpp.o)
                0x000000000000964c                Adafruit_SSD1306::display()
 .text.SERCOM4_0_Handler
                0x0000000000009790        0xc .pio/build/trellis_synth/libFrameworkArduinoVariant.a(variant.cpp.o)
                0x0000000000009790                SERCOM4_0_Handler
 .text.SERCOM4_1_Handler
                0x000000000000979c        0x4 .pio/build/trellis_synth/libFrameworkArduinoVariant.a(variant.cpp.o)
                0x000000000000979c                SERCOM4_1_Handler
 .text.SERCOM4_2_Handler
                0x00000000000097a0        0x4 .pio/build/trellis_synth/libFrameworkArduinoVariant.a(variant.cpp.o)
                0x00000000000097a0                SERCOM4_2_Handler
 .text.SERCOM4_3_Handler
                0x00000000000097a4        0x4 .pio/build/trellis_synth/libFrameworkArduinoVariant.a(variant.cpp.o)
                0x00000000000097a4                SERCOM4_3_Handler
 .text.startup._GLOBAL__sub_I_g_APinDescription
                0x00000000000097a8       0x80 .pio/build/trellis_synth/libFrameworkArduinoVariant.a(variant.cpp.o)
 .text._ZN5Print5writeEPKhj
                0x0000000000009828       0x22 .pio/build/trellis_synth/libFrameworkArduino.a(Print.cpp.o)
                0x0000000000009828                Print::write(unsigned char const*, unsigned int)
 .text._ZN5Print5writeEPKc
                0x000000000000984a       0x24 .pio/build/trellis_synth/libFrameworkArduino.a(Print.cpp.o)
                0x000000000000984a                Print::write(char const*)
 .text._ZN5Print5printEPKc
                0x000000000000986e        0x8 .pio/build/trellis_synth/libFrameworkArduino.a(Print.cpp.o)
                0x000000000000986e                Print::print(char const*)
 .text._ZN5Print5printEc
                0x0000000000009876        0x6 .pio/build/trellis_synth/libFrameworkArduino.a(Print.cpp.o)
                0x0000000000009876                Print::print(char)
 .text._ZN5Print7printlnEv
                0x000000000000987c       0x10 .pio/build/trellis_synth/libFrameworkArduino.a(Print.cpp.o)
                0x000000000000987c                Print::println()
 .text._ZN5Print7printlnEPKc
                0x000000000000988c       0x14 .pio/build/trellis_synth/libFrameworkArduino.a(Print.cpp.o)
                0x000000000000988c                Print::println(char const*)
 .text._ZN5Print6printfEPKcz
                0x00000000000098a0       0x2a .pio/build/trellis_synth/libFrameworkArduino.a(Print.cpp.o)
                0x00000000000098a0                Print::printf(char const*, ...)
 .text._ZN5Print11printNumberEmh
                0x00000000000098ca       0x3c .pio/build/trellis_synth/libFrameworkArduino.a(Print.cpp.o)
                0x00000000000098ca                Print::printNumber(unsigned long, unsigned char)
 .text._ZN5Print5printEli
                0x0000000000009906       0x42 .pio/build/trellis_synth/libFrameworkArduino.a(Print.cpp.o)
                0x0000000000009906                Print::print(long, int)
 .text._ZN5Print5printEii
                0x0000000000009948        0x4 .pio/build/trellis_synth/libFrameworkArduino.a(Print.cpp.o)
                0x0000000000009948                Print::print(int, int)
 .text._ZN5Print10printFloatEdh
                0x000000000000994c      0x170 .pio/build/trellis_synth/libFrameworkArduino.a(Print.cpp.o)
                0x000000000000994c                Print::printFloat(double, unsigned char)
 .text._ZN5Print5printEdi
                0x0000000000009abc        0x6 .pio/build/trellis_synth/libFrameworkArduino.a(Print.cpp.o)
                0x0000000000009abc                Print::print(double, int)
 .text._ZN6SERCOMC2EP6Sercom
                0x0000000000009ac2        0x8 .pio/build/trellis_synth/libFrameworkArduino.a(SERCOM.cpp.o)
                0x0000000000009ac2                SERCOM::SERCOM(Sercom*)
                0x0000000000009ac2                SERCOM::SERCOM(Sercom*)
 .text._ZN6SERCOM9initFrameE18SercomUartCharSize15SercomDataOrder16SercomParityMode19SercomNumberStopBit
                0x0000000000009aca       0x38 .pio/build/trellis_synth/libFrameworkArduino.a(SERCOM.cpp.o)
                0x0000000000009aca                SERCOM::initFrame(SercomUartCharSize, SercomDataOrder, SercomParityMode, SercomNumberStopBit)
 .text._ZN6SERCOM8initPadsE15SercomUartTXPad11SercomRXPad
                0x0000000000009b02       0x24 .pio/build/trellis_synth/libFrameworkArduino.a(SERCOM.cpp.o)
                0x0000000000009b02                SERCOM::initPads(SercomUartTXPad, SercomRXPad)
 .text._ZN6SERCOM9resetUARTEv
                0x0000000000009b26       0x1a .pio/build/trellis_synth/libFrameworkArduino.a(SERCOM.cpp.o)
                0x0000000000009b26                SERCOM::resetUART()
 .text._ZN6SERCOM10enableUARTEv
                0x0000000000009b40       0x14 .pio/build/trellis_synth/libFrameworkArduino.a(SERCOM.cpp.o)
                0x0000000000009b40                SERCOM::enableUART()
 .text._ZN6SERCOM9flushUARTEv
                0x0000000000009b54       0x14 .pio/build/trellis_synth/libFrameworkArduino.a(SERCOM.cpp.o)
                0x0000000000009b54                SERCOM::flushUART()
 .text._ZN6SERCOM15clearStatusUARTEv
                0x0000000000009b68        0x8 .pio/build/trellis_synth/libFrameworkArduino.a(SERCOM.cpp.o)
                0x0000000000009b68                SERCOM::clearStatusUART()
 .text._ZN6SERCOM17availableDataUARTEv
                0x0000000000009b70        0xa .pio/build/trellis_synth/libFrameworkArduino.a(SERCOM.cpp.o)
                0x0000000000009b70                SERCOM::availableDataUART()
 .text._ZN6SERCOM11isUARTErrorEv
                0x0000000000009b7a        0x8 .pio/build/trellis_synth/libFrameworkArduino.a(SERCOM.cpp.o)
                0x0000000000009b7a                SERCOM::isUARTError()
 .text._ZN6SERCOM20acknowledgeUARTErrorEv
                0x0000000000009b82        0xc .pio/build/trellis_synth/libFrameworkArduino.a(SERCOM.cpp.o)
                0x0000000000009b82                SERCOM::acknowledgeUARTError()
 .text._ZN6SERCOM16isFrameErrorUARTEv
                0x0000000000009b8e        0xa .pio/build/trellis_synth/libFrameworkArduino.a(SERCOM.cpp.o)
                0x0000000000009b8e                SERCOM::isFrameErrorUART()
 .text._ZN6SERCOM19clearFrameErrorUARTEv
                0x0000000000009b98        0xc .pio/build/trellis_synth/libFrameworkArduino.a(SERCOM.cpp.o)
                0x0000000000009b98                SERCOM::clearFrameErrorUART()
 .text._ZN6SERCOM23isDataRegisterEmptyUARTEv
                0x0000000000009ba4        0xa .pio/build/trellis_synth/libFrameworkArduino.a(SERCOM.cpp.o)
                0x0000000000009ba4                SERCOM::isDataRegisterEmptyUART()
 .text._ZN6SERCOM12readDataUARTEv
                0x0000000000009bae        0x8 .pio/build/trellis_synth/libFrameworkArduino.a(SERCOM.cpp.o)
                0x0000000000009bae                SERCOM::readDataUART()
 .text._ZN6SERCOM13writeDataUARTEh
                0x0000000000009bb6        0xe .pio/build/trellis_synth/libFrameworkArduino.a(SERCOM.cpp.o)
                0x0000000000009bb6                SERCOM::writeDataUART(unsigned char)
 .text._ZN6SERCOM36enableDataRegisterEmptyInterruptUARTEv
                0x0000000000009bc4        0x8 .pio/build/trellis_synth/libFrameworkArduino.a(SERCOM.cpp.o)
                0x0000000000009bc4                SERCOM::enableDataRegisterEmptyInterruptUART()
 .text._ZN6SERCOM37disableDataRegisterEmptyInterruptUARTEv
                0x0000000000009bcc        0x8 .pio/build/trellis_synth/libFrameworkArduino.a(SERCOM.cpp.o)
                0x0000000000009bcc                SERCOM::disableDataRegisterEmptyInterruptUART()
 .text._ZN6SERCOM8resetSPIEv
                0x0000000000009bd4       0x1a .pio/build/trellis_synth/libFrameworkArduino.a(SERCOM.cpp.o)
                0x0000000000009bd4                SERCOM::resetSPI()
 .text._ZN6SERCOM9enableSPIEv
                0x0000000000009bee       0x14 .pio/build/trellis_synth/libFrameworkArduino.a(SERCOM.cpp.o)
                0x0000000000009bee                SERCOM::enableSPI()
 .text._ZN6SERCOM10disableSPIEv
                0x0000000000009c02       0x16 .pio/build/trellis_synth/libFrameworkArduino.a(SERCOM.cpp.o)
                0x0000000000009c02                SERCOM::disableSPI()
 .text._ZN6SERCOM15transferDataSPIEh
                0x0000000000009c18       0x12 .pio/build/trellis_synth/libFrameworkArduino.a(SERCOM.cpp.o)
                0x0000000000009c18                SERCOM::transferDataSPI(unsigned char)
 .text._ZN6SERCOM28calculateBaudrateSynchronousEm
                0x0000000000009c2a       0x14 .pio/build/trellis_synth/libFrameworkArduino.a(SERCOM.cpp.o)
                0x0000000000009c2a                SERCOM::calculateBaudrateSynchronous(unsigned long)
 .text._ZN6SERCOM12initSPIClockE18SercomSpiClockModem
                0x0000000000009c3e       0x26 .pio/build/trellis_synth/libFrameworkArduino.a(SERCOM.cpp.o)
                0x0000000000009c3e                SERCOM::initSPIClock(SercomSpiClockMode, unsigned long)
 .text._ZN6SERCOM9resetWIREEv
                0x0000000000009c64       0x1a .pio/build/trellis_synth/libFrameworkArduino.a(SERCOM.cpp.o)
                0x0000000000009c64                SERCOM::resetWIRE()
 .text._ZN6SERCOM10enableWIREEv
                0x0000000000009c7e       0x26 .pio/build/trellis_synth/libFrameworkArduino.a(SERCOM.cpp.o)
                0x0000000000009c7e                SERCOM::enableWIRE()
 .text._ZN6SERCOM11disableWIREEv
                0x0000000000009ca4       0x14 .pio/build/trellis_synth/libFrameworkArduino.a(SERCOM.cpp.o)
                0x0000000000009ca4                SERCOM::disableWIRE()
 .text._ZN6SERCOM18prepareNackBitWIREEv
                0x0000000000009cb8        0xe .pio/build/trellis_synth/libFrameworkArduino.a(SERCOM.cpp.o)
                0x0000000000009cb8                SERCOM::prepareNackBitWIRE()
 .text._ZN6SERCOM17prepareAckBitWIREEv
                0x0000000000009cc6        0xe .pio/build/trellis_synth/libFrameworkArduino.a(SERCOM.cpp.o)
                0x0000000000009cc6                SERCOM::prepareAckBitWIRE()
 .text._ZN6SERCOM22prepareCommandBitsWireEh
                0x0000000000009cd4       0x24 .pio/build/trellis_synth/libFrameworkArduino.a(SERCOM.cpp.o)
                0x0000000000009cd4                SERCOM::prepareCommandBitsWire(unsigned char)
 .text._ZN6SERCOM21startTransmissionWIREEh23SercomWireReadWriteFlag
                0x0000000000009cf8       0x7a .pio/build/trellis_synth/libFrameworkArduino.a(SERCOM.cpp.o)
                0x0000000000009cf8                SERCOM::startTransmissionWIRE(unsigned char, SercomWireReadWriteFlag)
 .text._ZN6SERCOM18sendDataMasterWIREEh
                0x0000000000009d72       0x22 .pio/build/trellis_synth/libFrameworkArduino.a(SERCOM.cpp.o)
                0x0000000000009d72                SERCOM::sendDataMasterWIRE(unsigned char)
 .text._ZN6SERCOM17sendDataSlaveWIREEh
                0x0000000000009d94       0x1c .pio/build/trellis_synth/libFrameworkArduino.a(SERCOM.cpp.o)
                0x0000000000009d94                SERCOM::sendDataSlaveWIRE(unsigned char)
 .text._ZN6SERCOM11isSlaveWIREEv
                0x0000000000009db0       0x10 .pio/build/trellis_synth/libFrameworkArduino.a(SERCOM.cpp.o)
                0x0000000000009db0                SERCOM::isSlaveWIRE()
 .text._ZN6SERCOM15isDataReadyWIREEv
                0x0000000000009dc0        0xa .pio/build/trellis_synth/libFrameworkArduino.a(SERCOM.cpp.o)
                0x0000000000009dc0                SERCOM::isDataReadyWIRE()
 .text._ZN6SERCOM18isStopDetectedWIREEv
                0x0000000000009dca        0xa .pio/build/trellis_synth/libFrameworkArduino.a(SERCOM.cpp.o)
                0x0000000000009dca                SERCOM::isStopDetectedWIRE()
 .text._ZN6SERCOM21isRestartDetectedWIREEv
                0x0000000000009dd4        0xa .pio/build/trellis_synth/libFrameworkArduino.a(SERCOM.cpp.o)
                0x0000000000009dd4                SERCOM::isRestartDetectedWIRE()
 .text._ZN6SERCOM14isAddressMatchEv
                0x0000000000009dde        0xa .pio/build/trellis_synth/libFrameworkArduino.a(SERCOM.cpp.o)
                0x0000000000009dde                SERCOM::isAddressMatch()
 .text._ZN6SERCOM25isMasterReadOperationWIREEv
                0x0000000000009de8        0xa .pio/build/trellis_synth/libFrameworkArduino.a(SERCOM.cpp.o)
                0x0000000000009de8                SERCOM::isMasterReadOperationWIRE()
 .text._ZN6SERCOM12readDataWIREEv
                0x0000000000009df2       0x18 .pio/build/trellis_synth/libFrameworkArduino.a(SERCOM.cpp.o)
                0x0000000000009df2                SERCOM::readDataWIRE()
 *fill*         0x0000000000009e0a        0x2 
 .text._ZN6SERCOM14getSercomIndexEv
                0x0000000000009e0c       0x58 .pio/build/trellis_synth/libFrameworkArduino.a(SERCOM.cpp.o)
                0x0000000000009e0c                SERCOM::getSercomIndex()
 .text._ZN6SERCOM14setClockSourceEa17SercomClockSourceb
                0x0000000000009e64       0xb0 .pio/build/trellis_synth/libFrameworkArduino.a(SERCOM.cpp.o)
                0x0000000000009e64                SERCOM::setClockSource(signed char, SercomClockSource, bool)
 .text._ZN6SERCOM13initClockNVICEv
                0x0000000000009f14       0x9c .pio/build/trellis_synth/libFrameworkArduino.a(SERCOM.cpp.o)
                0x0000000000009f14                SERCOM::initClockNVIC()
 .text._ZN6SERCOM8initUARTE14SercomUartMode20SercomUartSampleRatem
                0x0000000000009fb0       0x5c .pio/build/trellis_synth/libFrameworkArduino.a(SERCOM.cpp.o)
                0x0000000000009fb0                SERCOM::initUART(SercomUartMode, SercomUartSampleRate, unsigned long)
 .text._ZN6SERCOM7initSPIE14SercomSpiTXPad11SercomRXPad17SercomSpiCharSize15SercomDataOrder
                0x000000000000a00c       0x46 .pio/build/trellis_synth/libFrameworkArduino.a(SERCOM.cpp.o)
                0x000000000000a00c                SERCOM::initSPI(SercomSpiTXPad, SercomRXPad, SercomSpiCharSize, SercomDataOrder)
 *fill*         0x000000000000a052        0x2 
 .text._ZN6SERCOM14initMasterWIREEm
                0x000000000000a054       0x34 .pio/build/trellis_synth/libFrameworkArduino.a(SERCOM.cpp.o)
                0x000000000000a054                SERCOM::initMasterWIRE(unsigned long)
 .text._ZN7Serial_17availableForWriteEv
                0x000000000000a088        0x4 .pio/build/trellis_synth/libFrameworkArduino.a(CDC.cpp.o)
                0x000000000000a088                Serial_::availableForWrite()
 .text._ZN7Serial_5writeEh
                0x000000000000a08c       0x18 .pio/build/trellis_synth/libFrameworkArduino.a(CDC.cpp.o)
                0x000000000000a08c                Serial_::write(unsigned char)
 .text._ZN7Serial_9availableEv
                0x000000000000a0a4        0x8 .pio/build/trellis_synth/libFrameworkArduino.a(CDC.cpp.o)
                0x000000000000a0a4                Serial_::available()
 .text._ZN7Serial_5flushEv
                0x000000000000a0ac        0x8 .pio/build/trellis_synth/libFrameworkArduino.a(CDC.cpp.o)
                0x000000000000a0ac                Serial_::flush()
 .text._ZN7Serial_5writeEPKhj
                0x000000000000a0b4       0x28 .pio/build/trellis_synth/libFrameworkArduino.a(CDC.cpp.o)
                0x000000000000a0b4                Serial_::write(unsigned char const*, unsigned int)
 .text._ZN7Serial_4peekEv
                0x000000000000a0dc       0x1c .pio/build/trellis_synth/libFrameworkArduino.a(CDC.cpp.o)
                0x000000000000a0dc                Serial_::peek()
 .text._ZN7Serial_4readEv
                0x000000000000a0f8       0x20 .pio/build/trellis_synth/libFrameworkArduino.a(CDC.cpp.o)
                0x000000000000a0f8                Serial_::read()
 .text._Z16CDC_GetInterfacePh
                0x000000000000a118       0x18 .pio/build/trellis_synth/libFrameworkArduino.a(CDC.cpp.o)
                0x000000000000a118                CDC_GetInterface(unsigned char*)
 .text._Z9CDC_SetupR8USBSetup
                0x000000000000a130       0x74 .pio/build/trellis_synth/libFrameworkArduino.a(CDC.cpp.o)
                0x000000000000a130                CDC_Setup(USBSetup&)
 .text._ZN7Serial_5beginEm
                0x000000000000a1a4        0x2 .pio/build/trellis_synth/libFrameworkArduino.a(CDC.cpp.o)
                0x000000000000a1a4                Serial_::begin(unsigned long)
 *fill*         0x000000000000a1a6        0x2 
 .text.startup._GLOBAL__sub_I__Z17_CDC_GetInterfacev
                0x000000000000a1a8       0x24 .pio/build/trellis_synth/libFrameworkArduino.a(CDC.cpp.o)
 .text._ZN26DoubleBufferedEPOutHandler4initEv
                0x000000000000a1cc        0x2 .pio/build/trellis_synth/libFrameworkArduino.a(USBCore.cpp.o)
                0x000000000000a1cc                DoubleBufferedEPOutHandler::init()
 .text._ZL5utox8mPc
                0x000000000000a1ce       0x22 .pio/build/trellis_synth/libFrameworkArduino.a(USBCore.cpp.o)
 .text._ZN26DoubleBufferedEPOutHandlerD2Ev
                0x000000000000a1f0       0x14 .pio/build/trellis_synth/libFrameworkArduino.a(USBCore.cpp.o)
                0x000000000000a1f0                DoubleBufferedEPOutHandler::~DoubleBufferedEPOutHandler()
                0x000000000000a1f0                DoubleBufferedEPOutHandler::~DoubleBufferedEPOutHandler()
 .text._ZN26DoubleBufferedEPOutHandlerD0Ev
                0x000000000000a204       0x12 .pio/build/trellis_synth/libFrameworkArduino.a(USBCore.cpp.o)
                0x000000000000a204                DoubleBufferedEPOutHandler::~DoubleBufferedEPOutHandler()
 *fill*         0x000000000000a216        0x2 
 .text._ZN14USBDeviceClass6initEPEmm.part.0
                0x000000000000a218       0xc8 .pio/build/trellis_synth/libFrameworkArduino.a(USBCore.cpp.o)
 .text._ZN7__GuardC2Ev
                0x000000000000a2e0        0xe .pio/build/trellis_synth/libFrameworkArduino.a(USBCore.cpp.o)
                0x000000000000a2e0                __Guard::__Guard()
                0x000000000000a2e0                __Guard::__Guard()
 .text._ZN7__GuardD2Ev
                0x000000000000a2ee        0xc .pio/build/trellis_synth/libFrameworkArduino.a(USBCore.cpp.o)
                0x000000000000a2ee                __Guard::~__Guard()
                0x000000000000a2ee                __Guard::~__Guard()
 .text._ZNK26DoubleBufferedEPOutHandler9availableEv
                0x000000000000a2fa       0x5a .pio/build/trellis_synth/libFrameworkArduino.a(USBCore.cpp.o)
                0x000000000000a2fa                DoubleBufferedEPOutHandler::available() const
 .text._ZN26DoubleBufferedEPOutHandler7releaseEv
                0x000000000000a354       0x46 .pio/build/trellis_synth/libFrameworkArduino.a(USBCore.cpp.o)
                0x000000000000a354                DoubleBufferedEPOutHandler::release()
 .text._ZN26DoubleBufferedEPOutHandler4recvEPvm
                0x000000000000a39a      0x110 .pio/build/trellis_synth/libFrameworkArduino.a(USBCore.cpp.o)
                0x000000000000a39a                DoubleBufferedEPOutHandler::recv(void*, unsigned long)
 .text._ZN26DoubleBufferedEPOutHandler14handleEndpointEv
                0x000000000000a4aa       0xb4 .pio/build/trellis_synth/libFrameworkArduino.a(USBCore.cpp.o)
                0x000000000000a4aa                DoubleBufferedEPOutHandler::handleEndpoint()
 .text._ZN14USBDeviceClass14SendInterfacesEPm
                0x000000000000a55e       0x32 .pio/build/trellis_synth/libFrameworkArduino.a(USBCore.cpp.o)
                0x000000000000a55e                USBDeviceClass::SendInterfaces(unsigned long*)
 .text._ZN14USBDeviceClass14handleEndpointEh
                0x000000000000a590       0x3c .pio/build/trellis_synth/libFrameworkArduino.a(USBCore.cpp.o)
                0x000000000000a590                USBDeviceClass::handleEndpoint(unsigned char)
 .text._ZN14USBDeviceClass4initEv
                0x000000000000a5cc       0xf0 .pio/build/trellis_synth/libFrameworkArduino.a(USBCore.cpp.o)
                0x000000000000a5cc                USBDeviceClass::init()
 .text._ZN14USBDeviceClass6attachEv
                0x000000000000a6bc       0x30 .pio/build/trellis_synth/libFrameworkArduino.a(USBCore.cpp.o)
                0x000000000000a6bc                USBDeviceClass::attach()
 .text._ZN14USBDeviceClass10setAddressEm
                0x000000000000a6ec       0x40 .pio/build/trellis_synth/libFrameworkArduino.a(USBCore.cpp.o)
                0x000000000000a6ec                USBDeviceClass::setAddress(unsigned long)
 .text._ZN14USBDeviceClass25handleClassInterfaceSetupER8USBSetup
                0x000000000000a72c       0x44 .pio/build/trellis_synth/libFrameworkArduino.a(USBCore.cpp.o)
                0x000000000000a72c                USBDeviceClass::handleClassInterfaceSetup(USBSetup&)
 .text._ZN14USBDeviceClass6initEPEmm
                0x000000000000a770       0xdc .pio/build/trellis_synth/libFrameworkArduino.a(USBCore.cpp.o)
                0x000000000000a770                USBDeviceClass::initEP(unsigned long, unsigned long)
 .text._ZN14USBDeviceClass13initEndpointsEv
                0x000000000000a84c       0x20 .pio/build/trellis_synth/libFrameworkArduino.a(USBCore.cpp.o)
                0x000000000000a84c                USBDeviceClass::initEndpoints()
 .text._ZN14USBDeviceClass9availableEm
                0x000000000000a86c       0x28 .pio/build/trellis_synth/libFrameworkArduino.a(USBCore.cpp.o)
                0x000000000000a86c                USBDeviceClass::available(unsigned long)
 .text._ZN14USBDeviceClass5flushEm
                0x000000000000a894       0x28 .pio/build/trellis_synth/libFrameworkArduino.a(USBCore.cpp.o)
                0x000000000000a894                USBDeviceClass::flush(unsigned long)
 .text._ZN14USBDeviceClass14armRecvCtrlOUTEm
                0x000000000000a8bc       0x58 .pio/build/trellis_synth/libFrameworkArduino.a(USBCore.cpp.o)
                0x000000000000a8bc                USBDeviceClass::armRecvCtrlOUT(unsigned long)
 .text._ZN14USBDeviceClass11recvControlEPvm
                0x000000000000a914       0x40 .pio/build/trellis_synth/libFrameworkArduino.a(USBCore.cpp.o)
                0x000000000000a914                USBDeviceClass::recvControl(void*, unsigned long)
 .text._ZN14USBDeviceClass7armRecvEm
                0x000000000000a954       0x38 .pio/build/trellis_synth/libFrameworkArduino.a(USBCore.cpp.o)
                0x000000000000a954                USBDeviceClass::armRecv(unsigned long)
 .text._ZN14USBDeviceClass4recvEmPvm
                0x000000000000a98c       0xc0 .pio/build/trellis_synth/libFrameworkArduino.a(USBCore.cpp.o)
                0x000000000000a98c                USBDeviceClass::recv(unsigned long, void*, unsigned long)
 .text._ZN14USBDeviceClass4recvEm
                0x000000000000aa4c       0x1e .pio/build/trellis_synth/libFrameworkArduino.a(USBCore.cpp.o)
                0x000000000000aa4c                USBDeviceClass::recv(unsigned long)
 *fill*         0x000000000000aa6a        0x2 
 .text._ZN14USBDeviceClass4sendEmPKvm
                0x000000000000aa6c       0xf4 .pio/build/trellis_synth/libFrameworkArduino.a(USBCore.cpp.o)
                0x000000000000aa6c                USBDeviceClass::send(unsigned long, void const*, unsigned long)
 .text._ZN14USBDeviceClass7armSendEmPKvm
                0x000000000000ab60       0x40 .pio/build/trellis_synth/libFrameworkArduino.a(USBCore.cpp.o)
                0x000000000000ab60                USBDeviceClass::armSend(unsigned long, void const*, unsigned long)
 .text._ZN14USBDeviceClass11sendControlEPKvm
                0x000000000000aba0       0x58 .pio/build/trellis_synth/libFrameworkArduino.a(USBCore.cpp.o)
                0x000000000000aba0                USBDeviceClass::sendControl(void const*, unsigned long)
 .text._ZN14USBDeviceClass20sendStringDescriptorEPKhm
                0x000000000000abf8       0x68 .pio/build/trellis_synth/libFrameworkArduino.a(USBCore.cpp.o)
                0x000000000000abf8                USBDeviceClass::sendStringDescriptor(unsigned char const*, unsigned long)
 .text._ZN14USBDeviceClass17sendConfigurationEm
                0x000000000000ac60       0x98 .pio/build/trellis_synth/libFrameworkArduino.a(USBCore.cpp.o)
                0x000000000000ac60                USBDeviceClass::sendConfiguration(unsigned long)
 .text._ZN14USBDeviceClass14sendDescriptorER8USBSetup
                0x000000000000acf8       0xe8 .pio/build/trellis_synth/libFrameworkArduino.a(USBCore.cpp.o)
                0x000000000000acf8                USBDeviceClass::sendDescriptor(USBSetup&)
 .text._ZN14USBDeviceClass19handleStandardSetupER8USBSetup
                0x000000000000ade0      0x114 .pio/build/trellis_synth/libFrameworkArduino.a(USBCore.cpp.o)
                0x000000000000ade0                USBDeviceClass::handleStandardSetup(USBSetup&)
 .text._ZN14USBDeviceClass10ISRHandlerEv
                0x000000000000aef4      0x118 .pio/build/trellis_synth/libFrameworkArduino.a(USBCore.cpp.o)
                0x000000000000aef4                USBDeviceClass::ISRHandler()
 .text.UDD_Handler
                0x000000000000b00c        0xc .pio/build/trellis_synth/libFrameworkArduino.a(USBCore.cpp.o)
                0x000000000000b00c                UDD_Handler
 .text.startup._GLOBAL__sub_I_usbd
                0x000000000000b018       0x10 .pio/build/trellis_synth/libFrameworkArduino.a(USBCore.cpp.o)
 .text._ZN4UartcvbEv
                0x000000000000b028        0x4 .pio/build/trellis_synth/libFrameworkArduino.a(Uart.cpp.o)
                0x000000000000b028                Uart::operator bool()
 .text._ZN4Uart5beginEm
                0x000000000000b02c        0xa .pio/build/trellis_synth/libFrameworkArduino.a(Uart.cpp.o)
                0x000000000000b02c                Uart::begin(unsigned long)
 .text._ZN4Uart4peekEv
                0x000000000000b036       0x1a .pio/build/trellis_synth/libFrameworkArduino.a(Uart.cpp.o)
                0x000000000000b036                Uart::peek()
 .text._ZN4Uart3endEv
                0x000000000000b050       0x1e .pio/build/trellis_synth/libFrameworkArduino.a(Uart.cpp.o)
                0x000000000000b050                Uart::end()
 .text._ZN4Uart15extractCharSizeEt
                0x000000000000b06e       0x24 .pio/build/trellis_synth/libFrameworkArduino.a(Uart.cpp.o)
                0x000000000000b06e                Uart::extractCharSize(unsigned short)
 .text._ZN4Uart13extractParityEt
                0x000000000000b092       0x16 .pio/build/trellis_synth/libFrameworkArduino.a(Uart.cpp.o)
                0x000000000000b092                Uart::extractParity(unsigned short)
 .text._ZN4Uart5beginEmt
                0x000000000000b0a8       0xe0 .pio/build/trellis_synth/libFrameworkArduino.a(Uart.cpp.o)
                0x000000000000b0a8                Uart::begin(unsigned long, unsigned short)
 .text._ZN11RingBufferNILi350EEC2Ev
                0x000000000000b188       0x1c .pio/build/trellis_synth/libFrameworkArduino.a(Uart.cpp.o)
                0x000000000000b188                RingBufferN<350>::RingBufferN()
                0x000000000000b188                RingBufferN<350>::RingBufferN()
 .text._ZN4UartC2EP6SERCOMhh11SercomRXPad15SercomUartTXPad
                0x000000000000b1a4       0x54 .pio/build/trellis_synth/libFrameworkArduino.a(Uart.cpp.o)
                0x000000000000b1a4                Uart::Uart(SERCOM*, unsigned char, unsigned char, SercomRXPad, SercomUartTXPad)
                0x000000000000b1a4                Uart::Uart(SERCOM*, unsigned char, unsigned char, SercomRXPad, SercomUartTXPad)
 .text._ZN11RingBufferNILi350EE9availableEv
                0x000000000000b1f8       0x12 .pio/build/trellis_synth/libFrameworkArduino.a(Uart.cpp.o)
                0x000000000000b1f8                RingBufferN<350>::available()
 .text._ZN4Uart5flushEv
                0x000000000000b20a       0x1c .pio/build/trellis_synth/libFrameworkArduino.a(Uart.cpp.o)
                0x000000000000b20a                Uart::flush()
 .text._ZN4Uart9availableEv
                0x000000000000b226        0xa .pio/build/trellis_synth/libFrameworkArduino.a(Uart.cpp.o)
                0x000000000000b226                Uart::available()
 .text._ZN11RingBufferNILi350EE17availableForStoreEv
                0x000000000000b230       0x2c .pio/build/trellis_synth/libFrameworkArduino.a(Uart.cpp.o)
                0x000000000000b230                RingBufferN<350>::availableForStore()
 .text._ZN4Uart17availableForWriteEv
                0x000000000000b25c        0xc .pio/build/trellis_synth/libFrameworkArduino.a(Uart.cpp.o)
                0x000000000000b25c                Uart::availableForWrite()
 .text._ZN4Uart10IrqHandlerEv
                0x000000000000b268       0xd8 .pio/build/trellis_synth/libFrameworkArduino.a(Uart.cpp.o)
                0x000000000000b268                Uart::IrqHandler()
 .text._ZN4Uart5writeEh
                0x000000000000b340       0xc0 .pio/build/trellis_synth/libFrameworkArduino.a(Uart.cpp.o)
                0x000000000000b340                Uart::write(unsigned char)
 .text._ZN4Uart4readEv
                0x000000000000b400       0x52 .pio/build/trellis_synth/libFrameworkArduino.a(Uart.cpp.o)
                0x000000000000b400                Uart::read()
 .text._Z6randoml
                0x000000000000b452       0x16 .pio/build/trellis_synth/libFrameworkArduino.a(WMath.cpp.o)
                0x000000000000b452                random(long)
 .text._Z6randomll
                0x000000000000b468       0x14 .pio/build/trellis_synth/libFrameworkArduino.a(WMath.cpp.o)
                0x000000000000b468                random(long, long)
 .text._Z3maplllll
                0x000000000000b47c       0x14 .pio/build/trellis_synth/libFrameworkArduino.a(WMath.cpp.o)
                0x000000000000b47c                map(long, long, long, long, long)
 .text.__cxa_pure_virtual
                0x000000000000b490        0x2 .pio/build/trellis_synth/libFrameworkArduino.a(abi.cpp.o)
                0x000000000000b490                __cxa_pure_virtual
 .text.Dummy_Handler
                0x000000000000b492        0x2 .pio/build/trellis_synth/libFrameworkArduino.a(cortex_handlers.c.o)
                0x000000000000b492                ICM_Handler
                0x000000000000b492                SERCOM0_2_Handler
                0x000000000000b492                DebugMon_Handler
                0x000000000000b492                EIC_13_Handler
                0x000000000000b492                EVSYS_0_Handler
                0x000000000000b492                TCC1_3_Handler
                0x000000000000b492                DAC_3_Handler
                0x000000000000b492                TRNG_Handler
                0x000000000000b492                HardFault_Handler
                0x000000000000b492                PDEC_2_Handler
                0x000000000000b492                EIC_4_Handler
                0x000000000000b492                AC_Handler
                0x000000000000b492                SERCOM3_1_Handler
                0x000000000000b492                TCC2_3_Handler
                0x000000000000b492                SERCOM3_2_Handler
                0x000000000000b492                PendSV_Handler
                0x000000000000b492                NMI_Handler
                0x000000000000b492                TC7_Handler
                0x000000000000b492                ADC1_1_Handler
                0x000000000000b492                EVSYS_3_Handler
                0x000000000000b492                PDEC_0_Handler
                0x000000000000b492                QSPI_Handler
                0x000000000000b492                TCC0_0_Handler
                0x000000000000b492                EIC_3_Handler
                0x000000000000b492                TAL_0_Handler
                0x000000000000b492                DAC_2_Handler
                0x000000000000b492                SERCOM0_0_Handler
                0x000000000000b492                RTC_Handler
                0x000000000000b492                UsageFault_Handler
                0x000000000000b492                EIC_10_Handler
                0x000000000000b492                SERCOM0_3_Handler
                0x000000000000b492                EIC_11_Handler
                0x000000000000b492                EIC_9_Handler
                0x000000000000b492                OSC32KCTRL_Handler
                0x000000000000b492                TCC2_1_Handler
                0x000000000000b492                SUPC_1_Handler
                0x000000000000b492                TCC0_5_Handler
                0x000000000000b492                TCC0_6_Handler
                0x000000000000b492                SERCOM6_2_Handler
                0x000000000000b492                EVSYS_1_Handler
                0x000000000000b492                TCC1_4_Handler
                0x000000000000b492                TC6_Handler
                0x000000000000b492                WDT_Handler
                0x000000000000b492                CAN0_Handler
                0x000000000000b492                EIC_8_Handler
                0x000000000000b492                EIC_15_Handler
                0x000000000000b492                SERCOM6_0_Handler
                0x000000000000b492                SERCOM5_0_Handler
                0x000000000000b492                TC4_Handler
                0x000000000000b492                TC1_Handler
                0x000000000000b492                OSCCTRL_4_Handler
                0x000000000000b492                EIC_12_Handler
                0x000000000000b492                TCC4_2_Handler
                0x000000000000b492                PAC_Handler
                0x000000000000b492                TCC1_0_Handler
                0x000000000000b492                OSCCTRL_0_Handler
                0x000000000000b492                EIC_0_Handler
                0x000000000000b492                OSCCTRL_3_Handler
                0x000000000000b492                TC3_Handler
                0x000000000000b492                Dummy_Handler
                0x000000000000b492                TCC3_0_Handler
                0x000000000000b492                TCC2_2_Handler